Archive member included to satisfy reference by file (symbol)

c:/program files (x86)/gnu arm embedded toolchain/10 2021.10/bin/../lib/gcc/arm-none-eabi/10.3.1/../../../../arm-none-eabi/lib/thumb/v7e-m+dp/hard\libc_nano.a(lib_a-exit.o)
                              c:/program files (x86)/gnu arm embedded toolchain/10 2021.10/bin/../lib/gcc/arm-none-eabi/10.3.1/../../../../arm-none-eabi/lib/thumb/v7e-m+dp/hard/crt0.o (exit)
c:/program files (x86)/gnu arm embedded toolchain/10 2021.10/bin/../lib/gcc/arm-none-eabi/10.3.1/../../../../arm-none-eabi/lib/thumb/v7e-m+dp/hard\libc_nano.a(lib_a-impure.o)
                              c:/program files (x86)/gnu arm embedded toolchain/10 2021.10/bin/../lib/gcc/arm-none-eabi/10.3.1/../../../../arm-none-eabi/lib/thumb/v7e-m+dp/hard\libc_nano.a(lib_a-exit.o) (_global_impure_ptr)
c:/program files (x86)/gnu arm embedded toolchain/10 2021.10/bin/../lib/gcc/arm-none-eabi/10.3.1/../../../../arm-none-eabi/lib/thumb/v7e-m+dp/hard\libc_nano.a(lib_a-init.o)
                              c:/program files (x86)/gnu arm embedded toolchain/10 2021.10/bin/../lib/gcc/arm-none-eabi/10.3.1/../../../../arm-none-eabi/lib/thumb/v7e-m+dp/hard/crt0.o (__libc_init_array)
c:/program files (x86)/gnu arm embedded toolchain/10 2021.10/bin/../lib/gcc/arm-none-eabi/10.3.1/../../../../arm-none-eabi/lib/thumb/v7e-m+dp/hard\libc_nano.a(lib_a-memcpy-stub.o)
                              build/sensor.o (memcpy)
c:/program files (x86)/gnu arm embedded toolchain/10 2021.10/bin/../lib/gcc/arm-none-eabi/10.3.1/../../../../arm-none-eabi/lib/thumb/v7e-m+dp/hard\libc_nano.a(lib_a-memset.o)
                              c:/program files (x86)/gnu arm embedded toolchain/10 2021.10/bin/../lib/gcc/arm-none-eabi/10.3.1/../../../../arm-none-eabi/lib/thumb/v7e-m+dp/hard/crt0.o (memset)
c:/program files (x86)/gnu arm embedded toolchain/10 2021.10/bin/../lib/gcc/arm-none-eabi/10.3.1/../../../../arm-none-eabi/lib/thumb/v7e-m+dp/hard\libm.a(lib_a-sf_pow.o)
                              build/baro.o (powf)
c:/program files (x86)/gnu arm embedded toolchain/10 2021.10/bin/../lib/gcc/arm-none-eabi/10.3.1/../../../../arm-none-eabi/lib/thumb/v7e-m+dp/hard\libm.a(lib_a-sf_pow_log2_data.o)
                              c:/program files (x86)/gnu arm embedded toolchain/10 2021.10/bin/../lib/gcc/arm-none-eabi/10.3.1/../../../../arm-none-eabi/lib/thumb/v7e-m+dp/hard\libm.a(lib_a-sf_pow.o) (__powf_log2_data)
c:/program files (x86)/gnu arm embedded toolchain/10 2021.10/bin/../lib/gcc/arm-none-eabi/10.3.1/../../../../arm-none-eabi/lib/thumb/v7e-m+dp/hard\libm.a(lib_a-math_errf.o)
                              c:/program files (x86)/gnu arm embedded toolchain/10 2021.10/bin/../lib/gcc/arm-none-eabi/10.3.1/../../../../arm-none-eabi/lib/thumb/v7e-m+dp/hard\libm.a(lib_a-sf_pow.o) (__math_uflowf)
c:/program files (x86)/gnu arm embedded toolchain/10 2021.10/bin/../lib/gcc/arm-none-eabi/10.3.1/../../../../arm-none-eabi/lib/thumb/v7e-m+dp/hard\libm.a(lib_a-sf_exp2_data.o)
                              c:/program files (x86)/gnu arm embedded toolchain/10 2021.10/bin/../lib/gcc/arm-none-eabi/10.3.1/../../../../arm-none-eabi/lib/thumb/v7e-m+dp/hard\libm.a(lib_a-sf_pow.o) (__exp2f_data)
c:/program files (x86)/gnu arm embedded toolchain/10 2021.10/bin/../lib/gcc/arm-none-eabi/10.3.1/../../../../arm-none-eabi/lib/thumb/v7e-m+dp/hard\libnosys.a(_exit.o)
                              c:/program files (x86)/gnu arm embedded toolchain/10 2021.10/bin/../lib/gcc/arm-none-eabi/10.3.1/../../../../arm-none-eabi/lib/thumb/v7e-m+dp/hard\libc_nano.a(lib_a-exit.o) (_exit)
c:/program files (x86)/gnu arm embedded toolchain/10 2021.10/bin/../lib/gcc/arm-none-eabi/10.3.1/thumb/v7e-m+dp/hard\libgcc.a(_aeabi_uldivmod.o)
                              build/stm32h7xx_hal_uart.o (__aeabi_uldivmod)
c:/program files (x86)/gnu arm embedded toolchain/10 2021.10/bin/../lib/gcc/arm-none-eabi/10.3.1/thumb/v7e-m+dp/hard\libgcc.a(_udivmoddi4.o)
                              c:/program files (x86)/gnu arm embedded toolchain/10 2021.10/bin/../lib/gcc/arm-none-eabi/10.3.1/thumb/v7e-m+dp/hard\libgcc.a(_aeabi_uldivmod.o) (__udivmoddi4)
c:/program files (x86)/gnu arm embedded toolchain/10 2021.10/bin/../lib/gcc/arm-none-eabi/10.3.1/thumb/v7e-m+dp/hard\libgcc.a(_dvmd_tls.o)
                              c:/program files (x86)/gnu arm embedded toolchain/10 2021.10/bin/../lib/gcc/arm-none-eabi/10.3.1/thumb/v7e-m+dp/hard\libgcc.a(_aeabi_uldivmod.o) (__aeabi_ldiv0)
c:/program files (x86)/gnu arm embedded toolchain/10 2021.10/bin/../lib/gcc/arm-none-eabi/10.3.1/../../../../arm-none-eabi/lib/thumb/v7e-m+dp/hard\libc_nano.a(lib_a-errno.o)
                              c:/program files (x86)/gnu arm embedded toolchain/10 2021.10/bin/../lib/gcc/arm-none-eabi/10.3.1/../../../../arm-none-eabi/lib/thumb/v7e-m+dp/hard\libm.a(lib_a-math_errf.o) (__errno)

Discarded input sections

[...]
Memory Configuration

Name             Origin             Length             Attributes
DTCMRAM          0x20000000         0x00020000         xrw
RAM_D1           0x24000000         0x00080000         xrw
RAM_D2           0x30000000         0x00048000         xrw
RAM_D3           0x38000000         0x00010000         xrw
ITCMRAM          0x00000000         0x00010000         xrw
FLASH            0x08000000         0x00020000         xr
*default*        0x00000000         0xffffffff

Linker script and memory map

LOAD c:/program files (x86)/gnu arm embedded toolchain/10 2021.10/bin/../lib/gcc/arm-none-eabi/10.3.1/thumb/v7e-m+dp/hard/crti.o
LOAD c:/program files (x86)/gnu arm embedded toolchain/10 2021.10/bin/../lib/gcc/arm-none-eabi/10.3.1/thumb/v7e-m+dp/hard/crtbegin.o
LOAD c:/program files (x86)/gnu arm embedded toolchain/10 2021.10/bin/../lib/gcc/arm-none-eabi/10.3.1/../../../../arm-none-eabi/lib/thumb/v7e-m+dp/hard/crt0.o
LOAD build/main.o
LOAD build/init.o
LOAD build/baro.o
LOAD build/buzzer.o
LOAD build/commands.o
LOAD build/flash.o
LOAD build/ignition.o
LOAD build/imu.o
LOAD build/led.o
LOAD build/sensor.o
LOAD build/usb.o
LOAD build/gps.o
LOAD build/stm32h7xx_it.o
LOAD build/stm32h7xx_hal_msp.o
LOAD build/system_stm32h7xx.o
LOAD build/stm32h7xx_hal_cortex.o
LOAD build/stm32h7xx_hal_rcc.o
LOAD build/stm32h7xx_hal_rcc_ex.o
LOAD build/stm32h7xx_hal_flash.o
LOAD build/stm32h7xx_hal_flash_ex.o
LOAD build/stm32h7xx_hal_gpio.o
LOAD build/stm32h7xx_hal_hsem.o
LOAD build/stm32h7xx_hal_dma.o
LOAD build/stm32h7xx_hal_dma_ex.o
LOAD build/stm32h7xx_hal_mdma.o
LOAD build/stm32h7xx_hal_pwr.o
LOAD build/stm32h7xx_hal_pwr_ex.o
LOAD build/stm32h7xx_hal.o
LOAD build/stm32h7xx_hal_i2c.o
LOAD build/stm32h7xx_hal_i2c_ex.o
LOAD build/stm32h7xx_hal_exti.o
LOAD build/stm32h7xx_hal_tim.o
LOAD build/stm32h7xx_hal_tim_ex.o
LOAD build/stm32h7xx_hal_uart.o
LOAD build/stm32h7xx_hal_uart_ex.o
LOAD build/stm32h7xx_hal_spi.o
LOAD build/stm32h7xx_hal_spi_ex.o
LOAD build/fatfs.o
LOAD build/bsp_driver_sd.o
LOAD build/sd_diskio.o
LOAD build/fatfs_platform.o
LOAD build/stm32h7xx_ll_sdmmc.o
LOAD build/stm32h7xx_ll_delayblock.o
LOAD build/stm32h7xx_hal_sd.o
LOAD build/stm32h7xx_hal_sd_ex.o
LOAD build/diskio.o
LOAD build/ff.o
LOAD build/ff_gen_drv.o
LOAD build/syscall.o
LOAD build/startup_stm32h750xx.o
LOAD c:/program files (x86)/gnu arm embedded toolchain/10 2021.10/bin/../lib/gcc/arm-none-eabi/10.3.1/../../../../arm-none-eabi/lib/thumb/v7e-m+dp/hard\libc_nano.a
LOAD c:/program files (x86)/gnu arm embedded toolchain/10 2021.10/bin/../lib/gcc/arm-none-eabi/10.3.1/../../../../arm-none-eabi/lib/thumb/v7e-m+dp/hard\libm.a
LOAD c:/program files (x86)/gnu arm embedded toolchain/10 2021.10/bin/../lib/gcc/arm-none-eabi/10.3.1/../../../../arm-none-eabi/lib/thumb/v7e-m+dp/hard\libnosys.a
START GROUP
LOAD c:/program files (x86)/gnu arm embedded toolchain/10 2021.10/bin/../lib/gcc/arm-none-eabi/10.3.1/thumb/v7e-m+dp/hard\libgcc.a
LOAD c:/program files (x86)/gnu arm embedded toolchain/10 2021.10/bin/../lib/gcc/arm-none-eabi/10.3.1/../../../../arm-none-eabi/lib/thumb/v7e-m+dp/hard\libc_nano.a
END GROUP
START GROUP
LOAD c:/program files (x86)/gnu arm embedded toolchain/10 2021.10/bin/../lib/gcc/arm-none-eabi/10.3.1/thumb/v7e-m+dp/hard\libgcc.a
LOAD c:/program files (x86)/gnu arm embedded toolchain/10 2021.10/bin/../lib/gcc/arm-none-eabi/10.3.1/../../../../arm-none-eabi/lib/thumb/v7e-m+dp/hard\libc_nano.a
END GROUP
LOAD c:/program files (x86)/gnu arm embedded toolchain/10 2021.10/bin/../lib/gcc/arm-none-eabi/10.3.1/thumb/v7e-m+dp/hard/crtend.o
LOAD c:/program files (x86)/gnu arm embedded toolchain/10 2021.10/bin/../lib/gcc/arm-none-eabi/10.3.1/thumb/v7e-m+dp/hard/crtn.o
                0x20020000                _estack = 0x20020000
                0x00000200                _Min_Heap_Size = 0x200
                0x00000400                _Min_Stack_Size = 0x400

.isr_vector     0x08000000      0x298
                0x08000000                . = ALIGN (0x4)
 *(.isr_vector)
 .isr_vector    0x08000000      0x298 build/startup_stm32h750xx.o
                0x08000000                g_pfnVectors
                0x08000298                . = ALIGN (0x4)

.text           0x08000298     0x733c
                0x08000298                . = ALIGN (0x4)
 *(.text)
 .text          0x08000298       0x40 c:/program files (x86)/gnu arm embedded toolchain/10 2021.10/bin/../lib/gcc/arm-none-eabi/10.3.1/thumb/v7e-m+dp/hard/crtbegin.o
 .text          0x080002d8       0x30 c:/program files (x86)/gnu arm embedded toolchain/10 2021.10/bin/../lib/gcc/arm-none-eabi/10.3.1/thumb/v7e-m+dp/hard\libgcc.a(_aeabi_uldivmod.o)
                0x080002d8                __aeabi_uldivmod
 .text          0x08000308      0x2d0 c:/program files (x86)/gnu arm embedded toolchain/10 2021.10/bin/../lib/gcc/arm-none-eabi/10.3.1/thumb/v7e-m+dp/hard\libgcc.a(_udivmoddi4.o)
                0x08000308                __udivmoddi4
 .text          0x080005d8        0x4 c:/program files (x86)/gnu arm embedded toolchain/10 2021.10/bin/../lib/gcc/arm-none-eabi/10.3.1/thumb/v7e-m+dp/hard\libgcc.a(_dvmd_tls.o)
                0x080005d8                __aeabi_idiv0
                0x080005d8                __aeabi_ldiv0
 *(.text*)
 .text.Error_Handler
                0x080005dc        0xc build/main.o
                0x080005dc                Error_Handler
 .text.main     0x080005e8      0x238 build/main.o
                0x080005e8                main
 .text.SystemClock_Config
                0x08000820       0xc4 build/init.o
                0x08000820                SystemClock_Config
 .text.PeriphCommonClock_Config
                0x080008e4       0x46 build/init.o
                0x080008e4                PeriphCommonClock_Config
 *fill*         0x0800092a        0x2 
 .text.IMU_GPS_I2C_Init
                0x0800092c       0x60 build/init.o
                0x0800092c                IMU_GPS_I2C_Init
 .text.Baro_I2C_Init
                0x0800098c       0x60 build/init.o
                0x0800098c                Baro_I2C_Init
 .text.SD_SDMMC_Init
                0x080009ec       0x24 build/init.o
                0x080009ec                SD_SDMMC_Init
 .text.FLASH_SPI_Init
                0x08000a10       0x58 build/init.o
                0x08000a10                FLASH_SPI_Init
 .text.USB_UART_Init
                0x08000a68       0x68 build/init.o
                0x08000a68                USB_UART_Init
 .text.MX_UART4_Init
                0x08000ad0       0x68 build/init.o
                0x08000ad0                MX_UART4_Init
 .text.BUZZER_TIM_Init
                0x08000b38       0xb4 build/init.o
                0x08000b38                BUZZER_TIM_Init
 .text.GPIO_Init
                0x08000bec      0x1f8 build/init.o
                0x08000bec                GPIO_Init
 .text.bytes_to_uint16_t
                0x08000de4        0x6 build/baro.o
 .text.bytes_to_int16_t
                0x08000dea        0x8 build/baro.o
 *fill*         0x08000df2        0x2 
 .text.write_reg
                0x08000df4       0x30 build/baro.o
 .text.baro_reset
                0x08000e24        0xc build/baro.o
 .text.baro_flush_fifo
                0x08000e30        0xc build/baro.o
 .text.read_regs
                0x08000e3c       0x28 build/baro.o
 .text.load_cal_data
                0x08000e64      0x244 build/baro.o
 .text.press_compensate
                0x080010a8       0xe4 build/baro.o
 .text.temp_compensate
                0x0800118c       0x44 build/baro.o
 .text.baro_config
                0x080011d0       0x6c build/baro.o
                0x080011d0                baro_config
 .text.baro_get_device_id
                0x0800123c        0xe build/baro.o
                0x0800123c                baro_get_device_id
 .text.baro_get_temp
                0x0800124a       0x44 build/baro.o
                0x0800124a                baro_get_temp
 .text.baro_init
                0x0800128e       0x86 build/baro.o
                0x0800128e                baro_init
 .text.baro_get_pressure
                0x08001314       0x50 build/baro.o
                0x08001314                baro_get_pressure
 .text.ping     0x08001364       0x1c build/commands.o
                0x08001364                ping
 .text.address_to_bytes
                0x08001380        0xc build/flash.o
 .text.write_disable
                0x0800138c       0x48 build/flash.o
 .text.write_enable
                0x080013d4       0x48 build/flash.o
 .text.flash_get_status
                0x0800141c       0x6c build/flash.o
                0x0800141c                flash_get_status
 .text.flash_set_status
                0x08001488       0xb0 build/flash.o
                0x08001488                flash_set_status
 .text.flash_is_flash_busy
                0x08001538       0x2c build/flash.o
                0x08001538                flash_is_flash_busy
 .text.flash_write_enable
                0x08001564        0xc build/flash.o
                0x08001564                flash_write_enable
 .text.flash_write_disable
                0x08001570        0xc build/flash.o
                0x08001570                flash_write_disable
 .text.flash_init
                0x0800157c       0x62 build/flash.o
                0x0800157c                flash_init
 *fill*         0x080015de        0x2 
 .text.flash_write_byte
                0x080015e0       0xa4 build/flash.o
                0x080015e0                flash_write_byte
 .text.flash_write
                0x08001684      0x190 build/flash.o
                0x08001684                flash_write
 .text.flash_read
                0x08001814       0xb8 build/flash.o
                0x08001814                flash_read
 .text.flash_erase
                0x080018cc       0x60 build/flash.o
                0x080018cc                flash_erase
 .text.flash_cmd_execute
                0x0800192c      0x148 build/flash.o
                0x0800192c                flash_cmd_execute
 .text.ign_main_cont
                0x08001a74       0x14 build/ignition.o
                0x08001a74                ign_main_cont
 .text.ign_drogue_cont
                0x08001a88       0x18 build/ignition.o
                0x08001a88                ign_drogue_cont
 .text.ign_switch_cont
                0x08001aa0       0x14 build/ignition.o
                0x08001aa0                ign_switch_cont
 .text.ign_get_cont_info
                0x08001ab4       0x26 build/ignition.o
                0x08001ab4                ign_get_cont_info
 *fill*         0x08001ada        0x2 
 .text.ign_deploy_main
                0x08001adc       0x44 build/ignition.o
                0x08001adc                ign_deploy_main
 .text.ign_deploy_drogue
                0x08001b20       0x48 build/ignition.o
                0x08001b20                ign_deploy_drogue
 .text.ign_cmd_execute
                0x08001b68       0x24 build/ignition.o
                0x08001b68                ign_cmd_execute
 .text.write_imu_regs
                0x08001b8c       0x2c build/imu.o
 .text.write_imu_reg
                0x08001bb8       0x30 build/imu.o
 .text.write_mag_reg
                0x08001be8       0x30 build/imu.o
 .text.read_imu_regs
                0x08001c18       0x2c build/imu.o
 .text.read_mag_regs
                0x08001c44       0x28 build/imu.o
 .text.mag_init
                0x08001c6c       0x70 build/imu.o
 .text.imu_get_accel_xyz
                0x08001cdc       0x40 build/imu.o
                0x08001cdc                imu_get_accel_xyz
 .text.imu_get_gyro_xyz
                0x08001d1c       0x40 build/imu.o
                0x08001d1c                imu_get_gyro_xyz
 .text.imu_get_mag_xyz
                0x08001d5c       0x32 build/imu.o
                0x08001d5c                imu_get_mag_xyz
 .text.imu_get_device_id
                0x08001d8e       0x18 build/imu.o
                0x08001d8e                imu_get_device_id
 *fill*         0x08001da6        0x2 
 .text.imu_init
                0x08001da8      0x120 build/imu.o
                0x08001da8                imu_init
 .text.led_reset
                0x08001ec8       0x14 build/led.o
                0x08001ec8                led_reset
 .text.led_set_color
                0x08001edc       0x80 build/led.o
                0x08001edc                led_set_color
 .text.sensor_map
                0x08001f5c       0x20 build/sensor.o
 .text.extract_sensor_bytes
                0x08001f7c       0x62 build/sensor.o
 *fill*         0x08001fde        0x2 
 .text.sensor_init
                0x08001fe0       0x60 build/sensor.o
                0x08001fe0                sensor_init
 .text.sensor_dump
                0x08002040       0x58 build/sensor.o
                0x08002040                sensor_dump
 .text.sensor_poll
                0x08002098      0x180 build/sensor.o
                0x08002098                sensor_poll
 .text.sensor_cmd_execute
                0x08002218      0x14e build/sensor.o
                0x08002218                sensor_cmd_execute
 *fill*         0x08002366        0x2 
 .text.usb_transmit
                0x08002368       0x14 build/usb.o
                0x08002368                usb_transmit
 .text.usb_receive
                0x0800237c       0x24 build/usb.o
                0x0800237c                usb_receive
 .text.usb_detect
                0x080023a0       0x18 build/usb.o
                0x080023a0                usb_detect
 .text.GPS_Transmit
                0x080023b8       0x20 build/gps.o
                0x080023b8                GPS_Transmit
 .text.GPS_Receive
                0x080023d8       0x20 build/gps.o
                0x080023d8                GPS_Receive
 .text.GPS_Load_Config
                0x080023f8       0x60 build/gps.o
                0x080023f8                GPS_Load_Config
 .text.GPS_Get_ID
                0x08002458       0x24 build/gps.o
                0x08002458                GPS_Get_ID
 .text.NMI_Handler
                0x0800247c        0x2 build/stm32h7xx_it.o
                0x0800247c                NMI_Handler
 .text.HardFault_Handler
                0x0800247e        0x2 build/stm32h7xx_it.o
                0x0800247e                HardFault_Handler
 .text.MemManage_Handler
                0x08002480        0x2 build/stm32h7xx_it.o
                0x08002480                MemManage_Handler
 .text.BusFault_Handler
                0x08002482        0x2 build/stm32h7xx_it.o
                0x08002482                BusFault_Handler
 .text.UsageFault_Handler
                0x08002484        0x2 build/stm32h7xx_it.o
                0x08002484                UsageFault_Handler
 .text.SVC_Handler
                0x08002486        0x2 build/stm32h7xx_it.o
                0x08002486                SVC_Handler
 .text.DebugMon_Handler
                0x08002488        0x2 build/stm32h7xx_it.o
                0x08002488                DebugMon_Handler
 .text.PendSV_Handler
                0x0800248a        0x2 build/stm32h7xx_it.o
                0x0800248a                PendSV_Handler
 .text.SysTick_Handler
                0x0800248c        0x8 build/stm32h7xx_it.o
                0x0800248c                SysTick_Handler
 .text.HAL_MspInit
                0x08002494       0x24 build/stm32h7xx_hal_msp.o
                0x08002494                HAL_MspInit
 .text.HAL_I2C_MspInit
                0x080024b8      0x100 build/stm32h7xx_hal_msp.o
                0x080024b8                HAL_I2C_MspInit
 .text.HAL_SPI_MspInit
                0x080025b8       0xac build/stm32h7xx_hal_msp.o
                0x080025b8                HAL_SPI_MspInit
 .text.HAL_TIM_Base_MspInit
                0x08002664       0x34 build/stm32h7xx_hal_msp.o
                0x08002664                HAL_TIM_Base_MspInit
 .text.HAL_TIM_MspPostInit
                0x08002698       0x5c build/stm32h7xx_hal_msp.o
                0x08002698                HAL_TIM_MspPostInit
 .text.HAL_UART_MspInit
                0x080026f4      0x100 build/stm32h7xx_hal_msp.o
                0x080026f4                HAL_UART_MspInit
 .text.SystemInit
                0x080027f4       0xcc build/system_stm32h7xx.o
                0x080027f4                SystemInit
 .text.HAL_NVIC_SetPriorityGrouping
                0x080028c0       0x24 build/stm32h7xx_hal_cortex.o
                0x080028c0                HAL_NVIC_SetPriorityGrouping
 .text.HAL_NVIC_SetPriority
                0x080028e4       0x6c build/stm32h7xx_hal_cortex.o
                0x080028e4                HAL_NVIC_SetPriority
 .text.HAL_SYSTICK_Config
                0x08002950       0x28 build/stm32h7xx_hal_cortex.o
                0x08002950                HAL_SYSTICK_Config
 .text.HAL_RCC_OscConfig
                0x08002978      0x674 build/stm32h7xx_hal_rcc.o
                0x08002978                HAL_RCC_OscConfig
 .text.HAL_RCC_GetSysClockFreq
                0x08002fec      0x1f4 build/stm32h7xx_hal_rcc.o
                0x08002fec                HAL_RCC_GetSysClockFreq
 .text.HAL_RCC_ClockConfig
                0x080031e0      0x294 build/stm32h7xx_hal_rcc.o
                0x080031e0                HAL_RCC_ClockConfig
 .text.HAL_RCC_GetHCLKFreq
                0x08003474       0x44 build/stm32h7xx_hal_rcc.o
                0x08003474                HAL_RCC_GetHCLKFreq
 .text.HAL_RCC_GetPCLK1Freq
                0x080034b8       0x24 build/stm32h7xx_hal_rcc.o
                0x080034b8                HAL_RCC_GetPCLK1Freq
 .text.HAL_RCC_GetPCLK2Freq
                0x080034dc       0x24 build/stm32h7xx_hal_rcc.o
                0x080034dc                HAL_RCC_GetPCLK2Freq
 .text.RCCEx_PLL2_Config
                0x08003500      0x10c build/stm32h7xx_hal_rcc_ex.o
 .text.RCCEx_PLL3_Config
                0x0800360c      0x10c build/stm32h7xx_hal_rcc_ex.o
 .text.HAL_RCCEx_PeriphCLKConfig
                0x08003718      0x9c4 build/stm32h7xx_hal_rcc_ex.o
                0x08003718                HAL_RCCEx_PeriphCLKConfig
 .text.HAL_RCCEx_GetD3PCLK1Freq
                0x080040dc       0x24 build/stm32h7xx_hal_rcc_ex.o
                0x080040dc                HAL_RCCEx_GetD3PCLK1Freq
 .text.HAL_RCCEx_GetPLL2ClockFreq
                0x08004100      0x1f8 build/stm32h7xx_hal_rcc_ex.o
                0x08004100                HAL_RCCEx_GetPLL2ClockFreq
 .text.HAL_RCCEx_GetPLL3ClockFreq
                0x080042f8      0x1f8 build/stm32h7xx_hal_rcc_ex.o
                0x080042f8                HAL_RCCEx_GetPLL3ClockFreq
 .text.HAL_GPIO_Init
                0x080044f0      0x220 build/stm32h7xx_hal_gpio.o
                0x080044f0                HAL_GPIO_Init
 .text.HAL_GPIO_ReadPin
                0x08004710        0xe build/stm32h7xx_hal_gpio.o
                0x08004710                HAL_GPIO_ReadPin
 .text.HAL_GPIO_WritePin
                0x0800471e        0xc build/stm32h7xx_hal_gpio.o
                0x0800471e                HAL_GPIO_WritePin
 *fill*         0x0800472a        0x2 
 .text.HAL_PWREx_ConfigSupply
                0x0800472c       0x54 build/stm32h7xx_hal_pwr_ex.o
                0x0800472c                HAL_PWREx_ConfigSupply
 .text.HAL_InitTick
                0x08004780       0x50 build/stm32h7xx_hal.o
                0x08004780                HAL_InitTick
 .text.HAL_Init
                0x080047d0       0x5c build/stm32h7xx_hal.o
                0x080047d0                HAL_Init
 .text.HAL_IncTick
                0x0800482c       0x18 build/stm32h7xx_hal.o
                0x0800482c                HAL_IncTick
 .text.HAL_GetTick
                0x08004844        0xc build/stm32h7xx_hal.o
                0x08004844                HAL_GetTick
 .text.HAL_Delay
                0x08004850       0x28 build/stm32h7xx_hal.o
                0x08004850                HAL_Delay
 .text.HAL_GetREVID
                0x08004878        0xc build/stm32h7xx_hal.o
                0x08004878                HAL_GetREVID
 .text.I2C_Flush_TXDR
                0x08004884       0x22 build/stm32h7xx_hal_i2c.o
 .text.I2C_TransferConfig
                0x080048a6       0x3c build/stm32h7xx_hal_i2c.o
 .text.I2C_IsErrorOccurred
                0x080048e2      0x130 build/stm32h7xx_hal_i2c.o
 .text.I2C_WaitOnTXISFlagUntilTimeout
                0x08004a12       0x56 build/stm32h7xx_hal_i2c.o
 .text.I2C_WaitOnFlagUntilTimeout
                0x08004a68       0x5a build/stm32h7xx_hal_i2c.o
 *fill*         0x08004ac2        0x2 
 .text.I2C_RequestMemoryWrite
                0x08004ac4       0x7c build/stm32h7xx_hal_i2c.o
 .text.I2C_RequestMemoryRead
                0x08004b40       0x78 build/stm32h7xx_hal_i2c.o
 .text.I2C_WaitOnSTOPFlagUntilTimeout
                0x08004bb8       0x50 build/stm32h7xx_hal_i2c.o
 .text.HAL_I2C_Init
                0x08004c08       0xbc build/stm32h7xx_hal_i2c.o
                0x08004c08                HAL_I2C_Init
 .text.HAL_I2C_Mem_Write
                0x08004cc4      0x1aa build/stm32h7xx_hal_i2c.o
                0x08004cc4                HAL_I2C_Mem_Write
 *fill*         0x08004e6e        0x2 
 .text.HAL_I2C_Mem_Read
                0x08004e70      0x1b0 build/stm32h7xx_hal_i2c.o
                0x08004e70                HAL_I2C_Mem_Read
 .text.HAL_I2CEx_ConfigAnalogFilter
                0x08005020       0x5c build/stm32h7xx_hal_i2c_ex.o
                0x08005020                HAL_I2CEx_ConfigAnalogFilter
 .text.HAL_I2CEx_ConfigDigitalFilter
                0x0800507c       0x58 build/stm32h7xx_hal_i2c_ex.o
                0x0800507c                HAL_I2CEx_ConfigDigitalFilter
 .text.TIM_OC1_SetConfig
                0x080050d4       0xa8 build/stm32h7xx_hal_tim.o
 .text.TIM_OC3_SetConfig
                0x0800517c       0x94 build/stm32h7xx_hal_tim.o
 .text.TIM_OC4_SetConfig
                0x08005210       0x74 build/stm32h7xx_hal_tim.o
 .text.TIM_OC5_SetConfig
                0x08005284       0x74 build/stm32h7xx_hal_tim.o
 .text.TIM_OC6_SetConfig
                0x080052f8       0x74 build/stm32h7xx_hal_tim.o
 .text.TIM_TI1_ConfigInputStage
                0x0800536c       0x26 build/stm32h7xx_hal_tim.o
 .text.TIM_TI2_ConfigInputStage
                0x08005392       0x28 build/stm32h7xx_hal_tim.o
 *fill*         0x080053ba        0x2 
 .text.TIM_ITRx_SetConfig
                0x080053bc       0x14 build/stm32h7xx_hal_tim.o
 .text.HAL_TIM_PWM_MspInit
                0x080053d0        0x2 build/stm32h7xx_hal_tim.o
                0x080053d0                HAL_TIM_PWM_MspInit
 *fill*         0x080053d2        0x2 
 .text.TIM_Base_SetConfig
                0x080053d4      0x104 build/stm32h7xx_hal_tim.o
                0x080053d4                TIM_Base_SetConfig
 .text.HAL_TIM_Base_Init
                0x080054d8       0x60 build/stm32h7xx_hal_tim.o
                0x080054d8                HAL_TIM_Base_Init
 .text.HAL_TIM_PWM_Init
                0x08005538       0x60 build/stm32h7xx_hal_tim.o
                0x08005538                HAL_TIM_PWM_Init
 .text.TIM_OC2_SetConfig
                0x08005598       0x94 build/stm32h7xx_hal_tim.o
                0x08005598                TIM_OC2_SetConfig
 .text.HAL_TIM_PWM_ConfigChannel
                0x0800562c      0x13a build/stm32h7xx_hal_tim.o
                0x0800562c                HAL_TIM_PWM_ConfigChannel
 .text.TIM_ETR_SetConfig
                0x08005766       0x1a build/stm32h7xx_hal_tim.o
                0x08005766                TIM_ETR_SetConfig
 .text.HAL_TIM_ConfigClockSource
                0x08005780      0x138 build/stm32h7xx_hal_tim.o
                0x08005780                HAL_TIM_ConfigClockSource
 .text.HAL_TIMEx_MasterConfigSynchronization
                0x080058b8       0xa0 build/stm32h7xx_hal_tim_ex.o
                0x080058b8                HAL_TIMEx_MasterConfigSynchronization
 .text.UART_SetConfig
                0x08005958      0x5f4 build/stm32h7xx_hal_uart.o
                0x08005958                UART_SetConfig
 .text.UART_AdvFeatureConfig
                0x08005f4c       0xca build/stm32h7xx_hal_uart.o
                0x08005f4c                UART_AdvFeatureConfig
 .text.UART_WaitOnFlagUntilTimeout
                0x08006016       0xdc build/stm32h7xx_hal_uart.o
                0x08006016                UART_WaitOnFlagUntilTimeout
 .text.HAL_UART_Transmit
                0x080060f2       0xda build/stm32h7xx_hal_uart.o
                0x080060f2                HAL_UART_Transmit
 .text.HAL_UART_Receive
                0x080061cc      0x128 build/stm32h7xx_hal_uart.o
                0x080061cc                HAL_UART_Receive
 .text.UART_CheckIdleState
                0x080062f4       0x74 build/stm32h7xx_hal_uart.o
                0x080062f4                UART_CheckIdleState
 .text.HAL_UART_Init
                0x08006368       0x66 build/stm32h7xx_hal_uart.o
                0x08006368                HAL_UART_Init
 *fill*         0x080063ce        0x2 
 .text.UARTEx_SetNbDataToProcess
                0x080063d0       0x4c build/stm32h7xx_hal_uart_ex.o
 .text.HAL_UARTEx_DisableFifoMode
                0x0800641c       0x3e build/stm32h7xx_hal_uart_ex.o
                0x0800641c                HAL_UARTEx_DisableFifoMode
 .text.HAL_UARTEx_SetTxFifoThreshold
                0x0800645a       0x4a build/stm32h7xx_hal_uart_ex.o
                0x0800645a                HAL_UARTEx_SetTxFifoThreshold
 .text.HAL_UARTEx_SetRxFifoThreshold
                0x080064a4       0x4a build/stm32h7xx_hal_uart_ex.o
                0x080064a4                HAL_UARTEx_SetRxFifoThreshold
 *fill*         0x080064ee        0x2 
 .text.SPI_CloseTransfer
                0x080064f0       0xd0 build/stm32h7xx_hal_spi.o
 .text.SPI_GetPacketSize
                0x080065c0       0x10 build/stm32h7xx_hal_spi.o
 .text.SPI_WaitOnFlagUntilTimeout
                0x080065d0       0x48 build/stm32h7xx_hal_spi.o
 .text.HAL_SPI_Init
                0x08006618      0x168 build/stm32h7xx_hal_spi.o
                0x08006618                HAL_SPI_Init
 .text.HAL_SPI_Transmit
                0x08006780      0x2c4 build/stm32h7xx_hal_spi.o
                0x08006780                HAL_SPI_Transmit
 .text.HAL_SPI_TransmitReceive
                0x08006a44      0x420 build/stm32h7xx_hal_spi.o
                0x08006a44                HAL_SPI_TransmitReceive
 .text.HAL_SPI_Receive
                0x08006e64      0x2b8 build/stm32h7xx_hal_spi.o
                0x08006e64                HAL_SPI_Receive
 .text.Reset_Handler
                0x0800711c       0x50 build/startup_stm32h750xx.o
                0x0800711c                Reset_Handler
 .text.Default_Handler
                0x0800716c        0x2 build/startup_stm32h750xx.o
                0x0800716c                RTC_Alarm_IRQHandler
                0x0800716c                HASH_RNG_IRQHandler
                0x0800716c                EXTI2_IRQHandler
                0x0800716c                TIM8_CC_IRQHandler
                0x0800716c                HRTIM1_Master_IRQHandler
                0x0800716c                UART8_IRQHandler
                0x0800716c                SPI4_IRQHandler
                0x0800716c                TIM1_CC_IRQHandler
                0x0800716c                BDMA_Channel6_IRQHandler
                0x0800716c                DMA2_Stream5_IRQHandler
                0x0800716c                HRTIM1_FLT_IRQHandler
                0x0800716c                JPEG_IRQHandler
                0x0800716c                DMA1_Stream5_IRQHandler
                0x0800716c                BDMA_Channel1_IRQHandler
                0x0800716c                HRTIM1_TIMD_IRQHandler
                0x0800716c                TAMP_STAMP_IRQHandler
                0x0800716c                EXTI3_IRQHandler
                0x0800716c                LPTIM4_IRQHandler
                0x0800716c                TIM8_TRG_COM_TIM14_IRQHandler
                0x0800716c                LPTIM2_IRQHandler
                0x0800716c                DFSDM1_FLT1_IRQHandler
                0x0800716c                DMAMUX2_OVR_IRQHandler
                0x0800716c                TIM8_UP_TIM13_IRQHandler
                0x0800716c                I2C3_ER_IRQHandler
                0x0800716c                DFSDM1_FLT2_IRQHandler
                0x0800716c                MDMA_IRQHandler
                0x0800716c                LPTIM3_IRQHandler
                0x0800716c                HSEM1_IRQHandler
                0x0800716c                EXTI0_IRQHandler
                0x0800716c                I2C2_EV_IRQHandler
                0x0800716c                DMA1_Stream2_IRQHandler
                0x0800716c                FPU_IRQHandler
                0x0800716c                OTG_HS_WKUP_IRQHandler
                0x0800716c                FDCAN1_IT1_IRQHandler
                0x0800716c                LTDC_ER_IRQHandler
                0x0800716c                DMA2_Stream2_IRQHandler
                0x0800716c                HRTIM1_TIME_IRQHandler
                0x0800716c                SPI1_IRQHandler
                0x0800716c                TIM6_DAC_IRQHandler
                0x0800716c                DCMI_IRQHandler
                0x0800716c                HRTIM1_TIMC_IRQHandler
                0x0800716c                DMA2_Stream3_IRQHandler
                0x0800716c                SAI2_IRQHandler
                0x0800716c                DFSDM1_FLT3_IRQHandler
                0x0800716c                USART6_IRQHandler
                0x0800716c                TIM17_IRQHandler
                0x0800716c                USART3_IRQHandler
                0x0800716c                BDMA_Channel7_IRQHandler
                0x0800716c                CRYP_IRQHandler
                0x0800716c                LPTIM5_IRQHandler
                0x0800716c                UART5_IRQHandler
                0x0800716c                ADC3_IRQHandler
                0x0800716c                DMA2_Stream0_IRQHandler
                0x0800716c                TIM4_IRQHandler
                0x0800716c                BDMA_Channel2_IRQHandler
                0x0800716c                QUADSPI_IRQHandler
                0x0800716c                I2C1_EV_IRQHandler
                0x0800716c                DMA1_Stream6_IRQHandler
                0x0800716c                DMAMUX1_OVR_IRQHandler
                0x0800716c                DMA1_Stream1_IRQHandler
                0x0800716c                TIM16_IRQHandler
                0x0800716c                UART4_IRQHandler
                0x0800716c                BDMA_Channel5_IRQHandler
                0x0800716c                TIM3_IRQHandler
                0x0800716c                RCC_IRQHandler
                0x0800716c                TIM8_BRK_TIM12_IRQHandler
                0x0800716c                TIM1_TRG_COM_IRQHandler
                0x0800716c                Default_Handler
                0x0800716c                ECC_IRQHandler
                0x0800716c                CEC_IRQHandler
                0x0800716c                EXTI15_10_IRQHandler
                0x0800716c                BDMA_Channel0_IRQHandler
                0x0800716c                ADC_IRQHandler
                0x0800716c                DMA1_Stream7_IRQHandler
                0x0800716c                HRTIM1_TIMA_IRQHandler
                0x0800716c                SPI5_IRQHandler
                0x0800716c                TIM7_IRQHandler
                0x0800716c                SDMMC1_IRQHandler
                0x0800716c                TIM5_IRQHandler
                0x0800716c                DMA2_Stream7_IRQHandler
                0x0800716c                TIM15_IRQHandler
                0x0800716c                PVD_AVD_IRQHandler
                0x0800716c                I2C3_EV_IRQHandler
                0x0800716c                EXTI9_5_IRQHandler
                0x0800716c                RTC_WKUP_IRQHandler
                0x0800716c                LTDC_IRQHandler
                0x0800716c                SAI3_IRQHandler
                0x0800716c                ETH_WKUP_IRQHandler
                0x0800716c                SPDIF_RX_IRQHandler
                0x0800716c                SPI2_IRQHandler
                0x0800716c                OTG_HS_EP1_IN_IRQHandler
                0x0800716c                DMA1_Stream0_IRQHandler
                0x0800716c                CRS_IRQHandler
                0x0800716c                EXTI4_IRQHandler
                0x0800716c                HRTIM1_TIMB_IRQHandler
                0x0800716c                FDCAN2_IT1_IRQHandler
                0x0800716c                ETH_IRQHandler
                0x0800716c                TIM1_UP_IRQHandler
                0x0800716c                BDMA_Channel4_IRQHandler
                0x0800716c                OTG_HS_EP1_OUT_IRQHandler
                0x0800716c                WWDG_IRQHandler
                0x0800716c                SPI6_IRQHandler
                0x0800716c                MDIOS_IRQHandler
                0x0800716c                I2C4_EV_IRQHandler
                0x0800716c                FDCAN2_IT0_IRQHandler
                0x0800716c                LPUART1_IRQHandler
                0x0800716c                FDCAN1_IT0_IRQHandler
                0x0800716c                TIM2_IRQHandler
                0x0800716c                OTG_FS_WKUP_IRQHandler
                0x0800716c                OTG_HS_IRQHandler
                0x0800716c                DMA2D_IRQHandler
                0x0800716c                TIM1_BRK_IRQHandler
                0x0800716c                EXTI1_IRQHandler
                0x0800716c                SDMMC2_IRQHandler
                0x0800716c                OTG_FS_EP1_OUT_IRQHandler
                0x0800716c                BDMA_Channel3_IRQHandler
                0x0800716c                UART7_IRQHandler
                0x0800716c                MDIOS_WKUP_IRQHandler
                0x0800716c                USART2_IRQHandler
                0x0800716c                DFSDM1_FLT0_IRQHandler
                0x0800716c                SAI4_IRQHandler
                0x0800716c                I2C2_ER_IRQHandler
                0x0800716c                DMA2_Stream1_IRQHandler
                0x0800716c                FLASH_IRQHandler
                0x0800716c                DMA2_Stream4_IRQHandler
                0x0800716c                USART1_IRQHandler
                0x0800716c                OTG_FS_IRQHandler
                0x0800716c                SPI3_IRQHandler
                0x0800716c                WAKEUP_PIN_IRQHandler
                0x0800716c                DMA1_Stream4_IRQHandler
                0x0800716c                OTG_FS_EP1_IN_IRQHandler
                0x0800716c                I2C1_ER_IRQHandler
                0x0800716c                FMC_IRQHandler
                0x0800716c                FDCAN_CAL_IRQHandler
                0x0800716c                SWPMI1_IRQHandler
                0x0800716c                COMP1_IRQHandler
                0x0800716c                LPTIM1_IRQHandler
                0x0800716c                I2C4_ER_IRQHandler
                0x0800716c                DMA2_Stream6_IRQHandler
                0x0800716c                SAI1_IRQHandler
                0x0800716c                DMA1_Stream3_IRQHandler
 *fill*         0x0800716e        0x2 
 .text.__libc_init_array
                0x08007170       0x48 c:/program files (x86)/gnu arm embedded toolchain/10 2021.10/bin/../lib/gcc/arm-none-eabi/10.3.1/../../../../arm-none-eabi/lib/thumb/v7e-m+dp/hard\libc_nano.a(lib_a-init.o)
                0x08007170                __libc_init_array
 .text.memcpy   0x080071b8       0x1c c:/program files (x86)/gnu arm embedded toolchain/10 2021.10/bin/../lib/gcc/arm-none-eabi/10.3.1/../../../../arm-none-eabi/lib/thumb/v7e-m+dp/hard\libc_nano.a(lib_a-memcpy-stub.o)
                0x080071b8                memcpy
 .text.memset   0x080071d4       0x10 c:/program files (x86)/gnu arm embedded toolchain/10 2021.10/bin/../lib/gcc/arm-none-eabi/10.3.1/../../../../arm-none-eabi/lib/thumb/v7e-m+dp/hard\libc_nano.a(lib_a-memset.o)
                0x080071d4                memset
 *fill*         0x080071e4        0x4 
 .text.powf     0x080071e8      0x328 c:/program files (x86)/gnu arm embedded toolchain/10 2021.10/bin/../lib/gcc/arm-none-eabi/10.3.1/../../../../arm-none-eabi/lib/thumb/v7e-m+dp/hard\libm.a(lib_a-sf_pow.o)
                0x080071e8                powf
 .text.with_errnof
                0x08007510       0x18 c:/program files (x86)/gnu arm embedded toolchain/10 2021.10/bin/../lib/gcc/arm-none-eabi/10.3.1/../../../../arm-none-eabi/lib/thumb/v7e-m+dp/hard\libm.a(lib_a-math_errf.o)
 .text.xflowf   0x08007528       0x20 c:/program files (x86)/gnu arm embedded toolchain/10 2021.10/bin/../lib/gcc/arm-none-eabi/10.3.1/../../../../arm-none-eabi/lib/thumb/v7e-m+dp/hard\libm.a(lib_a-math_errf.o)
 .text.__math_uflowf
                0x08007548        0xc c:/program files (x86)/gnu arm embedded toolchain/10 2021.10/bin/../lib/gcc/arm-none-eabi/10.3.1/../../../../arm-none-eabi/lib/thumb/v7e-m+dp/hard\libm.a(lib_a-math_errf.o)
                0x08007548                __math_uflowf
 .text.__math_may_uflowf
                0x08007554        0xc c:/program files (x86)/gnu arm embedded toolchain/10 2021.10/bin/../lib/gcc/arm-none-eabi/10.3.1/../../../../arm-none-eabi/lib/thumb/v7e-m+dp/hard\libm.a(lib_a-math_errf.o)
                0x08007554                __math_may_uflowf
 .text.__math_oflowf
                0x08007560        0xc c:/program files (x86)/gnu arm embedded toolchain/10 2021.10/bin/../lib/gcc/arm-none-eabi/10.3.1/../../../../arm-none-eabi/lib/thumb/v7e-m+dp/hard\libm.a(lib_a-math_errf.o)
                0x08007560                __math_oflowf
 .text.__math_divzerof
                0x0800756c       0x24 c:/program files (x86)/gnu arm embedded toolchain/10 2021.10/bin/../lib/gcc/arm-none-eabi/10.3.1/../../../../arm-none-eabi/lib/thumb/v7e-m+dp/hard\libm.a(lib_a-math_errf.o)
                0x0800756c                __math_divzerof
 .text.__math_invalidf
                0x08007590       0x20 c:/program files (x86)/gnu arm embedded toolchain/10 2021.10/bin/../lib/gcc/arm-none-eabi/10.3.1/../../../../arm-none-eabi/lib/thumb/v7e-m+dp/hard\libm.a(lib_a-math_errf.o)
                0x08007590                __math_invalidf
 .text.__errno  0x080075b0        0xc c:/program files (x86)/gnu arm embedded toolchain/10 2021.10/bin/../lib/gcc/arm-none-eabi/10.3.1/../../../../arm-none-eabi/lib/thumb/v7e-m+dp/hard\libc_nano.a(lib_a-errno.o)
                0x080075b0                __errno
 *(.glue_7)
 .glue_7        0x080075bc        0x0 linker stubs
 *(.glue_7t)
 .glue_7t       0x080075bc        0x0 linker stubs
 *(.eh_frame)
 .eh_frame      0x080075bc        0x0 c:/program files (x86)/gnu arm embedded toolchain/10 2021.10/bin/../lib/gcc/arm-none-eabi/10.3.1/thumb/v7e-m+dp/hard/crtbegin.o
 *(.init)
 .init          0x080075bc        0x4 c:/program files (x86)/gnu arm embedded toolchain/10 2021.10/bin/../lib/gcc/arm-none-eabi/10.3.1/thumb/v7e-m+dp/hard/crti.o
                0x080075bc                _init
 .init          0x080075c0        0x8 c:/program files (x86)/gnu arm embedded toolchain/10 2021.10/bin/../lib/gcc/arm-none-eabi/10.3.1/thumb/v7e-m+dp/hard/crtn.o
 *(.fini)
 .fini          0x080075c8        0x4 c:/program files (x86)/gnu arm embedded toolchain/10 2021.10/bin/../lib/gcc/arm-none-eabi/10.3.1/thumb/v7e-m+dp/hard/crti.o
                0x080075c8                _fini
 .fini          0x080075cc        0x8 c:/program files (x86)/gnu arm embedded toolchain/10 2021.10/bin/../lib/gcc/arm-none-eabi/10.3.1/thumb/v7e-m+dp/hard/crtn.o
                0x080075d4                . = ALIGN (0x4)
                0x080075d4                _etext = .

.vfp11_veneer   0x080075d4        0x0
 .vfp11_veneer  0x080075d4        0x0 linker stubs

.v4_bx          0x080075d4        0x0
 .v4_bx         0x080075d4        0x0 linker stubs

.iplt           0x080075d4        0x0
 .iplt          0x080075d4        0x0 c:/program files (x86)/gnu arm embedded toolchain/10 2021.10/bin/../lib/gcc/arm-none-eabi/10.3.1/thumb/v7e-m+dp/hard/crtbegin.o

.rodata         0x080075d8      0x2a8
                0x080075d8                . = ALIGN (0x4)
 *(.rodata)
 *(.rodata*)
 .rodata.D1CorePrescTable
                0x080075d8       0x10 build/system_stm32h7xx.o
                0x080075d8                D1CorePrescTable
 .rodata.UARTPrescTable
                0x080075e8       0x18 build/stm32h7xx_hal_uart.o
                0x080075e8                UARTPrescTable
 .rodata.denominator.0
                0x08007600        0x8 build/stm32h7xx_hal_uart_ex.o
 .rodata.numerator.1
                0x08007608        0x8 build/stm32h7xx_hal_uart_ex.o
 .rodata.__powf_log2_data
                0x08007610      0x128 c:/program files (x86)/gnu arm embedded toolchain/10 2021.10/bin/../lib/gcc/arm-none-eabi/10.3.1/../../../../arm-none-eabi/lib/thumb/v7e-m+dp/hard\libm.a(lib_a-sf_pow_log2_data.o)
                0x08007610                __powf_log2_data
 .rodata.__exp2f_data
                0x08007738      0x148 c:/program files (x86)/gnu arm embedded toolchain/10 2021.10/bin/../lib/gcc/arm-none-eabi/10.3.1/../../../../arm-none-eabi/lib/thumb/v7e-m+dp/hard\libm.a(lib_a-sf_exp2_data.o)
                0x08007738                __exp2f_data
                0x08007880                . = ALIGN (0x4)

.ARM.extab
 *(.ARM.extab* .gnu.linkonce.armextab.*)

.ARM            0x08007880        0x8
                0x08007880                __exidx_start = .
 *(.ARM.exidx*)
 .ARM.exidx     0x08007880        0x8 c:/program files (x86)/gnu arm embedded toolchain/10 2021.10/bin/../lib/gcc/arm-none-eabi/10.3.1/thumb/v7e-m+dp/hard\libgcc.a(_udivmoddi4.o)
                0x08007888                __exidx_end = .

.rel.dyn        0x08007888        0x0
 .rel.iplt      0x08007888        0x0 c:/program files (x86)/gnu arm embedded toolchain/10 2021.10/bin/../lib/gcc/arm-none-eabi/10.3.1/thumb/v7e-m+dp/hard/crtbegin.o

.preinit_array  0x08007888        0x0
                0x08007888                PROVIDE (__preinit_array_start = .)
 *(.preinit_array*)
                0x08007888                PROVIDE (__preinit_array_end = .)

.init_array     0x08007888        0x4
                0x08007888                PROVIDE (__init_array_start = .)
 *(SORT_BY_NAME(.init_array.*))
 *(.init_array*)
 .init_array    0x08007888        0x4 c:/program files (x86)/gnu arm embedded toolchain/10 2021.10/bin/../lib/gcc/arm-none-eabi/10.3.1/thumb/v7e-m+dp/hard/crtbegin.o
                0x0800788c                PROVIDE (__init_array_end = .)

.fini_array     0x0800788c        0x4
                [!provide]                PROVIDE (__fini_array_start = .)
 *(SORT_BY_NAME(.fini_array.*))
 *(.fini_array*)
 .fini_array    0x0800788c        0x4 c:/program files (x86)/gnu arm embedded toolchain/10 2021.10/bin/../lib/gcc/arm-none-eabi/10.3.1/thumb/v7e-m+dp/hard/crtbegin.o
                [!provide]                PROVIDE (__fini_array_end = .)
                0x08007890                _sidata = LOADADDR (.data)

.data           0x20000000     0x20e0 load address 0x08007890
                0x20000000                . = ALIGN (0x4)
                0x20000000                _sdata = .
 *(.data)
 *(.data*)
 .data.bmi270_init_file
                0x20000000     0x2000 build/imu.o
                0x20000000                bmi270_init_file
 .data.configNMEA
                0x20002000       0x1c build/gps.o
 .data.configUBX
                0x2000201c       0x1c build/gps.o
 .data.getDeviceID
                0x20002038        0x8 build/gps.o
 .data.setGNSS  0x20002040       0x2c build/gps.o
 .data.SystemCoreClock
                0x2000206c        0x4 build/system_stm32h7xx.o
                0x2000206c                SystemCoreClock
 .data.SystemD2Clock
                0x20002070        0x4 build/system_stm32h7xx.o
                0x20002070                SystemD2Clock
 .data.uwTickFreq
                0x20002074        0x1 build/stm32h7xx_hal.o
                0x20002074                uwTickFreq
 *fill*         0x20002075        0x3 
 .data.uwTickPrio
                0x20002078        0x4 build/stm32h7xx_hal.o
                0x20002078                uwTickPrio
 .data._impure_ptr
                0x2000207c        0x4 c:/program files (x86)/gnu arm embedded toolchain/10 2021.10/bin/../lib/gcc/arm-none-eabi/10.3.1/../../../../arm-none-eabi/lib/thumb/v7e-m+dp/hard\libc_nano.a(lib_a-impure.o)
                0x2000207c                _impure_ptr
 .data.impure_data
                0x20002080       0x60 c:/program files (x86)/gnu arm embedded toolchain/10 2021.10/bin/../lib/gcc/arm-none-eabi/10.3.1/../../../../arm-none-eabi/lib/thumb/v7e-m+dp/hard\libc_nano.a(lib_a-impure.o)
                0x200020e0                . = ALIGN (0x4)
                0x200020e0                _edata = .

.igot.plt       0x200020e0        0x0 load address 0x08009970
 .igot.plt      0x200020e0        0x0 c:/program files (x86)/gnu arm embedded toolchain/10 2021.10/bin/../lib/gcc/arm-none-eabi/10.3.1/thumb/v7e-m+dp/hard/crtbegin.o
                0x200020e0                . = ALIGN (0x4)

.bss            0x200020e0      0x3cc load address 0x08009970
                0x200020e0                _sbss = .
                0x200020e0                __bss_start__ = _sbss
 *(.bss)
 .bss           0x200020e0       0x1c c:/program files (x86)/gnu arm embedded toolchain/10 2021.10/bin/../lib/gcc/arm-none-eabi/10.3.1/thumb/v7e-m+dp/hard/crtbegin.o
 *(.bss*)
 .bss.hi2c1     0x200020fc       0x4c build/main.o
                0x200020fc                hi2c1
 .bss.hi2c2     0x20002148       0x4c build/main.o
                0x20002148                hi2c2
 .bss.hsd1      0x20002194       0x7c build/main.o
                0x20002194                hsd1
 .bss.hspi2     0x20002210       0x88 build/main.o
                0x20002210                hspi2
 .bss.htim4     0x20002298       0x4c build/main.o
                0x20002298                htim4
 .bss.huart4    0x200022e4       0x90 build/main.o
                0x200022e4                huart4
 .bss.huart6    0x20002374       0x90 build/main.o
                0x20002374                huart6
 .bss.baro_cal_data
                0x20002404       0x3c build/baro.o
 .bss.baro_configuration
                0x20002440        0x6 build/baro.o
 .bss.write_enabled
                0x20002446        0x1 build/flash.o
 *fill*         0x20002447        0x1 
 .bss.sensor_size_offsets_table
                0x20002448       0x60 build/sensor.o
 .bss.uwTick    0x200024a8        0x4 build/stm32h7xx_hal.o
                0x200024a8                uwTick
 *(COMMON)
                0x200024ac                . = ALIGN (0x4)
                0x200024ac                _ebss = .
                0x200024ac                __bss_end__ = _ebss

._user_heap_stack
                0x200024ac      0x604 load address 0x08009970
                0x200024b0                . = ALIGN (0x8)
 *fill*         0x200024ac        0x4 
                [!provide]                PROVIDE (end = .)
                [!provide]                PROVIDE (_end = .)
                0x200026b0                . = (. + _Min_Heap_Size)
 *fill*         0x200024b0      0x200 
                0x20002ab0                . = (. + _Min_Stack_Size)
 *fill*         0x200026b0      0x400 
                0x20002ab0                . = ALIGN (0x8)

/DISCARD/
 libc.a(*)
 libm.a(*)
 libgcc.a(*)

.ARM.attributes
                0x00000000       0x2e
 *(.ARM.attributes)
 .ARM.attributes
                0x00000000       0x1e c:/program files (x86)/gnu arm embedded toolchain/10 2021.10/bin/../lib/gcc/arm-none-eabi/10.3.1/thumb/v7e-m+dp/hard/crti.o
 .ARM.attributes
                0x0000001e       0x32 c:/program files (x86)/gnu arm embedded toolchain/10 2021.10/bin/../lib/gcc/arm-none-eabi/10.3.1/thumb/v7e-m+dp/hard/crtbegin.o
 .ARM.attributes
                0x00000050       0x32 build/main.o
 .ARM.attributes
                0x00000082       0x32 build/init.o
 .ARM.attributes
                0x000000b4       0x32 build/baro.o
 .ARM.attributes
                0x000000e6       0x32 build/commands.o
 .ARM.attributes
                0x00000118       0x32 build/flash.o
 .ARM.attributes
                0x0000014a       0x32 build/ignition.o
 .ARM.attributes
                0x0000017c       0x32 build/imu.o
 .ARM.attributes
                0x000001ae       0x32 build/led.o
 .ARM.attributes
                0x000001e0       0x32 build/sensor.o
 .ARM.attributes
                0x00000212       0x32 build/usb.o
 .ARM.attributes
                0x00000244       0x32 build/gps.o
 .ARM.attributes
                0x00000276       0x32 build/stm32h7xx_it.o
 .ARM.attributes
                0x000002a8       0x32 build/stm32h7xx_hal_msp.o
 .ARM.attributes
                0x000002da       0x32 build/system_stm32h7xx.o
 .ARM.attributes
                0x0000030c       0x32 build/stm32h7xx_hal_cortex.o
 .ARM.attributes
                0x0000033e       0x32 build/stm32h7xx_hal_rcc.o
 .ARM.attributes
                0x00000370       0x32 build/stm32h7xx_hal_rcc_ex.o
 .ARM.attributes
                0x000003a2       0x32 build/stm32h7xx_hal_gpio.o
 .ARM.attributes
                0x000003d4       0x32 build/stm32h7xx_hal_pwr_ex.o
 .ARM.attributes
                0x00000406       0x32 build/stm32h7xx_hal.o
 .ARM.attributes
                0x00000438       0x32 build/stm32h7xx_hal_i2c.o
 .ARM.attributes
                0x0000046a       0x32 build/stm32h7xx_hal_i2c_ex.o
 .ARM.attributes
                0x0000049c       0x32 build/stm32h7xx_hal_tim.o
 .ARM.attributes
                0x000004ce       0x32 build/stm32h7xx_hal_tim_ex.o
 .ARM.attributes
                0x00000500       0x32 build/stm32h7xx_hal_uart.o
 .ARM.attributes
                0x00000532       0x32 build/stm32h7xx_hal_uart_ex.o
 .ARM.attributes
                0x00000564       0x32 build/stm32h7xx_hal_spi.o
 .ARM.attributes
                0x00000596       0x21 build/startup_stm32h750xx.o
 .ARM.attributes
                0x000005b7       0x32 c:/program files (x86)/gnu arm embedded toolchain/10 2021.10/bin/../lib/gcc/arm-none-eabi/10.3.1/../../../../arm-none-eabi/lib/thumb/v7e-m+dp/hard\libc_nano.a(lib_a-impure.o)
 .ARM.attributes
                0x000005e9       0x32 c:/program files (x86)/gnu arm embedded toolchain/10 2021.10/bin/../lib/gcc/arm-none-eabi/10.3.1/../../../../arm-none-eabi/lib/thumb/v7e-m+dp/hard\libc_nano.a(lib_a-init.o)
 .ARM.attributes
                0x0000061b       0x32 c:/program files (x86)/gnu arm embedded toolchain/10 2021.10/bin/../lib/gcc/arm-none-eabi/10.3.1/../../../../arm-none-eabi/lib/thumb/v7e-m+dp/hard\libc_nano.a(lib_a-memcpy-stub.o)
 .ARM.attributes
                0x0000064d       0x32 c:/program files (x86)/gnu arm embedded toolchain/10 2021.10/bin/../lib/gcc/arm-none-eabi/10.3.1/../../../../arm-none-eabi/lib/thumb/v7e-m+dp/hard\libc_nano.a(lib_a-memset.o)
 .ARM.attributes
                0x0000067f       0x32 c:/program files (x86)/gnu arm embedded toolchain/10 2021.10/bin/../lib/gcc/arm-none-eabi/10.3.1/../../../../arm-none-eabi/lib/thumb/v7e-m+dp/hard\libm.a(lib_a-sf_pow.o)
 .ARM.attributes
                0x000006b1       0x32 c:/program files (x86)/gnu arm embedded toolchain/10 2021.10/bin/../lib/gcc/arm-none-eabi/10.3.1/../../../../arm-none-eabi/lib/thumb/v7e-m+dp/hard\libm.a(lib_a-sf_pow_log2_data.o)
 .ARM.attributes
                0x000006e3       0x32 c:/program files (x86)/gnu arm embedded toolchain/10 2021.10/bin/../lib/gcc/arm-none-eabi/10.3.1/../../../../arm-none-eabi/lib/thumb/v7e-m+dp/hard\libm.a(lib_a-math_errf.o)
 .ARM.attributes
                0x00000715       0x32 c:/program files (x86)/gnu arm embedded toolchain/10 2021.10/bin/../lib/gcc/arm-none-eabi/10.3.1/../../../../arm-none-eabi/lib/thumb/v7e-m+dp/hard\libm.a(lib_a-sf_exp2_data.o)
 .ARM.attributes
                0x00000747       0x1e c:/program files (x86)/gnu arm embedded toolchain/10 2021.10/bin/../lib/gcc/arm-none-eabi/10.3.1/thumb/v7e-m+dp/hard\libgcc.a(_aeabi_uldivmod.o)
 .ARM.attributes
                0x00000765       0x32 c:/program files (x86)/gnu arm embedded toolchain/10 2021.10/bin/../lib/gcc/arm-none-eabi/10.3.1/thumb/v7e-m+dp/hard\libgcc.a(_udivmoddi4.o)
 .ARM.attributes
                0x00000797       0x1e c:/program files (x86)/gnu arm embedded toolchain/10 2021.10/bin/../lib/gcc/arm-none-eabi/10.3.1/thumb/v7e-m+dp/hard\libgcc.a(_dvmd_tls.o)
 .ARM.attributes
                0x000007b5       0x32 c:/program files (x86)/gnu arm embedded toolchain/10 2021.10/bin/../lib/gcc/arm-none-eabi/10.3.1/../../../../arm-none-eabi/lib/thumb/v7e-m+dp/hard\libc_nano.a(lib_a-errno.o)
 .ARM.attributes
                0x000007e7       0x1e c:/program files (x86)/gnu arm embedded toolchain/10 2021.10/bin/../lib/gcc/arm-none-eabi/10.3.1/thumb/v7e-m+dp/hard/crtn.o
OUTPUT(build/terminal.elf elf32-littlearm)
LOAD linker stubs
LOAD c:/program files (x86)/gnu arm embedded toolchain/10 2021.10/bin/../lib/gcc/arm-none-eabi/10.3.1/../../../../arm-none-eabi/lib/thumb/v7e-m+dp/hard\libc.a
LOAD c:/program files (x86)/gnu arm embedded toolchain/10 2021.10/bin/../lib/gcc/arm-none-eabi/10.3.1/../../../../arm-none-eabi/lib/thumb/v7e-m+dp/hard\libm.a
LOAD c:/program files (x86)/gnu arm embedded toolchain/10 2021.10/bin/../lib/gcc/arm-none-eabi/10.3.1/thumb/v7e-m+dp/hard\libgcc.a

.debug_info     0x00000000    0x2d35f
 .debug_info    0x00000000     0x26ca build/main.o
 .debug_info    0x000026ca     0x2f62 build/init.o
 .debug_info    0x0000562c     0x152a build/baro.o
 .debug_info    0x00006b56       0xf7 build/commands.o
 .debug_info    0x00006c4d     0x1c76 build/flash.o
 .debug_info    0x000088c3      0x538 build/ignition.o
 .debug_info    0x00008dfb     0x14e1 build/imu.o
 .debug_info    0x0000a2dc      0x41e build/led.o
 .debug_info    0x0000a6fa      0xba0 build/sensor.o
 .debug_info    0x0000b29a      0xb03 build/usb.o
 .debug_info    0x0000bd9d      0xcb8 build/gps.o
 .debug_info    0x0000ca55      0x170 build/stm32h7xx_it.o
 .debug_info    0x0000cbc5     0x27fc build/stm32h7xx_hal_msp.o
 .debug_info    0x0000f3c1      0xeb5 build/system_stm32h7xx.o
 .debug_info    0x00010276     0x150d build/stm32h7xx_hal_cortex.o
 .debug_info    0x00011783     0x13ce build/stm32h7xx_hal_rcc.o
 .debug_info    0x00012b51     0x1c06 build/stm32h7xx_hal_rcc_ex.o
 .debug_info    0x00014757      0xee1 build/stm32h7xx_hal_gpio.o
 .debug_info    0x00015638     0x13f3 build/stm32h7xx_hal_pwr_ex.o
 .debug_info    0x00016a2b     0x18e4 build/stm32h7xx_hal.o
 .debug_info    0x0001830f     0x4443 build/stm32h7xx_hal_i2c.o
 .debug_info    0x0001c752      0xfdc build/stm32h7xx_hal_i2c_ex.o
 .debug_info    0x0001d72e     0x42f8 build/stm32h7xx_hal_tim.o
 .debug_info    0x00021a26     0x2018 build/stm32h7xx_hal_tim_ex.o
 .debug_info    0x00023a3e     0x67f7 build/stm32h7xx_hal_uart.o
 .debug_info    0x0002a235     0x1333 build/stm32h7xx_hal_uart_ex.o
 .debug_info    0x0002b568     0x1dd5 build/stm32h7xx_hal_spi.o
 .debug_info    0x0002d33d       0x22 build/startup_stm32h750xx.o

.debug_abbrev   0x00000000     0x3d86
 .debug_abbrev  0x00000000      0x291 build/main.o
 .debug_abbrev  0x00000291      0x252 build/init.o
 .debug_abbrev  0x000004e3      0x2af build/baro.o
 .debug_abbrev  0x00000792       0x93 build/commands.o
 .debug_abbrev  0x00000825      0x33f build/flash.o
 .debug_abbrev  0x00000b64      0x180 build/ignition.o
 .debug_abbrev  0x00000ce4      0x289 build/imu.o
 .debug_abbrev  0x00000f6d      0x138 build/led.o
 .debug_abbrev  0x000010a5      0x242 build/sensor.o
 .debug_abbrev  0x000012e7      0x1a1 build/usb.o
 .debug_abbrev  0x00001488      0x1db build/gps.o
 .debug_abbrev  0x00001663       0x81 build/stm32h7xx_it.o
 .debug_abbrev  0x000016e4      0x286 build/stm32h7xx_hal_msp.o
 .debug_abbrev  0x0000196a      0x12a build/system_stm32h7xx.o
 .debug_abbrev  0x00001a94      0x395 build/stm32h7xx_hal_cortex.o
 .debug_abbrev  0x00001e29      0x27d build/stm32h7xx_hal_rcc.o
 .debug_abbrev  0x000020a6      0x286 build/stm32h7xx_hal_rcc_ex.o
 .debug_abbrev  0x0000232c      0x253 build/stm32h7xx_hal_gpio.o
 .debug_abbrev  0x0000257f      0x2b6 build/stm32h7xx_hal_pwr_ex.o
 .debug_abbrev  0x00002835      0x261 build/stm32h7xx_hal.o
 .debug_abbrev  0x00002a96      0x2a9 build/stm32h7xx_hal_i2c.o
 .debug_abbrev  0x00002d3f      0x1c4 build/stm32h7xx_hal_i2c_ex.o
 .debug_abbrev  0x00002f03      0x282 build/stm32h7xx_hal_tim.o
 .debug_abbrev  0x00003185      0x298 build/stm32h7xx_hal_tim_ex.o
 .debug_abbrev  0x0000341d      0x363 build/stm32h7xx_hal_uart.o
 .debug_abbrev  0x00003780      0x308 build/stm32h7xx_hal_uart_ex.o
 .debug_abbrev  0x00003a88      0x2ec build/stm32h7xx_hal_spi.o
 .debug_abbrev  0x00003d74       0x12 build/startup_stm32h750xx.o

.debug_loc      0x00000000    0x1ed03
 .debug_loc     0x00000000      0x18f build/main.o
 .debug_loc     0x0000018f      0x1ab build/init.o
 .debug_loc     0x0000033a      0x96f build/baro.o
 .debug_loc     0x00000ca9       0x38 build/commands.o
 .debug_loc     0x00000ce1      0xca4 build/flash.o
 .debug_loc     0x00001985      0x233 build/ignition.o
 .debug_loc     0x00001bb8      0x93f build/imu.o
 .debug_loc     0x000024f7       0xa5 build/led.o
 .debug_loc     0x0000259c      0x7d8 build/sensor.o
 .debug_loc     0x00002d74      0x1cc build/usb.o
 .debug_loc     0x00002f40      0x31a build/gps.o
 .debug_loc     0x0000325a       0x20 build/stm32h7xx_it.o
 .debug_loc     0x0000327a      0x498 build/stm32h7xx_hal_msp.o
 .debug_loc     0x00003712      0x1d8 build/system_stm32h7xx.o
 .debug_loc     0x000038ea      0x786 build/stm32h7xx_hal_cortex.o
 .debug_loc     0x00004070      0xa9b build/stm32h7xx_hal_rcc.o
 .debug_loc     0x00004b0b     0x1bd8 build/stm32h7xx_hal_rcc_ex.o
 .debug_loc     0x000066e3      0x482 build/stm32h7xx_hal_gpio.o
 .debug_loc     0x00006b65      0x65b build/stm32h7xx_hal_pwr_ex.o
 .debug_loc     0x000071c0      0x526 build/stm32h7xx_hal.o
 .debug_loc     0x000076e6     0x531f build/stm32h7xx_hal_i2c.o
 .debug_loc     0x0000ca05      0x25a build/stm32h7xx_hal_i2c_ex.o
 .debug_loc     0x0000cc5f     0x6227 build/stm32h7xx_hal_tim.o
 .debug_loc     0x00012e86     0x2a63 build/stm32h7xx_hal_tim_ex.o
 .debug_loc     0x000158e9     0x63db build/stm32h7xx_hal_uart.o
 .debug_loc     0x0001bcc4      0xdfc build/stm32h7xx_hal_uart_ex.o
 .debug_loc     0x0001cac0     0x2243 build/stm32h7xx_hal_spi.o

.debug_aranges  0x00000000     0x16e8
 .debug_aranges
                0x00000000       0x28 build/main.o
 .debug_aranges
                0x00000028       0x68 build/init.o
 .debug_aranges
                0x00000090       0x90 build/baro.o
 .debug_aranges
                0x00000120       0x20 build/commands.o
 .debug_aranges
                0x00000140       0x90 build/flash.o
 .debug_aranges
                0x000001d0       0x50 build/ignition.o
 .debug_aranges
                0x00000220       0x70 build/imu.o
 .debug_aranges
                0x00000290       0x38 build/led.o
 .debug_aranges
                0x000002c8       0x48 build/sensor.o
 .debug_aranges
                0x00000310       0x30 build/usb.o
 .debug_aranges
                0x00000340       0x40 build/gps.o
 .debug_aranges
                0x00000380       0x60 build/stm32h7xx_it.o
 .debug_aranges
                0x000003e0       0x78 build/stm32h7xx_hal_msp.o
 .debug_aranges
                0x00000458       0x28 build/system_stm32h7xx.o
 .debug_aranges
                0x00000480       0xb0 build/stm32h7xx_hal_cortex.o
 .debug_aranges
                0x00000530       0x88 build/stm32h7xx_hal_rcc.o
 .debug_aranges
                0x000005b8       0xf8 build/stm32h7xx_hal_rcc_ex.o
 .debug_aranges
                0x000006b0       0x58 build/stm32h7xx_hal_gpio.o
 .debug_aranges
                0x00000708      0x158 build/stm32h7xx_hal_pwr_ex.o
 .debug_aranges
                0x00000860      0x198 build/stm32h7xx_hal.o
 .debug_aranges
                0x000009f8      0x290 build/stm32h7xx_hal_i2c.o
 .debug_aranges
                0x00000c88       0x48 build/stm32h7xx_hal_i2c_ex.o
 .debug_aranges
                0x00000cd0      0x3e0 build/stm32h7xx_hal_tim.o
 .debug_aranges
                0x000010b0      0x188 build/stm32h7xx_hal_tim_ex.o
 .debug_aranges
                0x00001238      0x248 build/stm32h7xx_hal_uart.o
 .debug_aranges
                0x00001480       0xa0 build/stm32h7xx_hal_uart_ex.o
 .debug_aranges
                0x00001520      0x1a0 build/stm32h7xx_hal_spi.o
 .debug_aranges
                0x000016c0       0x28 build/startup_stm32h750xx.o

.debug_ranges   0x00000000     0x16b8
 .debug_ranges  0x00000000       0x18 build/main.o
 .debug_ranges  0x00000018       0x58 build/init.o
 .debug_ranges  0x00000070       0x80 build/baro.o
 .debug_ranges  0x000000f0       0x10 build/commands.o
 .debug_ranges  0x00000100       0xb8 build/flash.o
 .debug_ranges  0x000001b8       0x40 build/ignition.o
 .debug_ranges  0x000001f8       0x60 build/imu.o
 .debug_ranges  0x00000258       0x28 build/led.o
 .debug_ranges  0x00000280       0x58 build/sensor.o
 .debug_ranges  0x000002d8       0x20 build/usb.o
 .debug_ranges  0x000002f8       0x30 build/gps.o
 .debug_ranges  0x00000328       0x50 build/stm32h7xx_it.o
 .debug_ranges  0x00000378       0x68 build/stm32h7xx_hal_msp.o
 .debug_ranges  0x000003e0       0x18 build/system_stm32h7xx.o
 .debug_ranges  0x000003f8      0x100 build/stm32h7xx_hal_cortex.o
 .debug_ranges  0x000004f8       0xe8 build/stm32h7xx_hal_rcc.o
 .debug_ranges  0x000005e0       0xe8 build/stm32h7xx_hal_rcc_ex.o
 .debug_ranges  0x000006c8       0x48 build/stm32h7xx_hal_gpio.o
 .debug_ranges  0x00000710      0x1a8 build/stm32h7xx_hal_pwr_ex.o
 .debug_ranges  0x000008b8      0x188 build/stm32h7xx_hal.o
 .debug_ranges  0x00000a40      0x280 build/stm32h7xx_hal_i2c.o
 .debug_ranges  0x00000cc0       0x38 build/stm32h7xx_hal_i2c_ex.o
 .debug_ranges  0x00000cf8      0x3d0 build/stm32h7xx_hal_tim.o
 .debug_ranges  0x000010c8      0x178 build/stm32h7xx_hal_tim_ex.o
 .debug_ranges  0x00001240      0x238 build/stm32h7xx_hal_uart.o
 .debug_ranges  0x00001478       0x90 build/stm32h7xx_hal_uart_ex.o
 .debug_ranges  0x00001508      0x190 build/stm32h7xx_hal_spi.o
 .debug_ranges  0x00001698       0x20 build/startup_stm32h750xx.o

.debug_line     0x00000000    0x1fbe1
 .debug_line    0x00000000      0x60b build/main.o
 .debug_line    0x0000060b      0xac4 build/init.o
 .debug_line    0x000010cf      0x891 build/baro.o
 .debug_line    0x00001960      0x14f build/commands.o
 .debug_line    0x00001aaf      0xacf build/flash.o
 .debug_line    0x0000257e      0x34b build/ignition.o
 .debug_line    0x000028c9      0x69e build/imu.o
 .debug_line    0x00002f67      0x22c build/led.o
 .debug_line    0x00003193      0x706 build/sensor.o
 .debug_line    0x00003899      0x2f9 build/usb.o
 .debug_line    0x00003b92      0x36b build/gps.o
 .debug_line    0x00003efd      0x199 build/stm32h7xx_it.o
 .debug_line    0x00004096      0x75f build/stm32h7xx_hal_msp.o
 .debug_line    0x000047f5      0x490 build/system_stm32h7xx.o
 .debug_line    0x00004c85      0x7cf build/stm32h7xx_hal_cortex.o
 .debug_line    0x00005454     0x124b build/stm32h7xx_hal_rcc.o
 .debug_line    0x0000669f     0x1ddb build/stm32h7xx_hal_rcc_ex.o
 .debug_line    0x0000847a      0x6ee build/stm32h7xx_hal_gpio.o
 .debug_line    0x00008b68      0xac4 build/stm32h7xx_hal_pwr_ex.o
 .debug_line    0x0000962c      0x904 build/stm32h7xx_hal.o
 .debug_line    0x00009f30     0x4c66 build/stm32h7xx_hal_i2c.o
 .debug_line    0x0000eb96      0x4f0 build/stm32h7xx_hal_i2c_ex.o
 .debug_line    0x0000f086     0x5059 build/stm32h7xx_hal_tim.o
 .debug_line    0x000140df     0x1f60 build/stm32h7xx_hal_tim_ex.o
 .debug_line    0x0001603f     0x6636 build/stm32h7xx_hal_uart.o
 .debug_line    0x0001c675      0xd23 build/stm32h7xx_hal_uart_ex.o
 .debug_line    0x0001d398     0x27d3 build/stm32h7xx_hal_spi.o
 .debug_line    0x0001fb6b       0x76 build/startup_stm32h750xx.o

.debug_str      0x00000000     0x8e53
 .debug_str     0x00000000     0x1f8e build/main.o
                               0x2278 (size before relaxing)
 .debug_str     0x00001f8e      0xae8 build/init.o
                               0x1d81 (size before relaxing)
 .debug_str     0x00002a76      0x319 build/baro.o
                                0xf8f (size before relaxing)
 .debug_str     0x00002d8f       0x2a build/commands.o
                                0x1d0 (size before relaxing)
 .debug_str     0x00002db9      0x382 build/flash.o
                                0xf72 (size before relaxing)
 .debug_str     0x0000313b      0x137 build/ignition.o
                                0x434 (size before relaxing)
 .debug_str     0x00003272      0x203 build/imu.o
                                0xffc (size before relaxing)
 .debug_str     0x00003475       0x42 build/led.o
                                0x2be (size before relaxing)
 .debug_str     0x000034b7      0x476 build/sensor.o
                                0x91e (size before relaxing)
 .debug_str     0x0000392d       0x80 build/usb.o
                                0x87b (size before relaxing)
 .debug_str     0x000039ad       0x76 build/gps.o
                                0x8c0 (size before relaxing)
 .debug_str     0x00003a23       0xcd build/stm32h7xx_it.o
                                0x24f (size before relaxing)
 .debug_str     0x00003af0      0x125 build/stm32h7xx_hal_msp.o
                               0x18df (size before relaxing)
 .debug_str     0x00003c15      0x35a build/system_stm32h7xx.o
                                0x73f (size before relaxing)
 .debug_str     0x00003f6f      0xccf build/stm32h7xx_hal_cortex.o
                               0x105b (size before relaxing)
 .debug_str     0x00004c3e      0x1ef build/stm32h7xx_hal_rcc.o
                                0xa1e (size before relaxing)
 .debug_str     0x00004e2d      0x678 build/stm32h7xx_hal_rcc_ex.o
                                0xf00 (size before relaxing)
 .debug_str     0x000054a5       0xf3 build/stm32h7xx_hal_gpio.o
                                0x6d8 (size before relaxing)
 .debug_str     0x00005598      0x55e build/stm32h7xx_hal_pwr_ex.o
                                0xa4d (size before relaxing)
 .debug_str     0x00005af6      0x5d1 build/stm32h7xx_hal.o
                               0x14c3 (size before relaxing)
 .debug_str     0x000060c7      0x8db build/stm32h7xx_hal_i2c.o
                               0x114e (size before relaxing)
 .debug_str     0x000069a2       0xc2 build/stm32h7xx_hal_i2c_ex.o
                                0xb43 (size before relaxing)
 .debug_str     0x00006a64      0xe13 build/stm32h7xx_hal_tim.o
                               0x1827 (size before relaxing)
 .debug_str     0x00007877      0x62b build/stm32h7xx_hal_tim_ex.o
                               0x1144 (size before relaxing)
 .debug_str     0x00007ea2      0x89c build/stm32h7xx_hal_uart.o
                               0x148f (size before relaxing)
 .debug_str     0x0000873e      0x232 build/stm32h7xx_hal_uart_ex.o
                                0xb5e (size before relaxing)
 .debug_str     0x00008970      0x4bf build/stm32h7xx_hal_spi.o
                                0xdb5 (size before relaxing)
 .debug_str     0x00008e2f       0x24 build/startup_stm32h750xx.o
                                 0x5f (size before relaxing)

.comment        0x00000000       0x49
 .comment       0x00000000       0x49 build/main.o
                                 0x4a (size before relaxing)
 .comment       0x00000049       0x4a build/init.o
 .comment       0x00000049       0x4a build/baro.o
 .comment       0x00000049       0x4a build/commands.o
 .comment       0x00000049       0x4a build/flash.o
 .comment       0x00000049       0x4a build/ignition.o
 .comment       0x00000049       0x4a build/imu.o
 .comment       0x00000049       0x4a build/led.o
 .comment       0x00000049       0x4a build/sensor.o
 .comment       0x00000049       0x4a build/usb.o
 .comment       0x00000049       0x4a build/gps.o
 .comment       0x00000049       0x4a build/stm32h7xx_it.o
 .comment       0x00000049       0x4a build/stm32h7xx_hal_msp.o
 .comment       0x00000049       0x4a build/system_stm32h7xx.o
 .comment       0x00000049       0x4a build/stm32h7xx_hal_cortex.o
 .comment       0x00000049       0x4a build/stm32h7xx_hal_rcc.o
 .comment       0x00000049       0x4a build/stm32h7xx_hal_rcc_ex.o
 .comment       0x00000049       0x4a build/stm32h7xx_hal_gpio.o
 .comment       0x00000049       0x4a build/stm32h7xx_hal_pwr_ex.o
 .comment       0x00000049       0x4a build/stm32h7xx_hal.o
 .comment       0x00000049       0x4a build/stm32h7xx_hal_i2c.o
 .comment       0x00000049       0x4a build/stm32h7xx_hal_i2c_ex.o
 .comment       0x00000049       0x4a build/stm32h7xx_hal_tim.o
 .comment       0x00000049       0x4a build/stm32h7xx_hal_tim_ex.o
 .comment       0x00000049       0x4a build/stm32h7xx_hal_uart.o
 .comment       0x00000049       0x4a build/stm32h7xx_hal_uart_ex.o
 .comment       0x00000049       0x4a build/stm32h7xx_hal_spi.o

.debug_frame    0x00000000     0x4158
 .debug_frame   0x00000000       0x44 build/main.o
 .debug_frame   0x00000044      0x120 build/init.o
 .debug_frame   0x00000164      0x1e4 build/baro.o
 .debug_frame   0x00000348       0x2c build/commands.o
 .debug_frame   0x00000374      0x20c build/flash.o
 .debug_frame   0x00000580       0xb8 build/ignition.o
 .debug_frame   0x00000638      0x170 build/imu.o
 .debug_frame   0x000007a8       0x70 build/led.o
 .debug_frame   0x00000818       0xd4 build/sensor.o
 .debug_frame   0x000008ec       0x58 build/usb.o
 .debug_frame   0x00000944       0x94 build/gps.o
 .debug_frame   0x000009d8       0xa8 build/stm32h7xx_it.o
 .debug_frame   0x00000a80      0x160 build/stm32h7xx_hal_msp.o
 .debug_frame   0x00000be0       0x3c build/system_stm32h7xx.o
 .debug_frame   0x00000c1c      0x158 build/stm32h7xx_hal_cortex.o
 .debug_frame   0x00000d74      0x18c build/stm32h7xx_hal_rcc.o
 .debug_frame   0x00000f00      0x26c build/stm32h7xx_hal_rcc_ex.o
 .debug_frame   0x0000116c       0xd4 build/stm32h7xx_hal_gpio.o
 .debug_frame   0x00001240      0x2f4 build/stm32h7xx_hal_pwr_ex.o
 .debug_frame   0x00001534      0x360 build/stm32h7xx_hal.o
 .debug_frame   0x00001894      0x938 build/stm32h7xx_hal_i2c.o
 .debug_frame   0x000021cc       0x80 build/stm32h7xx_hal_i2c_ex.o
 .debug_frame   0x0000224c      0xb6c build/stm32h7xx_hal_tim.o
 .debug_frame   0x00002db8      0x480 build/stm32h7xx_hal_tim_ex.o
 .debug_frame   0x00003238      0x688 build/stm32h7xx_hal_uart.o
 .debug_frame   0x000038c0      0x1c8 build/stm32h7xx_hal_uart_ex.o
 .debug_frame   0x00003a88      0x4ac build/stm32h7xx_hal_spi.o
 .debug_frame   0x00003f34       0x2c c:/program files (x86)/gnu arm embedded toolchain/10 2021.10/bin/../lib/gcc/arm-none-eabi/10.3.1/../../../../arm-none-eabi/lib/thumb/v7e-m+dp/hard\libc_nano.a(lib_a-init.o)
 .debug_frame   0x00003f60       0x28 c:/program files (x86)/gnu arm embedded toolchain/10 2021.10/bin/../lib/gcc/arm-none-eabi/10.3.1/../../../../arm-none-eabi/lib/thumb/v7e-m+dp/hard\libc_nano.a(lib_a-memcpy-stub.o)
 .debug_frame   0x00003f88       0x20 c:/program files (x86)/gnu arm embedded toolchain/10 2021.10/bin/../lib/gcc/arm-none-eabi/10.3.1/../../../../arm-none-eabi/lib/thumb/v7e-m+dp/hard\libc_nano.a(lib_a-memset.o)
 .debug_frame   0x00003fa8       0xa0 c:/program files (x86)/gnu arm embedded toolchain/10 2021.10/bin/../lib/gcc/arm-none-eabi/10.3.1/../../../../arm-none-eabi/lib/thumb/v7e-m+dp/hard\libm.a(lib_a-sf_pow.o)
 .debug_frame   0x00004048       0x90 c:/program files (x86)/gnu arm embedded toolchain/10 2021.10/bin/../lib/gcc/arm-none-eabi/10.3.1/../../../../arm-none-eabi/lib/thumb/v7e-m+dp/hard\libm.a(lib_a-math_errf.o)
 .debug_frame   0x000040d8       0x2c c:/program files (x86)/gnu arm embedded toolchain/10 2021.10/bin/../lib/gcc/arm-none-eabi/10.3.1/thumb/v7e-m+dp/hard\libgcc.a(_aeabi_uldivmod.o)
 .debug_frame   0x00004104       0x34 c:/program files (x86)/gnu arm embedded toolchain/10 2021.10/bin/../lib/gcc/arm-none-eabi/10.3.1/thumb/v7e-m+dp/hard\libgcc.a(_udivmoddi4.o)
 .debug_frame   0x00004138       0x20 c:/program files (x86)/gnu arm embedded toolchain/10 2021.10/bin/../lib/gcc/arm-none-eabi/10.3.1/../../../../arm-none-eabi/lib/thumb/v7e-m+dp/hard\libc_nano.a(lib_a-errno.o)

Cross Reference Table

Symbol                                            File
ADC3_IRQHandler                                   build/startup_stm32h750xx.o
ADC_IRQHandler                                    build/startup_stm32h750xx.o
BDMA_Channel0_IRQHandler                          build/startup_stm32h750xx.o
BDMA_Channel1_IRQHandler                          build/startup_stm32h750xx.o
BDMA_Channel2_IRQHandler                          build/startup_stm32h750xx.o
BDMA_Channel3_IRQHandler                          build/startup_stm32h750xx.o
BDMA_Channel4_IRQHandler                          build/startup_stm32h750xx.o
BDMA_Channel5_IRQHandler                          build/startup_stm32h750xx.o
BDMA_Channel6_IRQHandler                          build/startup_stm32h750xx.o
BDMA_Channel7_IRQHandler                          build/startup_stm32h750xx.o
BSP_PlatformIsDetected                            build/fatfs_platform.o
                                                  build/bsp_driver_sd.o
BSP_SD_AbortCallback                              build/bsp_driver_sd.o
BSP_SD_Erase                                      build/bsp_driver_sd.o
BSP_SD_GetCardInfo                                build/bsp_driver_sd.o
                                                  build/sd_diskio.o
BSP_SD_GetCardState                               build/bsp_driver_sd.o
                                                  build/sd_diskio.o
BSP_SD_ITConfig                                   build/bsp_driver_sd.o
BSP_SD_Init                                       build/bsp_driver_sd.o
                                                  build/sd_diskio.o
BSP_SD_IsDetected                                 build/bsp_driver_sd.o
BSP_SD_ReadBlocks                                 build/bsp_driver_sd.o
                                                  build/sd_diskio.o
BSP_SD_ReadBlocks_DMA                             build/bsp_driver_sd.o
BSP_SD_ReadCpltCallback                           build/bsp_driver_sd.o
BSP_SD_WriteBlocks                                build/bsp_driver_sd.o
                                                  build/sd_diskio.o
BSP_SD_WriteBlocks_DMA                            build/bsp_driver_sd.o
BSP_SD_WriteCpltCallback                          build/bsp_driver_sd.o
BUZZER_TIM_Init                                   build/init.o
                                                  build/main.o
Baro_I2C_Init                                     build/init.o
                                                  build/main.o
BusFault_Handler                                  build/stm32h7xx_it.o
CEC_IRQHandler                                    build/startup_stm32h750xx.o
COMP1_IRQHandler                                  build/startup_stm32h750xx.o
CRS_IRQHandler                                    build/startup_stm32h750xx.o
CRYP_IRQHandler                                   build/startup_stm32h750xx.o
D1CorePrescTable                                  build/system_stm32h7xx.o
                                                  build/stm32h7xx_hal.o
                                                  build/stm32h7xx_hal_rcc_ex.o
                                                  build/stm32h7xx_hal_rcc.o
DCMI_IRQHandler                                   build/startup_stm32h750xx.o
DFSDM1_FLT0_IRQHandler                            build/startup_stm32h750xx.o
DFSDM1_FLT1_IRQHandler                            build/startup_stm32h750xx.o
DFSDM1_FLT2_IRQHandler                            build/startup_stm32h750xx.o
DFSDM1_FLT3_IRQHandler                            build/startup_stm32h750xx.o
DMA1_Stream0_IRQHandler                           build/startup_stm32h750xx.o
DMA1_Stream1_IRQHandler                           build/startup_stm32h750xx.o
DMA1_Stream2_IRQHandler                           build/startup_stm32h750xx.o
DMA1_Stream3_IRQHandler                           build/startup_stm32h750xx.o
DMA1_Stream4_IRQHandler                           build/startup_stm32h750xx.o
DMA1_Stream5_IRQHandler                           build/startup_stm32h750xx.o
DMA1_Stream6_IRQHandler                           build/startup_stm32h750xx.o
DMA1_Stream7_IRQHandler                           build/startup_stm32h750xx.o
DMA2D_IRQHandler                                  build/startup_stm32h750xx.o
DMA2_Stream0_IRQHandler                           build/startup_stm32h750xx.o
DMA2_Stream1_IRQHandler                           build/startup_stm32h750xx.o
DMA2_Stream2_IRQHandler                           build/startup_stm32h750xx.o
DMA2_Stream3_IRQHandler                           build/startup_stm32h750xx.o
DMA2_Stream4_IRQHandler                           build/startup_stm32h750xx.o
DMA2_Stream5_IRQHandler                           build/startup_stm32h750xx.o
DMA2_Stream6_IRQHandler                           build/startup_stm32h750xx.o
DMA2_Stream7_IRQHandler                           build/startup_stm32h750xx.o
DMAMUX1_OVR_IRQHandler                            build/startup_stm32h750xx.o
DMAMUX2_OVR_IRQHandler                            build/startup_stm32h750xx.o
DebugMon_Handler                                  build/stm32h7xx_it.o
Default_Handler                                   build/startup_stm32h750xx.o
DelayBlock_Configure                              build/stm32h7xx_ll_delayblock.o
DelayBlock_Disable                                build/stm32h7xx_ll_delayblock.o
DelayBlock_Enable                                 build/stm32h7xx_ll_delayblock.o
ECC_IRQHandler                                    build/startup_stm32h750xx.o
ETH_IRQHandler                                    build/startup_stm32h750xx.o
ETH_WKUP_IRQHandler                               build/startup_stm32h750xx.o
EXTI0_IRQHandler                                  build/startup_stm32h750xx.o
EXTI15_10_IRQHandler                              build/startup_stm32h750xx.o
EXTI1_IRQHandler                                  build/startup_stm32h750xx.o
EXTI2_IRQHandler                                  build/startup_stm32h750xx.o
EXTI3_IRQHandler                                  build/startup_stm32h750xx.o
EXTI4_IRQHandler                                  build/startup_stm32h750xx.o
EXTI9_5_IRQHandler                                build/startup_stm32h750xx.o
Error_Handler                                     build/main.o
                                                  build/stm32h7xx_hal_msp.o
                                                  build/init.o
FATFS_GetAttachedDriversNbr                       build/ff_gen_drv.o
FATFS_LinkDriver                                  build/ff_gen_drv.o
                                                  build/fatfs.o
FATFS_LinkDriverEx                                build/ff_gen_drv.o
FATFS_UnLinkDriver                                build/ff_gen_drv.o
FATFS_UnLinkDriverEx                              build/ff_gen_drv.o
FDCAN1_IT0_IRQHandler                             build/startup_stm32h750xx.o
FDCAN1_IT1_IRQHandler                             build/startup_stm32h750xx.o
FDCAN2_IT0_IRQHandler                             build/startup_stm32h750xx.o
FDCAN2_IT1_IRQHandler                             build/startup_stm32h750xx.o
FDCAN_CAL_IRQHandler                              build/startup_stm32h750xx.o
FLASH_CRC_WaitForLastOperation                    build/stm32h7xx_hal_flash.o
                                                  build/stm32h7xx_hal_flash_ex.o
FLASH_Erase_Sector                                build/stm32h7xx_hal_flash_ex.o
                                                  build/stm32h7xx_hal_flash.o
FLASH_IRQHandler                                  build/startup_stm32h750xx.o
FLASH_OB_WaitForLastOperation                     build/stm32h7xx_hal_flash.o
                                                  build/stm32h7xx_hal_flash_ex.o
FLASH_SPI_Init                                    build/init.o
                                                  build/main.o
FLASH_WaitForLastOperation                        build/stm32h7xx_hal_flash.o
                                                  build/stm32h7xx_hal_flash_ex.o
FMC_IRQHandler                                    build/startup_stm32h750xx.o
FPU_IRQHandler                                    build/startup_stm32h750xx.o
GPIO_Init                                         build/init.o
                                                  build/main.o
GPS_Get_ID                                        build/gps.o
                                                  build/main.o
GPS_Get_NavigatorData                             build/gps.o
GPS_Load_Config                                   build/gps.o
                                                  build/main.o
GPS_Receive                                       build/gps.o
GPS_Transmit                                      build/gps.o
HAL_DBGMCU_DisableDBGSleepMode                    build/stm32h7xx_hal.o
HAL_DBGMCU_DisableDBGStandbyMode                  build/stm32h7xx_hal.o
HAL_DBGMCU_DisableDBGStopMode                     build/stm32h7xx_hal.o
HAL_DBGMCU_EnableDBGSleepMode                     build/stm32h7xx_hal.o
HAL_DBGMCU_EnableDBGStandbyMode                   build/stm32h7xx_hal.o
HAL_DBGMCU_EnableDBGStopMode                      build/stm32h7xx_hal.o
HAL_DMAEx_ChangeMemory                            build/stm32h7xx_hal_dma_ex.o
HAL_DMAEx_ConfigMuxRequestGenerator               build/stm32h7xx_hal_dma_ex.o
HAL_DMAEx_ConfigMuxSync                           build/stm32h7xx_hal_dma_ex.o
HAL_DMAEx_DisableMuxRequestGenerator              build/stm32h7xx_hal_dma_ex.o
HAL_DMAEx_EnableMuxRequestGenerator               build/stm32h7xx_hal_dma_ex.o
HAL_DMAEx_MUX_IRQHandler                          build/stm32h7xx_hal_dma_ex.o
HAL_DMAEx_MultiBufferStart                        build/stm32h7xx_hal_dma_ex.o
HAL_DMAEx_MultiBufferStart_IT                     build/stm32h7xx_hal_dma_ex.o
HAL_DMA_Abort                                     build/stm32h7xx_hal_dma.o
                                                  build/stm32h7xx_hal_spi.o
                                                  build/stm32h7xx_hal_uart.o
HAL_DMA_Abort_IT                                  build/stm32h7xx_hal_dma.o
                                                  build/stm32h7xx_hal_spi.o
                                                  build/stm32h7xx_hal_uart.o
                                                  build/stm32h7xx_hal_tim_ex.o
                                                  build/stm32h7xx_hal_tim.o
                                                  build/stm32h7xx_hal_i2c.o
HAL_DMA_DeInit                                    build/stm32h7xx_hal_dma.o
HAL_DMA_GetError                                  build/stm32h7xx_hal_dma.o
                                                  build/stm32h7xx_hal_spi.o
                                                  build/stm32h7xx_hal_uart.o
                                                  build/stm32h7xx_hal_i2c.o
HAL_DMA_GetState                                  build/stm32h7xx_hal_dma.o
                                                  build/stm32h7xx_hal_i2c.o
HAL_DMA_IRQHandler                                build/stm32h7xx_hal_dma.o
HAL_DMA_Init                                      build/stm32h7xx_hal_dma.o
HAL_DMA_PollForTransfer                           build/stm32h7xx_hal_dma.o
HAL_DMA_RegisterCallback                          build/stm32h7xx_hal_dma.o
HAL_DMA_Start                                     build/stm32h7xx_hal_dma.o
HAL_DMA_Start_IT                                  build/stm32h7xx_hal_dma.o
                                                  build/stm32h7xx_hal_spi.o
                                                  build/stm32h7xx_hal_uart.o
                                                  build/stm32h7xx_hal_tim_ex.o
                                                  build/stm32h7xx_hal_tim.o
                                                  build/stm32h7xx_hal_i2c.o
HAL_DMA_UnRegisterCallback                        build/stm32h7xx_hal_dma.o
HAL_DeInit                                        build/stm32h7xx_hal.o
HAL_Delay                                         build/stm32h7xx_hal.o
                                                  build/stm32h7xx_hal_sd.o
                                                  build/gps.o
                                                  build/led.o
                                                  build/imu.o
                                                  build/ignition.o
                                                  build/flash.o
                                                  build/buzzer.o
                                                  build/baro.o
HAL_DisableCompensationCell                       build/stm32h7xx_hal.o
HAL_EXTI_ClearConfigLine                          build/stm32h7xx_hal_exti.o
HAL_EXTI_ClearPending                             build/stm32h7xx_hal_exti.o
HAL_EXTI_D1_ClearFlag                             build/stm32h7xx_hal.o
HAL_EXTI_D1_EventInputConfig                      build/stm32h7xx_hal.o
HAL_EXTI_D3_EventInputConfig                      build/stm32h7xx_hal.o
HAL_EXTI_EdgeConfig                               build/stm32h7xx_hal.o
HAL_EXTI_GenerateSWI                              build/stm32h7xx_hal_exti.o
HAL_EXTI_GenerateSWInterrupt                      build/stm32h7xx_hal.o
HAL_EXTI_GetConfigLine                            build/stm32h7xx_hal_exti.o
HAL_EXTI_GetHandle                                build/stm32h7xx_hal_exti.o
HAL_EXTI_GetPending                               build/stm32h7xx_hal_exti.o
HAL_EXTI_IRQHandler                               build/stm32h7xx_hal_exti.o
HAL_EXTI_RegisterCallback                         build/stm32h7xx_hal_exti.o
HAL_EXTI_SetConfigLine                            build/stm32h7xx_hal_exti.o
HAL_EnableCompensationCell                        build/stm32h7xx_hal.o
HAL_FLASHEx_ComputeCRC                            build/stm32h7xx_hal_flash_ex.o
HAL_FLASHEx_Erase                                 build/stm32h7xx_hal_flash_ex.o
HAL_FLASHEx_Erase_IT                              build/stm32h7xx_hal_flash_ex.o
HAL_FLASHEx_Lock_Bank1                            build/stm32h7xx_hal_flash_ex.o
HAL_FLASHEx_OBGetConfig                           build/stm32h7xx_hal_flash_ex.o
HAL_FLASHEx_OBProgram                             build/stm32h7xx_hal_flash_ex.o
HAL_FLASHEx_Unlock_Bank1                          build/stm32h7xx_hal_flash_ex.o
HAL_FLASH_EndOfOperationCallback                  build/stm32h7xx_hal_flash.o
HAL_FLASH_GetError                                build/stm32h7xx_hal_flash.o
HAL_FLASH_IRQHandler                              build/stm32h7xx_hal_flash.o
HAL_FLASH_Lock                                    build/stm32h7xx_hal_flash.o
HAL_FLASH_OB_Launch                               build/stm32h7xx_hal_flash.o
HAL_FLASH_OB_Lock                                 build/stm32h7xx_hal_flash.o
HAL_FLASH_OB_Unlock                               build/stm32h7xx_hal_flash.o
HAL_FLASH_OperationErrorCallback                  build/stm32h7xx_hal_flash.o
HAL_FLASH_Program                                 build/stm32h7xx_hal_flash.o
HAL_FLASH_Program_IT                              build/stm32h7xx_hal_flash.o
HAL_FLASH_Unlock                                  build/stm32h7xx_hal_flash.o
HAL_GPIO_DeInit                                   build/stm32h7xx_hal_gpio.o
                                                  build/stm32h7xx_hal_msp.o
HAL_GPIO_EXTI_Callback                            build/stm32h7xx_hal_gpio.o
HAL_GPIO_EXTI_IRQHandler                          build/stm32h7xx_hal_gpio.o
HAL_GPIO_Init                                     build/stm32h7xx_hal_gpio.o
                                                  build/stm32h7xx_hal_rcc.o
                                                  build/stm32h7xx_hal_msp.o
                                                  build/init.o
HAL_GPIO_LockPin                                  build/stm32h7xx_hal_gpio.o
HAL_GPIO_ReadPin                                  build/stm32h7xx_hal_gpio.o
                                                  build/fatfs_platform.o
                                                  build/usb.o
                                                  build/ignition.o
HAL_GPIO_TogglePin                                build/stm32h7xx_hal_gpio.o
HAL_GPIO_WritePin                                 build/stm32h7xx_hal_gpio.o
                                                  build/led.o
                                                  build/ignition.o
                                                  build/flash.o
                                                  build/init.o
HAL_GetCurrentCPUID                               build/stm32h7xx_hal_cortex.o
HAL_GetDEVID                                      build/stm32h7xx_hal.o
HAL_GetFMCMemorySwappingConfig                    build/stm32h7xx_hal.o
HAL_GetHalVersion                                 build/stm32h7xx_hal.o
HAL_GetREVID                                      build/stm32h7xx_hal.o
                                                  build/stm32h7xx_hal_rcc_ex.o
                                                  build/stm32h7xx_hal_rcc.o
HAL_GetTick                                       build/stm32h7xx_hal.o
                                                  build/stm32h7xx_hal_sd.o
                                                  build/stm32h7xx_ll_delayblock.o
                                                  build/stm32h7xx_hal_spi.o
                                                  build/stm32h7xx_hal_uart_ex.o
                                                  build/stm32h7xx_hal_uart.o
                                                  build/stm32h7xx_hal_i2c.o
                                                  build/stm32h7xx_hal_pwr_ex.o
                                                  build/stm32h7xx_hal_mdma.o
                                                  build/stm32h7xx_hal_dma.o
                                                  build/stm32h7xx_hal_flash.o
                                                  build/stm32h7xx_hal_rcc_ex.o
                                                  build/stm32h7xx_hal_rcc.o
                                                  build/buzzer.o
HAL_GetTickFreq                                   build/stm32h7xx_hal.o
HAL_GetTickPrio                                   build/stm32h7xx_hal.o
HAL_GetUIDw0                                      build/stm32h7xx_hal.o
HAL_GetUIDw1                                      build/stm32h7xx_hal.o
HAL_GetUIDw2                                      build/stm32h7xx_hal.o
HAL_HSEM_ActivateNotification                     build/stm32h7xx_hal_hsem.o
HAL_HSEM_DeactivateNotification                   build/stm32h7xx_hal_hsem.o
HAL_HSEM_FastTake                                 build/stm32h7xx_hal_hsem.o
HAL_HSEM_FreeCallback                             build/stm32h7xx_hal_hsem.o
HAL_HSEM_GetClearKey                              build/stm32h7xx_hal_hsem.o
HAL_HSEM_IRQHandler                               build/stm32h7xx_hal_hsem.o
HAL_HSEM_IsSemTaken                               build/stm32h7xx_hal_hsem.o
HAL_HSEM_Release                                  build/stm32h7xx_hal_hsem.o
HAL_HSEM_ReleaseAll                               build/stm32h7xx_hal_hsem.o
HAL_HSEM_SetClearKey                              build/stm32h7xx_hal_hsem.o
HAL_HSEM_Take                                     build/stm32h7xx_hal_hsem.o
HAL_HalfDuplex_EnableReceiver                     build/stm32h7xx_hal_uart.o
HAL_HalfDuplex_EnableTransmitter                  build/stm32h7xx_hal_uart.o
HAL_HalfDuplex_Init                               build/stm32h7xx_hal_uart.o
HAL_I2CEx_ConfigAnalogFilter                      build/stm32h7xx_hal_i2c_ex.o
                                                  build/init.o
HAL_I2CEx_ConfigDigitalFilter                     build/stm32h7xx_hal_i2c_ex.o
                                                  build/init.o
HAL_I2CEx_DisableFastModePlus                     build/stm32h7xx_hal_i2c_ex.o
HAL_I2CEx_DisableWakeUp                           build/stm32h7xx_hal_i2c_ex.o
HAL_I2CEx_EnableFastModePlus                      build/stm32h7xx_hal_i2c_ex.o
HAL_I2CEx_EnableWakeUp                            build/stm32h7xx_hal_i2c_ex.o
HAL_I2C_AbortCpltCallback                         build/stm32h7xx_hal_i2c.o
HAL_I2C_AddrCallback                              build/stm32h7xx_hal_i2c.o
HAL_I2C_DeInit                                    build/stm32h7xx_hal_i2c.o
HAL_I2C_DisableListen_IT                          build/stm32h7xx_hal_i2c.o
HAL_I2C_ER_IRQHandler                             build/stm32h7xx_hal_i2c.o
HAL_I2C_EV_IRQHandler                             build/stm32h7xx_hal_i2c.o
HAL_I2C_EnableListen_IT                           build/stm32h7xx_hal_i2c.o
HAL_I2C_ErrorCallback                             build/stm32h7xx_hal_i2c.o
HAL_I2C_GetError                                  build/stm32h7xx_hal_i2c.o
HAL_I2C_GetMode                                   build/stm32h7xx_hal_i2c.o
HAL_I2C_GetState                                  build/stm32h7xx_hal_i2c.o
HAL_I2C_Init                                      build/stm32h7xx_hal_i2c.o
                                                  build/init.o
HAL_I2C_IsDeviceReady                             build/stm32h7xx_hal_i2c.o
HAL_I2C_ListenCpltCallback                        build/stm32h7xx_hal_i2c.o
HAL_I2C_MasterRxCpltCallback                      build/stm32h7xx_hal_i2c.o
HAL_I2C_MasterTxCpltCallback                      build/stm32h7xx_hal_i2c.o
HAL_I2C_Master_Abort_IT                           build/stm32h7xx_hal_i2c.o
HAL_I2C_Master_Receive                            build/stm32h7xx_hal_i2c.o
HAL_I2C_Master_Receive_DMA                        build/stm32h7xx_hal_i2c.o
HAL_I2C_Master_Receive_IT                         build/stm32h7xx_hal_i2c.o
HAL_I2C_Master_Seq_Receive_DMA                    build/stm32h7xx_hal_i2c.o
HAL_I2C_Master_Seq_Receive_IT                     build/stm32h7xx_hal_i2c.o
HAL_I2C_Master_Seq_Transmit_DMA                   build/stm32h7xx_hal_i2c.o
HAL_I2C_Master_Seq_Transmit_IT                    build/stm32h7xx_hal_i2c.o
HAL_I2C_Master_Transmit                           build/stm32h7xx_hal_i2c.o
HAL_I2C_Master_Transmit_DMA                       build/stm32h7xx_hal_i2c.o
HAL_I2C_Master_Transmit_IT                        build/stm32h7xx_hal_i2c.o