Archive member included to satisfy reference by file (symbol)

/usr/lib/gcc/arm-none-eabi/12.2.0/../../../../arm-none-eabi/lib/thumb/v7e-m+dp/hard/libc_nano.a(lib_a-atexit.o)
                              /usr/lib/gcc/arm-none-eabi/12.2.0/../../../../arm-none-eabi/lib/thumb/v7e-m+dp/hard/crt0.o (atexit)
/usr/lib/gcc/arm-none-eabi/12.2.0/../../../../arm-none-eabi/lib/thumb/v7e-m+dp/hard/libc_nano.a(lib_a-exit.o)
                              /usr/lib/gcc/arm-none-eabi/12.2.0/../../../../arm-none-eabi/lib/thumb/v7e-m+dp/hard/crt0.o (exit)
/usr/lib/gcc/arm-none-eabi/12.2.0/../../../../arm-none-eabi/lib/thumb/v7e-m+dp/hard/libc_nano.a(lib_a-fini.o)
                              /usr/lib/gcc/arm-none-eabi/12.2.0/../../../../arm-none-eabi/lib/thumb/v7e-m+dp/hard/crt0.o (__libc_fini_array)
/usr/lib/gcc/arm-none-eabi/12.2.0/../../../../arm-none-eabi/lib/thumb/v7e-m+dp/hard/libc_nano.a(lib_a-impure.o)
                              /usr/lib/gcc/arm-none-eabi/12.2.0/../../../../arm-none-eabi/lib/thumb/v7e-m+dp/hard/libc_nano.a(lib_a-exit.o) (_global_impure_ptr)
/usr/lib/gcc/arm-none-eabi/12.2.0/../../../../arm-none-eabi/lib/thumb/v7e-m+dp/hard/libc_nano.a(lib_a-init.o)
                              /usr/lib/gcc/arm-none-eabi/12.2.0/../../../../arm-none-eabi/lib/thumb/v7e-m+dp/hard/crt0.o (__libc_init_array)
/usr/lib/gcc/arm-none-eabi/12.2.0/../../../../arm-none-eabi/lib/thumb/v7e-m+dp/hard/libc_nano.a(lib_a-memcpy-stub.o)
                              build/sensor.o (memcpy)
/usr/lib/gcc/arm-none-eabi/12.2.0/../../../../arm-none-eabi/lib/thumb/v7e-m+dp/hard/libc_nano.a(lib_a-memset.o)
                              /usr/lib/gcc/arm-none-eabi/12.2.0/../../../../arm-none-eabi/lib/thumb/v7e-m+dp/hard/crt0.o (memset)
/usr/lib/gcc/arm-none-eabi/12.2.0/../../../../arm-none-eabi/lib/thumb/v7e-m+dp/hard/libc_nano.a(lib_a-__atexit.o)
                              /usr/lib/gcc/arm-none-eabi/12.2.0/../../../../arm-none-eabi/lib/thumb/v7e-m+dp/hard/libc_nano.a(lib_a-atexit.o) (__register_exitproc)
/usr/lib/gcc/arm-none-eabi/12.2.0/../../../../arm-none-eabi/lib/thumb/v7e-m+dp/hard/libc_nano.a(lib_a-__call_atexit.o)
                              /usr/lib/gcc/arm-none-eabi/12.2.0/../../../../arm-none-eabi/lib/thumb/v7e-m+dp/hard/libc_nano.a(lib_a-__atexit.o) (__call_exitprocs)
/usr/lib/gcc/arm-none-eabi/12.2.0/../../../../arm-none-eabi/lib/thumb/v7e-m+dp/hard/libc_nano.a(lib_a-lock.o)
                              /usr/lib/gcc/arm-none-eabi/12.2.0/../../../../arm-none-eabi/lib/thumb/v7e-m+dp/hard/libc_nano.a(lib_a-__atexit.o) (__retarget_lock_acquire_recursive)
/usr/lib/gcc/arm-none-eabi/12.2.0/../../../../arm-none-eabi/lib/thumb/v7e-m+dp/hard/libm.a(lib_a-sf_pow.o)
                              build/baro.o (powf)
/usr/lib/gcc/arm-none-eabi/12.2.0/../../../../arm-none-eabi/lib/thumb/v7e-m+dp/hard/libm.a(lib_a-math_errf.o)
                              /usr/lib/gcc/arm-none-eabi/12.2.0/../../../../arm-none-eabi/lib/thumb/v7e-m+dp/hard/libm.a(lib_a-sf_pow.o) (__math_uflowf)
/usr/lib/gcc/arm-none-eabi/12.2.0/../../../../arm-none-eabi/lib/thumb/v7e-m+dp/hard/libm.a(lib_a-sf_exp2_data.o)
                              /usr/lib/gcc/arm-none-eabi/12.2.0/../../../../arm-none-eabi/lib/thumb/v7e-m+dp/hard/libm.a(lib_a-sf_pow.o) (__exp2f_data)
/usr/lib/gcc/arm-none-eabi/12.2.0/../../../../arm-none-eabi/lib/thumb/v7e-m+dp/hard/libm.a(lib_a-sf_pow_log2_data.o)
                              /usr/lib/gcc/arm-none-eabi/12.2.0/../../../../arm-none-eabi/lib/thumb/v7e-m+dp/hard/libm.a(lib_a-sf_pow.o) (__powf_log2_data)
/usr/lib/gcc/arm-none-eabi/12.2.0/../../../../arm-none-eabi/lib/thumb/v7e-m+dp/hard/libnosys.a(_exit.o)
                              /usr/lib/gcc/arm-none-eabi/12.2.0/../../../../arm-none-eabi/lib/thumb/v7e-m+dp/hard/libc_nano.a(lib_a-exit.o) (_exit)
/usr/lib/gcc/arm-none-eabi/12.2.0/thumb/v7e-m+dp/hard/libgcc.a(_aeabi_uldivmod.o)
                              build/stm32h7xx_hal_uart.o (__aeabi_uldivmod)
/usr/lib/gcc/arm-none-eabi/12.2.0/thumb/v7e-m+dp/hard/libgcc.a(_udivmoddi4.o)
                              /usr/lib/gcc/arm-none-eabi/12.2.0/thumb/v7e-m+dp/hard/libgcc.a(_aeabi_uldivmod.o) (__udivmoddi4)
/usr/lib/gcc/arm-none-eabi/12.2.0/thumb/v7e-m+dp/hard/libgcc.a(_dvmd_tls.o)
                              /usr/lib/gcc/arm-none-eabi/12.2.0/thumb/v7e-m+dp/hard/libgcc.a(_aeabi_uldivmod.o) (__aeabi_ldiv0)
/usr/lib/gcc/arm-none-eabi/12.2.0/../../../../arm-none-eabi/lib/thumb/v7e-m+dp/hard/libc_nano.a(lib_a-errno.o)
                              /usr/lib/gcc/arm-none-eabi/12.2.0/../../../../arm-none-eabi/lib/thumb/v7e-m+dp/hard/libm.a(lib_a-math_errf.o) (__errno)

Discarded input sections

 .text          0x0000000000000000        0x0 /usr/lib/gcc/arm-none-eabi/12.2.0/thumb/v7e-m+dp/hard/crti.o
 .data          0x0000000000000000        0x0 /usr/lib/gcc/arm-none-eabi/12.2.0/thumb/v7e-m+dp/hard/crti.o
 .bss           0x0000000000000000        0x0 /usr/lib/gcc/arm-none-eabi/12.2.0/thumb/v7e-m+dp/hard/crti.o
[...]
Memory Configuration

Name             Origin             Length             Attributes
DTCMRAM          0x0000000020000000 0x0000000000020000 xrw
RAM_D1           0x0000000024000000 0x0000000000080000 xrw
RAM_D2           0x0000000030000000 0x0000000000048000 xrw
RAM_D3           0x0000000038000000 0x0000000000010000 xrw
ITCMRAM          0x0000000000000000 0x0000000000010000 xrw
FLASH            0x0000000008000000 0x0000000000020000 xr
*default*        0x0000000000000000 0xffffffffffffffff

Linker script and memory map

LOAD /usr/lib/gcc/arm-none-eabi/12.2.0/thumb/v7e-m+dp/hard/crti.o
LOAD /usr/lib/gcc/arm-none-eabi/12.2.0/thumb/v7e-m+dp/hard/crtbegin.o
LOAD /usr/lib/gcc/arm-none-eabi/12.2.0/../../../../arm-none-eabi/lib/thumb/v7e-m+dp/hard/crt0.o
LOAD build/main.o
LOAD build/init.o
LOAD build/baro.o
LOAD build/buzzer.o
LOAD build/commands.o
LOAD build/flash.o
LOAD build/ignition.o
LOAD build/imu.o
LOAD build/led.o
LOAD build/sensor.o
LOAD build/usb.o
LOAD build/stm32h7xx_it.o
LOAD build/stm32h7xx_hal_msp.o
LOAD build/system_stm32h7xx.o
LOAD build/stm32h7xx_hal_cortex.o
LOAD build/stm32h7xx_hal_rcc.o
LOAD build/stm32h7xx_hal_rcc_ex.o
LOAD build/stm32h7xx_hal_flash.o
LOAD build/stm32h7xx_hal_flash_ex.o
LOAD build/stm32h7xx_hal_gpio.o
LOAD build/stm32h7xx_hal_hsem.o
LOAD build/stm32h7xx_hal_dma.o
LOAD build/stm32h7xx_hal_dma_ex.o
LOAD build/stm32h7xx_hal_mdma.o
LOAD build/stm32h7xx_hal_pwr.o
LOAD build/stm32h7xx_hal_pwr_ex.o
LOAD build/stm32h7xx_hal.o
LOAD build/stm32h7xx_hal_i2c.o
LOAD build/stm32h7xx_hal_i2c_ex.o
LOAD build/stm32h7xx_hal_exti.o
LOAD build/stm32h7xx_hal_tim.o
LOAD build/stm32h7xx_hal_tim_ex.o
LOAD build/stm32h7xx_hal_uart.o
LOAD build/stm32h7xx_hal_uart_ex.o
LOAD build/stm32h7xx_hal_spi.o
LOAD build/stm32h7xx_hal_spi_ex.o
LOAD build/fatfs.o
LOAD build/bsp_driver_sd.o
LOAD build/sd_diskio.o
LOAD build/fatfs_platform.o
LOAD build/stm32h7xx_ll_sdmmc.o
LOAD build/stm32h7xx_ll_delayblock.o
LOAD build/stm32h7xx_hal_sd.o
LOAD build/stm32h7xx_hal_sd_ex.o
LOAD build/diskio.o
LOAD build/ff.o
LOAD build/ff_gen_drv.o
LOAD build/syscall.o
LOAD build/startup_stm32h750xx.o
LOAD /usr/lib/gcc/arm-none-eabi/12.2.0/../../../../arm-none-eabi/lib/thumb/v7e-m+dp/hard/libc_nano.a
LOAD /usr/lib/gcc/arm-none-eabi/12.2.0/../../../../arm-none-eabi/lib/thumb/v7e-m+dp/hard/libm.a
LOAD /usr/lib/gcc/arm-none-eabi/12.2.0/../../../../arm-none-eabi/lib/thumb/v7e-m+dp/hard/libnosys.a
START GROUP
LOAD /usr/lib/gcc/arm-none-eabi/12.2.0/thumb/v7e-m+dp/hard/libgcc.a
LOAD /usr/lib/gcc/arm-none-eabi/12.2.0/../../../../arm-none-eabi/lib/thumb/v7e-m+dp/hard/libc_nano.a
END GROUP
START GROUP
LOAD /usr/lib/gcc/arm-none-eabi/12.2.0/thumb/v7e-m+dp/hard/libgcc.a
LOAD /usr/lib/gcc/arm-none-eabi/12.2.0/../../../../arm-none-eabi/lib/thumb/v7e-m+dp/hard/libc_nano.a
END GROUP
LOAD /usr/lib/gcc/arm-none-eabi/12.2.0/thumb/v7e-m+dp/hard/crtend.o
LOAD /usr/lib/gcc/arm-none-eabi/12.2.0/thumb/v7e-m+dp/hard/crtn.o
                0x0000000020020000                _estack = 0x20020000
                0x0000000000000200                _Min_Heap_Size = 0x200
                0x0000000000000400                _Min_Stack_Size = 0x400

.isr_vector     0x0000000008000000      0x298
                0x0000000008000000                . = ALIGN (0x4)
 *(.isr_vector)
 .isr_vector    0x0000000008000000      0x298 build/startup_stm32h750xx.o
                0x0000000008000000                g_pfnVectors
                0x0000000008000298                . = ALIGN (0x4)

.text           0x0000000008000298     0x9044
                0x0000000008000298                . = ALIGN (0x4)
 *(.text)
 .text          0x0000000008000298       0x30 /usr/lib/gcc/arm-none-eabi/12.2.0/thumb/v7e-m+dp/hard/libgcc.a(_aeabi_uldivmod.o)
                0x0000000008000298                __aeabi_uldivmod
 .text          0x00000000080002c8        0x4 /usr/lib/gcc/arm-none-eabi/12.2.0/thumb/v7e-m+dp/hard/libgcc.a(_dvmd_tls.o)
                0x00000000080002c8                __aeabi_ldiv0
                0x00000000080002c8                __aeabi_idiv0
 *(.text*)
 .text.__do_global_dtors_aux
                0x00000000080002cc       0x24 /usr/lib/gcc/arm-none-eabi/12.2.0/thumb/v7e-m+dp/hard/crtbegin.o
 .text.frame_dummy
                0x00000000080002f0       0x1c /usr/lib/gcc/arm-none-eabi/12.2.0/thumb/v7e-m+dp/hard/crtbegin.o
 .text.Error_Handler
                0x000000000800030c        0xc build/main.o
                0x000000000800030c                Error_Handler
 .text.main     0x0000000008000318      0x1e4 build/main.o
                0x0000000008000318                main
 .text.SystemClock_Config
                0x00000000080004fc       0xc4 build/init.o
                0x00000000080004fc                SystemClock_Config
 .text.PeriphCommonClock_Config
                0x00000000080005c0       0x46 build/init.o
                0x00000000080005c0                PeriphCommonClock_Config
 *fill*         0x0000000008000606        0x2 
 .text.IMU_GPS_I2C_Init
                0x0000000008000608       0x60 build/init.o
                0x0000000008000608                IMU_GPS_I2C_Init
 .text.Baro_I2C_Init
                0x0000000008000668       0x60 build/init.o
                0x0000000008000668                Baro_I2C_Init
 .text.SD_SDMMC_Init
                0x00000000080006c8       0x24 build/init.o
                0x00000000080006c8                SD_SDMMC_Init
 .text.FLASH_SPI_Init
                0x00000000080006ec       0x58 build/init.o
                0x00000000080006ec                FLASH_SPI_Init
 .text.USB_UART_Init
                0x0000000008000744       0x68 build/init.o
                0x0000000008000744                USB_UART_Init
 .text.BUZZER_TIM_Init
                0x00000000080007ac       0xb4 build/init.o
                0x00000000080007ac                BUZZER_TIM_Init
 .text.GPIO_Init
                0x0000000008000860      0x1d8 build/init.o
                0x0000000008000860                GPIO_Init
 .text.bytes_to_uint16_t
                0x0000000008000a38        0x6 build/baro.o
 .text.bytes_to_int16_t
                0x0000000008000a3e        0x8 build/baro.o
 *fill*         0x0000000008000a46        0x2 
 .text.read_regs
                0x0000000008000a48       0x28 build/baro.o
 .text.load_cal_data
                0x0000000008000a70      0x24c build/baro.o
 .text.write_reg
                0x0000000008000cbc       0x34 build/baro.o
 .text.press_compensate
                0x0000000008000cf0       0xe4 build/baro.o
 .text.temp_compensate
                0x0000000008000dd4       0x44 build/baro.o
 .text.baro_config
                0x0000000008000e18       0x6c build/baro.o
                0x0000000008000e18                baro_config
 .text.baro_get_device_id
                0x0000000008000e84        0xe build/baro.o
                0x0000000008000e84                baro_get_device_id
 .text.baro_get_temp
                0x0000000008000e92       0x44 build/baro.o
                0x0000000008000e92                baro_get_temp
 .text.baro_init
                0x0000000008000ed6       0x6c build/baro.o
                0x0000000008000ed6                baro_init
 .text.baro_get_pressure
                0x0000000008000f42       0x50 build/baro.o
                0x0000000008000f42                baro_get_pressure
 .text.ping     0x0000000008000f92       0x1e build/commands.o
                0x0000000008000f92                ping
 .text.address_to_bytes
                0x0000000008000fb0        0xc build/flash.o
 .text.write_disable
                0x0000000008000fbc       0x4c build/flash.o
 .text.write_enable
                0x0000000008001008       0x4c build/flash.o
 .text.flash_get_status
                0x0000000008001054       0x70 build/flash.o
                0x0000000008001054                flash_get_status
 .text.flash_set_status
                0x00000000080010c4       0xb8 build/flash.o
                0x00000000080010c4                flash_set_status
 .text.flash_is_flash_busy
                0x000000000800117c       0x2c build/flash.o
                0x000000000800117c                flash_is_flash_busy
 .text.flash_write_enable
                0x00000000080011a8        0xc build/flash.o
                0x00000000080011a8                flash_write_enable
 .text.flash_write_disable
                0x00000000080011b4        0xc build/flash.o
                0x00000000080011b4                flash_write_disable
 .text.flash_init
                0x00000000080011c0       0x62 build/flash.o
                0x00000000080011c0                flash_init
 *fill*         0x0000000008001222        0x2 
 .text.flash_write_byte
                0x0000000008001224       0xa8 build/flash.o
                0x0000000008001224                flash_write_byte
 .text.flash_write
                0x00000000080012cc      0x188 build/flash.o
                0x00000000080012cc                flash_write
 .text.flash_read
                0x0000000008001454       0xc0 build/flash.o
                0x0000000008001454                flash_read
 .text.flash_erase
                0x0000000008001514       0x64 build/flash.o
                0x0000000008001514                flash_erase
 .text.flash_cmd_execute
                0x0000000008001578      0x158 build/flash.o
                0x0000000008001578                flash_cmd_execute
 .text.ign_main_cont
                0x00000000080016d0       0x18 build/ignition.o
                0x00000000080016d0                ign_main_cont
 .text.ign_drogue_cont
                0x00000000080016e8       0x1c build/ignition.o
                0x00000000080016e8                ign_drogue_cont
 .text.ign_switch_cont
                0x0000000008001704       0x14 build/ignition.o
                0x0000000008001704                ign_switch_cont
 .text.ign_get_cont_info
                0x0000000008001718       0x26 build/ignition.o
                0x0000000008001718                ign_get_cont_info
 *fill*         0x000000000800173e        0x2 
 .text.ign_deploy_main
                0x0000000008001740       0x44 build/ignition.o
                0x0000000008001740                ign_deploy_main
 .text.ign_deploy_drogue
                0x0000000008001784       0x48 build/ignition.o
                0x0000000008001784                ign_deploy_drogue
 .text.ign_cmd_execute
                0x00000000080017cc       0x28 build/ignition.o
                0x00000000080017cc                ign_cmd_execute
 .text.IMU_Read_Registers
                0x00000000080017f4       0x30 build/imu.o
 .text.IMU_MAG_Read_Registers
                0x0000000008001824       0x30 build/imu.o
 .text.imu_get_accel_xyz
                0x0000000008001854       0x68 build/imu.o
                0x0000000008001854                imu_get_accel_xyz
 .text.imu_get_gyro_xyz
                0x00000000080018bc       0x68 build/imu.o
                0x00000000080018bc                imu_get_gyro_xyz
 .text.imu_get_mag_xyz
                0x0000000008001924       0x68 build/imu.o
                0x0000000008001924                imu_get_mag_xyz
 .text.led_reset
                0x000000000800198c       0x14 build/led.o
                0x000000000800198c                led_reset
 .text.led_error_assert
                0x00000000080019a0       0x18 build/led.o
                0x00000000080019a0                led_error_assert
 .text.led_set_color
                0x00000000080019b8       0x58 build/led.o
                0x00000000080019b8                led_set_color
 .text.sensor_map
                0x0000000008001a10       0x20 build/sensor.o
 .text.extract_sensor_bytes
                0x0000000008001a30       0x62 build/sensor.o
 *fill*         0x0000000008001a92        0x2 
 .text.sensor_init
                0x0000000008001a94       0x60 build/sensor.o
                0x0000000008001a94                sensor_init
 .text.sensor_dump
                0x0000000008001af4       0x58 build/sensor.o
                0x0000000008001af4                sensor_dump
 .text.sensor_poll
                0x0000000008001b4c      0x188 build/sensor.o
                0x0000000008001b4c                sensor_poll
 .text.sensor_cmd_execute
                0x0000000008001cd4      0x15e build/sensor.o
                0x0000000008001cd4                sensor_cmd_execute
 *fill*         0x0000000008001e32        0x2 
 .text.usb_transmit
                0x0000000008001e34       0x14 build/usb.o
                0x0000000008001e34                usb_transmit
 .text.usb_receive
                0x0000000008001e48       0x24 build/usb.o
                0x0000000008001e48                usb_receive
 .text.NMI_Handler
                0x0000000008001e6c        0x2 build/stm32h7xx_it.o
                0x0000000008001e6c                NMI_Handler
 .text.HardFault_Handler
                0x0000000008001e6e        0x2 build/stm32h7xx_it.o
                0x0000000008001e6e                HardFault_Handler
 .text.MemManage_Handler
                0x0000000008001e70        0x2 build/stm32h7xx_it.o
                0x0000000008001e70                MemManage_Handler
 .text.BusFault_Handler
                0x0000000008001e72        0x2 build/stm32h7xx_it.o
                0x0000000008001e72                BusFault_Handler
 .text.UsageFault_Handler
                0x0000000008001e74        0x2 build/stm32h7xx_it.o
                0x0000000008001e74                UsageFault_Handler
 .text.SVC_Handler
                0x0000000008001e76        0x2 build/stm32h7xx_it.o
                0x0000000008001e76                SVC_Handler
 .text.DebugMon_Handler
                0x0000000008001e78        0x2 build/stm32h7xx_it.o
                0x0000000008001e78                DebugMon_Handler
 .text.PendSV_Handler
                0x0000000008001e7a        0x2 build/stm32h7xx_it.o
                0x0000000008001e7a                PendSV_Handler
 .text.SysTick_Handler
                0x0000000008001e7c        0x8 build/stm32h7xx_it.o
                0x0000000008001e7c                SysTick_Handler
 .text.HAL_MspInit
                0x0000000008001e84       0x24 build/stm32h7xx_hal_msp.o
                0x0000000008001e84                HAL_MspInit
 .text.HAL_I2C_MspInit
                0x0000000008001ea8      0x100 build/stm32h7xx_hal_msp.o
                0x0000000008001ea8                HAL_I2C_MspInit
 .text.HAL_SD_MspInit
                0x0000000008001fa8       0xac build/stm32h7xx_hal_msp.o
                0x0000000008001fa8                HAL_SD_MspInit
 .text.HAL_SPI_MspInit
                0x0000000008002054       0xac build/stm32h7xx_hal_msp.o
                0x0000000008002054                HAL_SPI_MspInit
 .text.HAL_TIM_Base_MspInit
                0x0000000008002100       0x34 build/stm32h7xx_hal_msp.o
                0x0000000008002100                HAL_TIM_Base_MspInit
 .text.HAL_TIM_MspPostInit
                0x0000000008002134       0x5c build/stm32h7xx_hal_msp.o
                0x0000000008002134                HAL_TIM_MspPostInit
 .text.HAL_UART_MspInit
                0x0000000008002190       0x94 build/stm32h7xx_hal_msp.o
                0x0000000008002190                HAL_UART_MspInit
 .text.SystemInit
                0x0000000008002224       0xcc build/system_stm32h7xx.o
                0x0000000008002224                SystemInit
 .text.__NVIC_SetPriority
                0x00000000080022f0       0x24 build/stm32h7xx_hal_cortex.o
 .text.NVIC_EncodePriority
                0x0000000008002314       0x3e build/stm32h7xx_hal_cortex.o
 *fill*         0x0000000008002352        0x2 
 .text.HAL_NVIC_SetPriorityGrouping
                0x0000000008002354       0x24 build/stm32h7xx_hal_cortex.o
                0x0000000008002354                HAL_NVIC_SetPriorityGrouping
 .text.HAL_NVIC_SetPriority
                0x0000000008002378       0x20 build/stm32h7xx_hal_cortex.o
                0x0000000008002378                HAL_NVIC_SetPriority
 .text.HAL_SYSTICK_Config
                0x0000000008002398       0x28 build/stm32h7xx_hal_cortex.o
                0x0000000008002398                HAL_SYSTICK_Config
 .text.HAL_RCC_OscConfig
                0x00000000080023c0      0x674 build/stm32h7xx_hal_rcc.o
                0x00000000080023c0                HAL_RCC_OscConfig
 .text.HAL_RCC_GetSysClockFreq
                0x0000000008002a34      0x1f4 build/stm32h7xx_hal_rcc.o
                0x0000000008002a34                HAL_RCC_GetSysClockFreq
 .text.HAL_RCC_ClockConfig
                0x0000000008002c28      0x294 build/stm32h7xx_hal_rcc.o
                0x0000000008002c28                HAL_RCC_ClockConfig
 .text.HAL_RCC_GetHCLKFreq
                0x0000000008002ebc       0x44 build/stm32h7xx_hal_rcc.o
                0x0000000008002ebc                HAL_RCC_GetHCLKFreq
 .text.HAL_RCC_GetPCLK1Freq
                0x0000000008002f00       0x24 build/stm32h7xx_hal_rcc.o
                0x0000000008002f00                HAL_RCC_GetPCLK1Freq
 .text.HAL_RCC_GetPCLK2Freq
                0x0000000008002f24       0x24 build/stm32h7xx_hal_rcc.o
                0x0000000008002f24                HAL_RCC_GetPCLK2Freq
 .text.RCCEx_PLL2_Config
                0x0000000008002f48      0x10c build/stm32h7xx_hal_rcc_ex.o
 .text.RCCEx_PLL3_Config
                0x0000000008003054      0x10c build/stm32h7xx_hal_rcc_ex.o
 .text.HAL_RCCEx_PeriphCLKConfig
                0x0000000008003160      0x9c4 build/stm32h7xx_hal_rcc_ex.o
                0x0000000008003160                HAL_RCCEx_PeriphCLKConfig
 .text.HAL_RCCEx_GetD3PCLK1Freq
                0x0000000008003b24       0x24 build/stm32h7xx_hal_rcc_ex.o
                0x0000000008003b24                HAL_RCCEx_GetD3PCLK1Freq
 .text.HAL_RCCEx_GetPLL2ClockFreq
                0x0000000008003b48      0x1fc build/stm32h7xx_hal_rcc_ex.o
                0x0000000008003b48                HAL_RCCEx_GetPLL2ClockFreq
 .text.HAL_RCCEx_GetPLL3ClockFreq
                0x0000000008003d44      0x1fc build/stm32h7xx_hal_rcc_ex.o
                0x0000000008003d44                HAL_RCCEx_GetPLL3ClockFreq
 .text.HAL_RCCEx_GetPLL1ClockFreq
                0x0000000008003f40      0x1fc build/stm32h7xx_hal_rcc_ex.o
                0x0000000008003f40                HAL_RCCEx_GetPLL1ClockFreq
 .text.HAL_RCCEx_GetPeriphCLKFreq
                0x000000000800413c      0x614 build/stm32h7xx_hal_rcc_ex.o
                0x000000000800413c                HAL_RCCEx_GetPeriphCLKFreq
 .text.HAL_GPIO_Init
                0x0000000008004750      0x220 build/stm32h7xx_hal_gpio.o
                0x0000000008004750                HAL_GPIO_Init
 .text.HAL_GPIO_ReadPin
                0x0000000008004970        0xe build/stm32h7xx_hal_gpio.o
                0x0000000008004970                HAL_GPIO_ReadPin
 .text.HAL_GPIO_WritePin
                0x000000000800497e        0xc build/stm32h7xx_hal_gpio.o
                0x000000000800497e                HAL_GPIO_WritePin
 *fill*         0x000000000800498a        0x2 
 .text.HAL_PWREx_ConfigSupply
                0x000000000800498c       0x54 build/stm32h7xx_hal_pwr_ex.o
                0x000000000800498c                HAL_PWREx_ConfigSupply
 .text.HAL_InitTick
                0x00000000080049e0       0x50 build/stm32h7xx_hal.o
                0x00000000080049e0                HAL_InitTick
 .text.HAL_Init
                0x0000000008004a30       0x5c build/stm32h7xx_hal.o
                0x0000000008004a30                HAL_Init
 .text.HAL_IncTick
                0x0000000008004a8c       0x18 build/stm32h7xx_hal.o
                0x0000000008004a8c                HAL_IncTick
 .text.HAL_GetTick
                0x0000000008004aa4        0xc build/stm32h7xx_hal.o
                0x0000000008004aa4                HAL_GetTick
 .text.HAL_Delay
                0x0000000008004ab0       0x28 build/stm32h7xx_hal.o
                0x0000000008004ab0                HAL_Delay
 .text.HAL_GetREVID
                0x0000000008004ad8        0xc build/stm32h7xx_hal.o
                0x0000000008004ad8                HAL_GetREVID
 .text.I2C_Flush_TXDR
                0x0000000008004ae4       0x22 build/stm32h7xx_hal_i2c.o
 .text.I2C_TransferConfig
                0x0000000008004b06       0x3c build/stm32h7xx_hal_i2c.o
 .text.I2C_IsErrorOccurred
                0x0000000008004b42      0x130 build/stm32h7xx_hal_i2c.o
 .text.I2C_WaitOnTXISFlagUntilTimeout
                0x0000000008004c72       0x56 build/stm32h7xx_hal_i2c.o
 .text.I2C_WaitOnFlagUntilTimeout
                0x0000000008004cc8       0x56 build/stm32h7xx_hal_i2c.o
 *fill*         0x0000000008004d1e        0x2 
 .text.I2C_RequestMemoryWrite
                0x0000000008004d20       0x7c build/stm32h7xx_hal_i2c.o
 .text.I2C_RequestMemoryRead
                0x0000000008004d9c       0x78 build/stm32h7xx_hal_i2c.o
 .text.I2C_WaitOnSTOPFlagUntilTimeout
                0x0000000008004e14       0x50 build/stm32h7xx_hal_i2c.o
 .text.HAL_I2C_Init
                0x0000000008004e64       0xbc build/stm32h7xx_hal_i2c.o
                0x0000000008004e64                HAL_I2C_Init
 .text.HAL_I2C_Mem_Write
                0x0000000008004f20      0x1aa build/stm32h7xx_hal_i2c.o
                0x0000000008004f20                HAL_I2C_Mem_Write
 *fill*         0x00000000080050ca        0x2 
 .text.HAL_I2C_Mem_Read
                0x00000000080050cc      0x1b0 build/stm32h7xx_hal_i2c.o
                0x00000000080050cc                HAL_I2C_Mem_Read
 .text.HAL_I2CEx_ConfigAnalogFilter
                0x000000000800527c       0x5c build/stm32h7xx_hal_i2c_ex.o
                0x000000000800527c                HAL_I2CEx_ConfigAnalogFilter
 .text.HAL_I2CEx_ConfigDigitalFilter
                0x00000000080052d8       0x58 build/stm32h7xx_hal_i2c_ex.o
                0x00000000080052d8                HAL_I2CEx_ConfigDigitalFilter
 .text.TIM_OC1_SetConfig
                0x0000000008005330       0xa4 build/stm32h7xx_hal_tim.o
 .text.TIM_OC3_SetConfig
                0x00000000080053d4       0x94 build/stm32h7xx_hal_tim.o
 .text.TIM_OC4_SetConfig
                0x0000000008005468       0x74 build/stm32h7xx_hal_tim.o
 .text.TIM_OC5_SetConfig
                0x00000000080054dc       0x74 build/stm32h7xx_hal_tim.o
 .text.TIM_OC6_SetConfig
                0x0000000008005550       0x74 build/stm32h7xx_hal_tim.o
 .text.TIM_TI1_ConfigInputStage
                0x00000000080055c4       0x26 build/stm32h7xx_hal_tim.o
 .text.TIM_TI2_ConfigInputStage
                0x00000000080055ea       0x28 build/stm32h7xx_hal_tim.o
 *fill*         0x0000000008005612        0x2 
 .text.TIM_ITRx_SetConfig
                0x0000000008005614       0x14 build/stm32h7xx_hal_tim.o
 .text.HAL_TIM_PWM_MspInit
                0x0000000008005628        0x2 build/stm32h7xx_hal_tim.o
                0x0000000008005628                HAL_TIM_PWM_MspInit
 *fill*         0x000000000800562a        0x2 
 .text.TIM_Base_SetConfig
                0x000000000800562c      0x104 build/stm32h7xx_hal_tim.o
                0x000000000800562c                TIM_Base_SetConfig
 .text.HAL_TIM_Base_Init
                0x0000000008005730       0x60 build/stm32h7xx_hal_tim.o
                0x0000000008005730                HAL_TIM_Base_Init
 .text.HAL_TIM_PWM_Init
                0x0000000008005790       0x60 build/stm32h7xx_hal_tim.o
                0x0000000008005790                HAL_TIM_PWM_Init
 .text.TIM_OC2_SetConfig
                0x00000000080057f0       0x94 build/stm32h7xx_hal_tim.o
                0x00000000080057f0                TIM_OC2_SetConfig
 .text.HAL_TIM_PWM_ConfigChannel
                0x0000000008005884      0x13a build/stm32h7xx_hal_tim.o
                0x0000000008005884                HAL_TIM_PWM_ConfigChannel
 .text.TIM_ETR_SetConfig
                0x00000000080059be       0x1a build/stm32h7xx_hal_tim.o
                0x00000000080059be                TIM_ETR_SetConfig
 .text.HAL_TIM_ConfigClockSource
                0x00000000080059d8      0x138 build/stm32h7xx_hal_tim.o
                0x00000000080059d8                HAL_TIM_ConfigClockSource
 .text.HAL_TIMEx_MasterConfigSynchronization
                0x0000000008005b10       0xa0 build/stm32h7xx_hal_tim_ex.o
                0x0000000008005b10                HAL_TIMEx_MasterConfigSynchronization
 .text.UART_SetConfig
                0x0000000008005bb0      0x5f4 build/stm32h7xx_hal_uart.o
                0x0000000008005bb0                UART_SetConfig
 .text.UART_AdvFeatureConfig
                0x00000000080061a4       0xca build/stm32h7xx_hal_uart.o
                0x00000000080061a4                UART_AdvFeatureConfig
 .text.UART_WaitOnFlagUntilTimeout
                0x000000000800626e       0xd8 build/stm32h7xx_hal_uart.o
                0x000000000800626e                UART_WaitOnFlagUntilTimeout
 .text.HAL_UART_Transmit
                0x0000000008006346       0xda build/stm32h7xx_hal_uart.o
                0x0000000008006346                HAL_UART_Transmit
 .text.HAL_UART_Receive
                0x0000000008006420      0x128 build/stm32h7xx_hal_uart.o
                0x0000000008006420                HAL_UART_Receive
 .text.UART_CheckIdleState
                0x0000000008006548       0x74 build/stm32h7xx_hal_uart.o
                0x0000000008006548                UART_CheckIdleState
 .text.HAL_UART_Init
                0x00000000080065bc       0x66 build/stm32h7xx_hal_uart.o
                0x00000000080065bc                HAL_UART_Init
 *fill*         0x0000000008006622        0x2 
 .text.UARTEx_SetNbDataToProcess
                0x0000000008006624       0x4c build/stm32h7xx_hal_uart_ex.o
 .text.HAL_UARTEx_DisableFifoMode
                0x0000000008006670       0x3e build/stm32h7xx_hal_uart_ex.o
                0x0000000008006670                HAL_UARTEx_DisableFifoMode
 .text.HAL_UARTEx_SetTxFifoThreshold
                0x00000000080066ae       0x4a build/stm32h7xx_hal_uart_ex.o
                0x00000000080066ae                HAL_UARTEx_SetTxFifoThreshold
 .text.HAL_UARTEx_SetRxFifoThreshold
                0x00000000080066f8       0x4a build/stm32h7xx_hal_uart_ex.o
                0x00000000080066f8                HAL_UARTEx_SetRxFifoThreshold
 *fill*         0x0000000008006742        0x2 
 .text.SPI_CloseTransfer
                0x0000000008006744       0xd0 build/stm32h7xx_hal_spi.o
 .text.SPI_GetPacketSize
                0x0000000008006814       0x10 build/stm32h7xx_hal_spi.o
 .text.SPI_WaitOnFlagUntilTimeout
                0x0000000008006824       0x46 build/stm32h7xx_hal_spi.o
 *fill*         0x000000000800686a        0x2 
 .text.HAL_SPI_Init
                0x000000000800686c      0x168 build/stm32h7xx_hal_spi.o
                0x000000000800686c                HAL_SPI_Init
 .text.HAL_SPI_Transmit
                0x00000000080069d4      0x2c4 build/stm32h7xx_hal_spi.o
                0x00000000080069d4                HAL_SPI_Transmit
 .text.HAL_SPI_TransmitReceive
                0x0000000008006c98      0x420 build/stm32h7xx_hal_spi.o
                0x0000000008006c98                HAL_SPI_TransmitReceive
 .text.HAL_SPI_Receive
                0x00000000080070b8      0x2b8 build/stm32h7xx_hal_spi.o
                0x00000000080070b8                HAL_SPI_Receive
 .text.MX_FATFS_Init
                0x0000000008007370       0x1c build/fatfs.o
                0x0000000008007370                MX_FATFS_Init
 .text.BSP_SD_ReadBlocks
                0x000000000800738c       0x20 build/bsp_driver_sd.o
                0x000000000800738c                BSP_SD_ReadBlocks
 .text.BSP_SD_WriteBlocks
                0x00000000080073ac       0x20 build/bsp_driver_sd.o
                0x00000000080073ac                BSP_SD_WriteBlocks
 .text.BSP_SD_GetCardState
                0x00000000080073cc       0x14 build/bsp_driver_sd.o
                0x00000000080073cc                BSP_SD_GetCardState
 .text.BSP_SD_GetCardInfo
                0x00000000080073e0       0x10 build/bsp_driver_sd.o
                0x00000000080073e0                BSP_SD_GetCardInfo
 .text.BSP_SD_IsDetected
                0x00000000080073f0       0x20 build/bsp_driver_sd.o
                0x00000000080073f0                BSP_SD_IsDetected
 .text.BSP_SD_Init
                0x0000000008007410       0x34 build/bsp_driver_sd.o
                0x0000000008007410                BSP_SD_Init
 .text.SD_CheckStatus
                0x0000000008007444       0x24 build/sd_diskio.o
 .text.SD_initialize
                0x0000000008007468       0x28 build/sd_diskio.o
                0x0000000008007468                SD_initialize
 .text.SD_status
                0x0000000008007490        0x8 build/sd_diskio.o
                0x0000000008007490                SD_status
 .text.SD_read  0x0000000008007498       0x24 build/sd_diskio.o
                0x0000000008007498                SD_read
 .text.SD_write
                0x00000000080074bc       0x24 build/sd_diskio.o
                0x00000000080074bc                SD_write
 .text.SD_ioctl
                0x00000000080074e0       0x58 build/sd_diskio.o
                0x00000000080074e0                SD_ioctl
 .text.BSP_PlatformIsDetected
                0x0000000008007538       0x1c build/fatfs_platform.o
                0x0000000008007538                BSP_PlatformIsDetected
 .text.SDMMC_GetCmdError
                0x0000000008007554       0x3c build/stm32h7xx_ll_sdmmc.o
 .text.SDMMC_Init
                0x0000000008007590       0x30 build/stm32h7xx_ll_sdmmc.o
                0x0000000008007590                SDMMC_Init
 .text.SDMMC_ReadFIFO
                0x00000000080075c0        0x6 build/stm32h7xx_ll_sdmmc.o
                0x00000000080075c0                SDMMC_ReadFIFO
 .text.SDMMC_WriteFIFO
                0x00000000080075c6        0xa build/stm32h7xx_ll_sdmmc.o
                0x00000000080075c6                SDMMC_WriteFIFO
 .text.SDMMC_PowerState_ON
                0x00000000080075d0        0xc build/stm32h7xx_ll_sdmmc.o
                0x00000000080075d0                SDMMC_PowerState_ON
 .text.SDMMC_GetPowerState
                0x00000000080075dc        0x8 build/stm32h7xx_ll_sdmmc.o
                0x00000000080075dc                SDMMC_GetPowerState
 .text.SDMMC_SendCommand
                0x00000000080075e4       0x24 build/stm32h7xx_ll_sdmmc.o
                0x00000000080075e4                SDMMC_SendCommand
 .text.SDMMC_GetCommandResponse
                0x0000000008007608        0x6 build/stm32h7xx_ll_sdmmc.o
                0x0000000008007608                SDMMC_GetCommandResponse
 .text.SDMMC_GetResponse
                0x000000000800760e        0x6 build/stm32h7xx_ll_sdmmc.o
                0x000000000800760e                SDMMC_GetResponse
 .text.SDMMC_ConfigData
                0x0000000008007614       0x24 build/stm32h7xx_ll_sdmmc.o
                0x0000000008007614                SDMMC_ConfigData
 .text.SDMMC_CmdGoIdleState
                0x0000000008007638       0x26 build/stm32h7xx_ll_sdmmc.o
                0x0000000008007638                SDMMC_CmdGoIdleState
 *fill*         0x000000000800765e        0x2 
 .text.SDMMC_GetCmdResp1
                0x0000000008007660      0x160 build/stm32h7xx_ll_sdmmc.o
                0x0000000008007660                SDMMC_GetCmdResp1
 .text.SDMMC_CmdBlockLength
                0x00000000080077c0       0x32 build/stm32h7xx_ll_sdmmc.o
                0x00000000080077c0                SDMMC_CmdBlockLength
 .text.SDMMC_CmdReadSingleBlock
                0x00000000080077f2       0x32 build/stm32h7xx_ll_sdmmc.o
                0x00000000080077f2                SDMMC_CmdReadSingleBlock
 .text.SDMMC_CmdReadMultiBlock
                0x0000000008007824       0x32 build/stm32h7xx_ll_sdmmc.o
                0x0000000008007824                SDMMC_CmdReadMultiBlock
 .text.SDMMC_CmdWriteSingleBlock
                0x0000000008007856       0x32 build/stm32h7xx_ll_sdmmc.o
                0x0000000008007856                SDMMC_CmdWriteSingleBlock
 .text.SDMMC_CmdWriteMultiBlock
                0x0000000008007888       0x32 build/stm32h7xx_ll_sdmmc.o
                0x0000000008007888                SDMMC_CmdWriteMultiBlock
 *fill*         0x00000000080078ba        0x2 
 .text.SDMMC_CmdStopTransfer
                0x00000000080078bc       0x58 build/stm32h7xx_ll_sdmmc.o
                0x00000000080078bc                SDMMC_CmdStopTransfer
 .text.SDMMC_CmdSelDesel
                0x0000000008007914       0x32 build/stm32h7xx_ll_sdmmc.o
                0x0000000008007914                SDMMC_CmdSelDesel
 .text.SDMMC_CmdAppCommand
                0x0000000008007946       0x32 build/stm32h7xx_ll_sdmmc.o
                0x0000000008007946                SDMMC_CmdAppCommand
 .text.SDMMC_CmdBusWidth
                0x0000000008007978       0x32 build/stm32h7xx_ll_sdmmc.o
                0x0000000008007978                SDMMC_CmdBusWidth
 .text.SDMMC_CmdSendSCR
                0x00000000080079aa       0x32 build/stm32h7xx_ll_sdmmc.o
                0x00000000080079aa                SDMMC_CmdSendSCR
 .text.SDMMC_CmdSendStatus
                0x00000000080079dc       0x32 build/stm32h7xx_ll_sdmmc.o
                0x00000000080079dc                SDMMC_CmdSendStatus
 .text.SDMMC_CmdStatusRegister
                0x0000000008007a0e       0x32 build/stm32h7xx_ll_sdmmc.o
                0x0000000008007a0e                SDMMC_CmdStatusRegister
 .text.SDMMC_GetCmdResp2
                0x0000000008007a40       0x60 build/stm32h7xx_ll_sdmmc.o
                0x0000000008007a40                SDMMC_GetCmdResp2
 .text.SDMMC_CmdSendCID
                0x0000000008007aa0       0x2c build/stm32h7xx_ll_sdmmc.o
                0x0000000008007aa0                SDMMC_CmdSendCID
 .text.SDMMC_CmdSendCSD
                0x0000000008007acc       0x2c build/stm32h7xx_ll_sdmmc.o
                0x0000000008007acc                SDMMC_CmdSendCSD
 .text.SDMMC_GetCmdResp3
                0x0000000008007af8       0x50 build/stm32h7xx_ll_sdmmc.o
                0x0000000008007af8                SDMMC_GetCmdResp3
 .text.SDMMC_CmdAppOperCommand
                0x0000000008007b48       0x2c build/stm32h7xx_ll_sdmmc.o
                0x0000000008007b48                SDMMC_CmdAppOperCommand
 .text.SDMMC_GetCmdResp6
                0x0000000008007b74       0xa4 build/stm32h7xx_ll_sdmmc.o
                0x0000000008007b74                SDMMC_GetCmdResp6
 .text.SDMMC_CmdSetRelAdd
                0x0000000008007c18       0x32 build/stm32h7xx_ll_sdmmc.o
                0x0000000008007c18                SDMMC_CmdSetRelAdd
 *fill*         0x0000000008007c4a        0x2 
 .text.SDMMC_GetCmdResp7
                0x0000000008007c4c       0x64 build/stm32h7xx_ll_sdmmc.o
                0x0000000008007c4c                SDMMC_GetCmdResp7
 .text.SDMMC_CmdOperCond
                0x0000000008007cb0       0x30 build/stm32h7xx_ll_sdmmc.o
                0x0000000008007cb0                SDMMC_CmdOperCond
 .text.SD_PowerON
                0x0000000008007ce0       0xc4 build/stm32h7xx_hal_sd.o
 .text.SD_SendSDStatus
                0x0000000008007da4      0x108 build/stm32h7xx_hal_sd.o
 .text.SD_FindSCR
                0x0000000008007eac      0x108 build/stm32h7xx_hal_sd.o
 .text.SD_WideBus_Enable
                0x0000000008007fb4       0x4e build/stm32h7xx_hal_sd.o
 .text.SD_WideBus_Disable
                0x0000000008008002       0x4e build/stm32h7xx_hal_sd.o
 .text.SD_SendStatus
                0x0000000008008050       0x2c build/stm32h7xx_hal_sd.o
 .text.HAL_SD_ReadBlocks
                0x000000000800807c      0x204 build/stm32h7xx_hal_sd.o
                0x000000000800807c                HAL_SD_ReadBlocks
 .text.HAL_SD_WriteBlocks
                0x0000000008008280      0x214 build/stm32h7xx_hal_sd.o
                0x0000000008008280                HAL_SD_WriteBlocks
 .text.HAL_SD_GetCardCSD
                0x0000000008008494      0x1b8 build/stm32h7xx_hal_sd.o
                0x0000000008008494                HAL_SD_GetCardCSD
 .text.SD_InitCard
                0x000000000800864c       0xfc build/stm32h7xx_hal_sd.o
 .text.HAL_SD_InitCard
                0x0000000008008748       0xc4 build/stm32h7xx_hal_sd.o
                0x0000000008008748                HAL_SD_InitCard
 .text.HAL_SD_GetCardStatus
                0x000000000800880c       0xd0 build/stm32h7xx_hal_sd.o
                0x000000000800880c                HAL_SD_GetCardStatus
 .text.HAL_SD_GetCardInfo
                0x00000000080088dc       0x24 build/stm32h7xx_hal_sd.o
                0x00000000080088dc                HAL_SD_GetCardInfo
 .text.HAL_SD_ConfigWideBusOperation
                0x0000000008008900      0x154 build/stm32h7xx_hal_sd.o
                0x0000000008008900                HAL_SD_ConfigWideBusOperation
 .text.HAL_SD_GetCardState
                0x0000000008008a54       0x22 build/stm32h7xx_hal_sd.o
                0x0000000008008a54                HAL_SD_GetCardState
 .text.HAL_SD_Init
                0x0000000008008a76       0xba build/stm32h7xx_hal_sd.o
                0x0000000008008a76                HAL_SD_Init
 .text.FATFS_LinkDriverEx
                0x0000000008008b30       0x54 build/ff_gen_drv.o
                0x0000000008008b30                FATFS_LinkDriverEx
 .text.FATFS_LinkDriver
                0x0000000008008b84        0xa build/ff_gen_drv.o
                0x0000000008008b84                FATFS_LinkDriver
 *fill*         0x0000000008008b8e        0x2 
 .text.Reset_Handler
                0x0000000008008b90       0x50 build/startup_stm32h750xx.o
                0x0000000008008b90                Reset_Handler
 .text.Default_Handler
                0x0000000008008be0        0x2 build/startup_stm32h750xx.o
                0x0000000008008be0                RTC_Alarm_IRQHandler
                0x0000000008008be0                HASH_RNG_IRQHandler
                0x0000000008008be0                EXTI2_IRQHandler
                0x0000000008008be0                TIM8_CC_IRQHandler
                0x0000000008008be0                HRTIM1_Master_IRQHandler
                0x0000000008008be0                UART8_IRQHandler
                0x0000000008008be0                SPI4_IRQHandler
                0x0000000008008be0                TIM1_CC_IRQHandler
                0x0000000008008be0                BDMA_Channel6_IRQHandler
                0x0000000008008be0                DMA2_Stream5_IRQHandler
                0x0000000008008be0                HRTIM1_FLT_IRQHandler
                0x0000000008008be0                JPEG_IRQHandler
                0x0000000008008be0                DMA1_Stream5_IRQHandler
                0x0000000008008be0                BDMA_Channel1_IRQHandler
                0x0000000008008be0                HRTIM1_TIMD_IRQHandler
                0x0000000008008be0                TAMP_STAMP_IRQHandler
                0x0000000008008be0                EXTI3_IRQHandler
                0x0000000008008be0                LPTIM4_IRQHandler
                0x0000000008008be0                TIM8_TRG_COM_TIM14_IRQHandler
                0x0000000008008be0                LPTIM2_IRQHandler
                0x0000000008008be0                DFSDM1_FLT1_IRQHandler
                0x0000000008008be0                DMAMUX2_OVR_IRQHandler
                0x0000000008008be0                TIM8_UP_TIM13_IRQHandler
                0x0000000008008be0                I2C3_ER_IRQHandler
                0x0000000008008be0                DFSDM1_FLT2_IRQHandler
                0x0000000008008be0                MDMA_IRQHandler
                0x0000000008008be0                LPTIM3_IRQHandler
                0x0000000008008be0                HSEM1_IRQHandler
                0x0000000008008be0                EXTI0_IRQHandler
                0x0000000008008be0                I2C2_EV_IRQHandler
                0x0000000008008be0                DMA1_Stream2_IRQHandler
                0x0000000008008be0                FPU_IRQHandler
                0x0000000008008be0                OTG_HS_WKUP_IRQHandler
                0x0000000008008be0                FDCAN1_IT1_IRQHandler
                0x0000000008008be0                LTDC_ER_IRQHandler
                0x0000000008008be0                DMA2_Stream2_IRQHandler
                0x0000000008008be0                HRTIM1_TIME_IRQHandler
                0x0000000008008be0                SPI1_IRQHandler
                0x0000000008008be0                TIM6_DAC_IRQHandler
                0x0000000008008be0                DCMI_IRQHandler
                0x0000000008008be0                HRTIM1_TIMC_IRQHandler
                0x0000000008008be0                DMA2_Stream3_IRQHandler
                0x0000000008008be0                SAI2_IRQHandler
                0x0000000008008be0                DFSDM1_FLT3_IRQHandler
                0x0000000008008be0                USART6_IRQHandler
                0x0000000008008be0                TIM17_IRQHandler
                0x0000000008008be0                USART3_IRQHandler
                0x0000000008008be0                BDMA_Channel7_IRQHandler
                0x0000000008008be0                CRYP_IRQHandler
                0x0000000008008be0                LPTIM5_IRQHandler
                0x0000000008008be0                UART5_IRQHandler
                0x0000000008008be0                ADC3_IRQHandler
                0x0000000008008be0                DMA2_Stream0_IRQHandler
                0x0000000008008be0                TIM4_IRQHandler
                0x0000000008008be0                BDMA_Channel2_IRQHandler
                0x0000000008008be0                QUADSPI_IRQHandler
                0x0000000008008be0                I2C1_EV_IRQHandler
                0x0000000008008be0                DMA1_Stream6_IRQHandler
                0x0000000008008be0                DMAMUX1_OVR_IRQHandler
                0x0000000008008be0                DMA1_Stream1_IRQHandler
                0x0000000008008be0                TIM16_IRQHandler
                0x0000000008008be0                UART4_IRQHandler
                0x0000000008008be0                BDMA_Channel5_IRQHandler
                0x0000000008008be0                TIM3_IRQHandler
                0x0000000008008be0                RCC_IRQHandler
                0x0000000008008be0                TIM8_BRK_TIM12_IRQHandler
                0x0000000008008be0                TIM1_TRG_COM_IRQHandler
                0x0000000008008be0                Default_Handler
                0x0000000008008be0                ECC_IRQHandler
                0x0000000008008be0                CEC_IRQHandler
                0x0000000008008be0                EXTI15_10_IRQHandler
                0x0000000008008be0                BDMA_Channel0_IRQHandler
                0x0000000008008be0                ADC_IRQHandler
                0x0000000008008be0                DMA1_Stream7_IRQHandler
                0x0000000008008be0                HRTIM1_TIMA_IRQHandler
                0x0000000008008be0                SPI5_IRQHandler
                0x0000000008008be0                TIM7_IRQHandler
                0x0000000008008be0                SDMMC1_IRQHandler
                0x0000000008008be0                TIM5_IRQHandler
                0x0000000008008be0                DMA2_Stream7_IRQHandler
                0x0000000008008be0                TIM15_IRQHandler
                0x0000000008008be0                PVD_AVD_IRQHandler
                0x0000000008008be0                I2C3_EV_IRQHandler
                0x0000000008008be0                EXTI9_5_IRQHandler
                0x0000000008008be0                RTC_WKUP_IRQHandler
                0x0000000008008be0                LTDC_IRQHandler
                0x0000000008008be0                SAI3_IRQHandler
                0x0000000008008be0                ETH_WKUP_IRQHandler
                0x0000000008008be0                SPDIF_RX_IRQHandler
                0x0000000008008be0                SPI2_IRQHandler
                0x0000000008008be0                OTG_HS_EP1_IN_IRQHandler
                0x0000000008008be0                DMA1_Stream0_IRQHandler
                0x0000000008008be0                CRS_IRQHandler
                0x0000000008008be0                EXTI4_IRQHandler
                0x0000000008008be0                HRTIM1_TIMB_IRQHandler
                0x0000000008008be0                FDCAN2_IT1_IRQHandler
                0x0000000008008be0                ETH_IRQHandler
                0x0000000008008be0                TIM1_UP_IRQHandler
                0x0000000008008be0                BDMA_Channel4_IRQHandler
                0x0000000008008be0                OTG_HS_EP1_OUT_IRQHandler
                0x0000000008008be0                WWDG_IRQHandler
                0x0000000008008be0                SPI6_IRQHandler
                0x0000000008008be0                MDIOS_IRQHandler
                0x0000000008008be0                I2C4_EV_IRQHandler
                0x0000000008008be0                FDCAN2_IT0_IRQHandler
                0x0000000008008be0                LPUART1_IRQHandler
                0x0000000008008be0                FDCAN1_IT0_IRQHandler
                0x0000000008008be0                TIM2_IRQHandler
                0x0000000008008be0                OTG_FS_WKUP_IRQHandler
                0x0000000008008be0                OTG_HS_IRQHandler
                0x0000000008008be0                DMA2D_IRQHandler
                0x0000000008008be0                TIM1_BRK_IRQHandler
                0x0000000008008be0                EXTI1_IRQHandler
                0x0000000008008be0                SDMMC2_IRQHandler
                0x0000000008008be0                OTG_FS_EP1_OUT_IRQHandler
                0x0000000008008be0                BDMA_Channel3_IRQHandler
                0x0000000008008be0                UART7_IRQHandler
                0x0000000008008be0                MDIOS_WKUP_IRQHandler
                0x0000000008008be0                USART2_IRQHandler
                0x0000000008008be0                DFSDM1_FLT0_IRQHandler
                0x0000000008008be0                SAI4_IRQHandler
                0x0000000008008be0                I2C2_ER_IRQHandler
                0x0000000008008be0                DMA2_Stream1_IRQHandler
                0x0000000008008be0                FLASH_IRQHandler
                0x0000000008008be0                DMA2_Stream4_IRQHandler
                0x0000000008008be0                USART1_IRQHandler
                0x0000000008008be0                OTG_FS_IRQHandler
                0x0000000008008be0                SPI3_IRQHandler
                0x0000000008008be0                WAKEUP_PIN_IRQHandler
                0x0000000008008be0                DMA1_Stream4_IRQHandler
                0x0000000008008be0                OTG_FS_EP1_IN_IRQHandler
                0x0000000008008be0                I2C1_ER_IRQHandler
                0x0000000008008be0                FMC_IRQHandler
                0x0000000008008be0                FDCAN_CAL_IRQHandler
                0x0000000008008be0                SWPMI1_IRQHandler
                0x0000000008008be0                COMP1_IRQHandler
                0x0000000008008be0                LPTIM1_IRQHandler
                0x0000000008008be0                I2C4_ER_IRQHandler
                0x0000000008008be0                DMA2_Stream6_IRQHandler
                0x0000000008008be0                SAI1_IRQHandler
                0x0000000008008be0                DMA1_Stream3_IRQHandler
 *fill*         0x0000000008008be2        0x2 
 .text.__libc_init_array
                0x0000000008008be4       0x48 /usr/lib/gcc/arm-none-eabi/12.2.0/../../../../arm-none-eabi/lib/thumb/v7e-m+dp/hard/libc_nano.a(lib_a-init.o)
                0x0000000008008be4                __libc_init_array
 .text.memcpy   0x0000000008008c2c       0x1c /usr/lib/gcc/arm-none-eabi/12.2.0/../../../../arm-none-eabi/lib/thumb/v7e-m+dp/hard/libc_nano.a(lib_a-memcpy-stub.o)
                0x0000000008008c2c                memcpy
 .text.memset   0x0000000008008c48       0x10 /usr/lib/gcc/arm-none-eabi/12.2.0/../../../../arm-none-eabi/lib/thumb/v7e-m+dp/hard/libc_nano.a(lib_a-memset.o)
                0x0000000008008c48                memset
 .text.powf     0x0000000008008c58      0x320 /usr/lib/gcc/arm-none-eabi/12.2.0/../../../../arm-none-eabi/lib/thumb/v7e-m+dp/hard/libm.a(lib_a-sf_pow.o)
                0x0000000008008c58                powf
 .text.with_errnof
                0x0000000008008f78       0x18 /usr/lib/gcc/arm-none-eabi/12.2.0/../../../../arm-none-eabi/lib/thumb/v7e-m+dp/hard/libm.a(lib_a-math_errf.o)
 .text.xflowf   0x0000000008008f90       0x20 /usr/lib/gcc/arm-none-eabi/12.2.0/../../../../arm-none-eabi/lib/thumb/v7e-m+dp/hard/libm.a(lib_a-math_errf.o)
 .text.__math_uflowf
                0x0000000008008fb0        0xc /usr/lib/gcc/arm-none-eabi/12.2.0/../../../../arm-none-eabi/lib/thumb/v7e-m+dp/hard/libm.a(lib_a-math_errf.o)
                0x0000000008008fb0                __math_uflowf
 .text.__math_may_uflowf
                0x0000000008008fbc        0xc /usr/lib/gcc/arm-none-eabi/12.2.0/../../../../arm-none-eabi/lib/thumb/v7e-m+dp/hard/libm.a(lib_a-math_errf.o)
                0x0000000008008fbc                __math_may_uflowf
 .text.__math_oflowf
                0x0000000008008fc8        0xc /usr/lib/gcc/arm-none-eabi/12.2.0/../../../../arm-none-eabi/lib/thumb/v7e-m+dp/hard/libm.a(lib_a-math_errf.o)
                0x0000000008008fc8                __math_oflowf
 .text.__math_divzerof
                0x0000000008008fd4       0x24 /usr/lib/gcc/arm-none-eabi/12.2.0/../../../../arm-none-eabi/lib/thumb/v7e-m+dp/hard/libm.a(lib_a-math_errf.o)
                0x0000000008008fd4                __math_divzerof
 .text.__math_invalidf
                0x0000000008008ff8       0x20 /usr/lib/gcc/arm-none-eabi/12.2.0/../../../../arm-none-eabi/lib/thumb/v7e-m+dp/hard/libm.a(lib_a-math_errf.o)
                0x0000000008008ff8                __math_invalidf
 .text.__udivmoddi4
                0x0000000008009018      0x2a0 /usr/lib/gcc/arm-none-eabi/12.2.0/thumb/v7e-m+dp/hard/libgcc.a(_udivmoddi4.o)
                0x0000000008009018                __udivmoddi4
 .text.__errno  0x00000000080092b8        0xc /usr/lib/gcc/arm-none-eabi/12.2.0/../../../../arm-none-eabi/lib/thumb/v7e-m+dp/hard/libc_nano.a(lib_a-errno.o)
                0x00000000080092b8                __errno
 *(.glue_7)
 .glue_7        0x00000000080092c4        0x0 linker stubs
 *(.glue_7t)
 .glue_7t       0x00000000080092c4        0x0 linker stubs
 *(.eh_frame)
 .eh_frame      0x00000000080092c4        0x0 /usr/lib/gcc/arm-none-eabi/12.2.0/thumb/v7e-m+dp/hard/crtbegin.o
 *(.init)
 .init          0x00000000080092c4        0x4 /usr/lib/gcc/arm-none-eabi/12.2.0/thumb/v7e-m+dp/hard/crti.o
                0x00000000080092c4                _init
 .init          0x00000000080092c8        0x8 /usr/lib/gcc/arm-none-eabi/12.2.0/thumb/v7e-m+dp/hard/crtn.o
 *(.fini)
 .fini          0x00000000080092d0        0x4 /usr/lib/gcc/arm-none-eabi/12.2.0/thumb/v7e-m+dp/hard/crti.o
                0x00000000080092d0                _fini
 .fini          0x00000000080092d4        0x8 /usr/lib/gcc/arm-none-eabi/12.2.0/thumb/v7e-m+dp/hard/crtn.o
                0x00000000080092dc                . = ALIGN (0x4)
                0x00000000080092dc                _etext = .

.vfp11_veneer   0x00000000080092dc        0x0
 .vfp11_veneer  0x00000000080092dc        0x0 linker stubs

.v4_bx          0x00000000080092dc        0x0
 .v4_bx         0x00000000080092dc        0x0 linker stubs

.iplt           0x00000000080092dc        0x0
 .iplt          0x00000000080092dc        0x0 /usr/lib/gcc/arm-none-eabi/12.2.0/thumb/v7e-m+dp/hard/crtbegin.o

.rodata         0x00000000080092e0      0x2c0
                0x00000000080092e0                . = ALIGN (0x4)
 *(.rodata)
 *(.rodata*)
 .rodata.D1CorePrescTable
                0x00000000080092e0       0x10 build/system_stm32h7xx.o
                0x00000000080092e0                D1CorePrescTable
 .rodata.UARTPrescTable
                0x00000000080092f0       0x18 build/stm32h7xx_hal_uart.o
                0x00000000080092f0                UARTPrescTable
 .rodata.denominator.0
                0x0000000008009308        0x8 build/stm32h7xx_hal_uart_ex.o
 .rodata.numerator.1
                0x0000000008009310        0x8 build/stm32h7xx_hal_uart_ex.o
 .rodata.SD_Driver
                0x0000000008009318       0x14 build/sd_diskio.o
                0x0000000008009318                SD_Driver
 *fill*         0x000000000800932c        0x4 
 .rodata.__exp2f_data
                0x0000000008009330      0x148 /usr/lib/gcc/arm-none-eabi/12.2.0/../../../../arm-none-eabi/lib/thumb/v7e-m+dp/hard/libm.a(lib_a-sf_exp2_data.o)
                0x0000000008009330                __exp2f_data
 .rodata.__powf_log2_data
                0x0000000008009478      0x128 /usr/lib/gcc/arm-none-eabi/12.2.0/../../../../arm-none-eabi/lib/thumb/v7e-m+dp/hard/libm.a(lib_a-sf_pow_log2_data.o)
                0x0000000008009478                __powf_log2_data
                0x00000000080095a0                . = ALIGN (0x4)

.ARM.extab
 *(.ARM.extab* .gnu.linkonce.armextab.*)

.ARM            0x00000000080095a0        0x8
                0x00000000080095a0                __exidx_start = .
 *(.ARM.exidx*)
 .ARM.exidx.text.__udivmoddi4
                0x00000000080095a0        0x8 /usr/lib/gcc/arm-none-eabi/12.2.0/thumb/v7e-m+dp/hard/libgcc.a(_udivmoddi4.o)
                0x00000000080095a8                __exidx_end = .

.rel.dyn        0x00000000080095a8        0x0
 .rel.iplt      0x00000000080095a8        0x0 /usr/lib/gcc/arm-none-eabi/12.2.0/thumb/v7e-m+dp/hard/crtbegin.o

.preinit_array  0x00000000080095a8        0x0
                0x00000000080095a8                PROVIDE (__preinit_array_start = .)
 *(.preinit_array*)
                0x00000000080095a8                PROVIDE (__preinit_array_end = .)

.init_array     0x00000000080095a8        0x4
                0x00000000080095a8                PROVIDE (__init_array_start = .)
 *(SORT_BY_NAME(.init_array.*))
 *(.init_array*)
 .init_array    0x00000000080095a8        0x4 /usr/lib/gcc/arm-none-eabi/12.2.0/thumb/v7e-m+dp/hard/crtbegin.o
                0x00000000080095ac                PROVIDE (__init_array_end = .)

.fini_array     0x00000000080095ac        0x4
                0x00000000080095ac                PROVIDE (__fini_array_start = .)
 *(SORT_BY_NAME(.fini_array.*))
 *(.fini_array*)
 .fini_array    0x00000000080095ac        0x4 /usr/lib/gcc/arm-none-eabi/12.2.0/thumb/v7e-m+dp/hard/crtbegin.o
                0x00000000080095b0                PROVIDE (__fini_array_end = .)
                0x00000000080095b0                _sidata = LOADADDR (.data)

.data           0x0000000020000000       0x78 load address 0x00000000080095b0
                0x0000000020000000                . = ALIGN (0x4)
                0x0000000020000000                _sdata = .
 *(.data)
 *(.data*)
 .data.SystemD2Clock
                0x0000000020000000        0x4 build/system_stm32h7xx.o
                0x0000000020000000                SystemD2Clock
 .data.SystemCoreClock
                0x0000000020000004        0x4 build/system_stm32h7xx.o
                0x0000000020000004                SystemCoreClock
 .data.uwTickFreq
                0x0000000020000008        0x1 build/stm32h7xx_hal.o
                0x0000000020000008                uwTickFreq
 *fill*         0x0000000020000009        0x3 
 .data.uwTickPrio
                0x000000002000000c        0x4 build/stm32h7xx_hal.o
                0x000000002000000c                uwTickPrio
 .data.Stat     0x0000000020000010        0x1 build/sd_diskio.o
 *fill*         0x0000000020000011        0x3 
 .data._impure_ptr
                0x0000000020000014        0x4 /usr/lib/gcc/arm-none-eabi/12.2.0/../../../../arm-none-eabi/lib/thumb/v7e-m+dp/hard/libc_nano.a(lib_a-impure.o)
                0x0000000020000014                _impure_ptr
 .data.impure_data
                0x0000000020000018       0x60 /usr/lib/gcc/arm-none-eabi/12.2.0/../../../../arm-none-eabi/lib/thumb/v7e-m+dp/hard/libc_nano.a(lib_a-impure.o)
                0x0000000020000078                . = ALIGN (0x4)
                0x0000000020000078                _edata = .

.igot.plt       0x0000000020000078        0x0 load address 0x0000000008009628
 .igot.plt      0x0000000020000078        0x0 /usr/lib/gcc/arm-none-eabi/12.2.0/thumb/v7e-m+dp/hard/crtbegin.o
                0x0000000020000078                . = ALIGN (0x4)

.bss            0x0000000020000078      0x350 load address 0x0000000008009628
                0x0000000020000078                _sbss = .
                0x0000000020000078                __bss_start__ = _sbss
 *(.bss)
 *(.bss*)
 .bss.completed.1
                0x0000000020000078        0x1 /usr/lib/gcc/arm-none-eabi/12.2.0/thumb/v7e-m+dp/hard/crtbegin.o
 *fill*         0x0000000020000079        0x3 
 .bss.object.0  0x000000002000007c       0x18 /usr/lib/gcc/arm-none-eabi/12.2.0/thumb/v7e-m+dp/hard/crtbegin.o
 .bss.huart6    0x0000000020000094       0x90 build/main.o
                0x0000000020000094                huart6
 .bss.htim4     0x0000000020000124       0x4c build/main.o
                0x0000000020000124                htim4
 .bss.hspi2     0x0000000020000170       0x88 build/main.o
                0x0000000020000170                hspi2
 .bss.hsd1      0x00000000200001f8       0x7c build/main.o
                0x00000000200001f8                hsd1
 .bss.hi2c2     0x0000000020000274       0x4c build/main.o
                0x0000000020000274                hi2c2
 .bss.hi2c1     0x00000000200002c0       0x4c build/main.o
                0x00000000200002c0                hi2c1
 .bss.baro_cal_data
                0x000000002000030c       0x3c build/baro.o
 .bss.baro_configuration
                0x0000000020000348        0x6 build/baro.o
 .bss.write_enabled
                0x000000002000034e        0x1 build/flash.o
 *fill*         0x000000002000034f        0x1 
 .bss.sensor_size_offsets_table
                0x0000000020000350       0x60 build/sensor.o
 .bss.uwTick    0x00000000200003b0        0x4 build/stm32h7xx_hal.o
                0x00000000200003b0                uwTick
 .bss.SDPath    0x00000000200003b4        0x4 build/fatfs.o
                0x00000000200003b4                SDPath
 .bss.retSD     0x00000000200003b8        0x1 build/fatfs.o
                0x00000000200003b8                retSD
 *fill*         0x00000000200003b9        0x3 
 .bss.disk      0x00000000200003bc        0xc build/ff_gen_drv.o
                0x00000000200003bc                disk
 *(COMMON)
                0x00000000200003c8                . = ALIGN (0x4)
                0x00000000200003c8                _ebss = .
                0x00000000200003c8                __bss_end__ = _ebss

._user_heap_stack
                0x00000000200003c8      0x600 load address 0x0000000008009628
                0x00000000200003c8                . = ALIGN (0x8)
                [!provide]                        PROVIDE (end = .)
                [!provide]                        PROVIDE (_end = .)
                0x00000000200005c8                . = (. + _Min_Heap_Size)
 *fill*         0x00000000200003c8      0x200 
                0x00000000200009c8                . = (. + _Min_Stack_Size)
 *fill*         0x00000000200005c8      0x400 
                0x00000000200009c8                . = ALIGN (0x8)

/DISCARD/
 libc.a(*)
 libm.a(*)
 libgcc.a(*)

.ARM.attributes
                0x0000000000000000       0x2e
 *(.ARM.attributes)
 .ARM.attributes
                0x0000000000000000       0x20 /usr/lib/gcc/arm-none-eabi/12.2.0/thumb/v7e-m+dp/hard/crti.o
 .ARM.attributes
                0x0000000000000020       0x32 /usr/lib/gcc/arm-none-eabi/12.2.0/thumb/v7e-m+dp/hard/crtbegin.o
 .ARM.attributes
                0x0000000000000052       0x32 build/main.o
 .ARM.attributes
                0x0000000000000084       0x32 build/init.o
 .ARM.attributes
                0x00000000000000b6       0x32 build/baro.o
 .ARM.attributes
                0x00000000000000e8       0x32 build/commands.o
 .ARM.attributes
                0x000000000000011a       0x32 build/flash.o
 .ARM.attributes
                0x000000000000014c       0x32 build/ignition.o
 .ARM.attributes
                0x000000000000017e       0x32 build/imu.o
 .ARM.attributes
                0x00000000000001b0       0x32 build/led.o
 .ARM.attributes
                0x00000000000001e2       0x32 build/sensor.o
 .ARM.attributes
                0x0000000000000214       0x32 build/usb.o
 .ARM.attributes
                0x0000000000000246       0x32 build/stm32h7xx_it.o
 .ARM.attributes
                0x0000000000000278       0x32 build/stm32h7xx_hal_msp.o
 .ARM.attributes
                0x00000000000002aa       0x32 build/system_stm32h7xx.o
 .ARM.attributes
                0x00000000000002dc       0x32 build/stm32h7xx_hal_cortex.o
 .ARM.attributes
                0x000000000000030e       0x32 build/stm32h7xx_hal_rcc.o
 .ARM.attributes
                0x0000000000000340       0x32 build/stm32h7xx_hal_rcc_ex.o
 .ARM.attributes
                0x0000000000000372       0x32 build/stm32h7xx_hal_gpio.o
 .ARM.attributes
                0x00000000000003a4       0x32 build/stm32h7xx_hal_pwr_ex.o
 .ARM.attributes
                0x00000000000003d6       0x32 build/stm32h7xx_hal.o
 .ARM.attributes
                0x0000000000000408       0x32 build/stm32h7xx_hal_i2c.o
 .ARM.attributes
                0x000000000000043a       0x32 build/stm32h7xx_hal_i2c_ex.o
 .ARM.attributes
                0x000000000000046c       0x32 build/stm32h7xx_hal_tim.o
 .ARM.attributes
                0x000000000000049e       0x32 build/stm32h7xx_hal_tim_ex.o
 .ARM.attributes
                0x00000000000004d0       0x32 build/stm32h7xx_hal_uart.o
 .ARM.attributes
                0x0000000000000502       0x32 build/stm32h7xx_hal_uart_ex.o
 .ARM.attributes
                0x0000000000000534       0x32 build/stm32h7xx_hal_spi.o
 .ARM.attributes
                0x0000000000000566       0x32 build/fatfs.o
 .ARM.attributes
                0x0000000000000598       0x32 build/bsp_driver_sd.o
 .ARM.attributes
                0x00000000000005ca       0x32 build/sd_diskio.o
 .ARM.attributes
                0x00000000000005fc       0x32 build/fatfs_platform.o
 .ARM.attributes
                0x000000000000062e       0x32 build/stm32h7xx_ll_sdmmc.o
 .ARM.attributes
                0x0000000000000660       0x32 build/stm32h7xx_hal_sd.o
 .ARM.attributes
                0x0000000000000692       0x32 build/ff_gen_drv.o
 .ARM.attributes
                0x00000000000006c4       0x21 build/startup_stm32h750xx.o
 .ARM.attributes
                0x00000000000006e5       0x30 /usr/lib/gcc/arm-none-eabi/12.2.0/../../../../arm-none-eabi/lib/thumb/v7e-m+dp/hard/libc_nano.a(lib_a-impure.o)
 .ARM.attributes
                0x0000000000000715       0x32 /usr/lib/gcc/arm-none-eabi/12.2.0/../../../../arm-none-eabi/lib/thumb/v7e-m+dp/hard/libc_nano.a(lib_a-init.o)
 .ARM.attributes
                0x0000000000000747       0x32 /usr/lib/gcc/arm-none-eabi/12.2.0/../../../../arm-none-eabi/lib/thumb/v7e-m+dp/hard/libc_nano.a(lib_a-memcpy-stub.o)
 .ARM.attributes
                0x0000000000000779       0x32 /usr/lib/gcc/arm-none-eabi/12.2.0/../../../../arm-none-eabi/lib/thumb/v7e-m+dp/hard/libc_nano.a(lib_a-memset.o)
 .ARM.attributes
                0x00000000000007ab       0x32 /usr/lib/gcc/arm-none-eabi/12.2.0/../../../../arm-none-eabi/lib/thumb/v7e-m+dp/hard/libm.a(lib_a-sf_pow.o)
 .ARM.attributes
                0x00000000000007dd       0x32 /usr/lib/gcc/arm-none-eabi/12.2.0/../../../../arm-none-eabi/lib/thumb/v7e-m+dp/hard/libm.a(lib_a-math_errf.o)
 .ARM.attributes
                0x000000000000080f       0x30 /usr/lib/gcc/arm-none-eabi/12.2.0/../../../../arm-none-eabi/lib/thumb/v7e-m+dp/hard/libm.a(lib_a-sf_exp2_data.o)
 .ARM.attributes
                0x000000000000083f       0x30 /usr/lib/gcc/arm-none-eabi/12.2.0/../../../../arm-none-eabi/lib/thumb/v7e-m+dp/hard/libm.a(lib_a-sf_pow_log2_data.o)
 .ARM.attributes
                0x000000000000086f       0x20 /usr/lib/gcc/arm-none-eabi/12.2.0/thumb/v7e-m+dp/hard/libgcc.a(_aeabi_uldivmod.o)
 .ARM.attributes
                0x000000000000088f       0x32 /usr/lib/gcc/arm-none-eabi/12.2.0/thumb/v7e-m+dp/hard/libgcc.a(_udivmoddi4.o)
 .ARM.attributes
                0x00000000000008c1       0x20 /usr/lib/gcc/arm-none-eabi/12.2.0/thumb/v7e-m+dp/hard/libgcc.a(_dvmd_tls.o)
 .ARM.attributes
                0x00000000000008e1       0x32 /usr/lib/gcc/arm-none-eabi/12.2.0/../../../../arm-none-eabi/lib/thumb/v7e-m+dp/hard/libc_nano.a(lib_a-errno.o)
 .ARM.attributes
                0x0000000000000913       0x20 /usr/lib/gcc/arm-none-eabi/12.2.0/thumb/v7e-m+dp/hard/crtn.o
OUTPUT(build/terminal.elf elf32-littlearm)
LOAD linker stubs
LOAD /usr/lib/gcc/arm-none-eabi/12.2.0/../../../../arm-none-eabi/lib/thumb/v7e-m+dp/hard/libc.a
LOAD /usr/lib/gcc/arm-none-eabi/12.2.0/../../../../arm-none-eabi/lib/thumb/v7e-m+dp/hard/libm.a
LOAD /usr/lib/gcc/arm-none-eabi/12.2.0/thumb/v7e-m+dp/hard/libgcc.a

.debug_info     0x0000000000000000    0x34b6f
 .debug_info    0x0000000000000000     0x2216 build/main.o
 .debug_info    0x0000000000002216     0x3004 build/init.o
 .debug_info    0x000000000000521a     0x1532 build/baro.o
 .debug_info    0x000000000000674c      0x160 build/commands.o
 .debug_info    0x00000000000068ac     0x1b0b build/flash.o
 .debug_info    0x00000000000083b7      0x57d build/ignition.o
 .debug_info    0x0000000000008934      0xedd build/imu.o
 .debug_info    0x0000000000009811      0x3e1 build/led.o
 .debug_info    0x0000000000009bf2      0xc26 build/sensor.o
 .debug_info    0x000000000000a818      0xa18 build/usb.o
 .debug_info    0x000000000000b230      0x16d build/stm32h7xx_it.o
 .debug_info    0x000000000000b39d     0x27b5 build/stm32h7xx_hal_msp.o
 .debug_info    0x000000000000db52      0xeb5 build/system_stm32h7xx.o
 .debug_info    0x000000000000ea07     0x14ed build/stm32h7xx_hal_cortex.o
 .debug_info    0x000000000000fef4     0x13ef build/stm32h7xx_hal_rcc.o
 .debug_info    0x00000000000112e3     0x1c06 build/stm32h7xx_hal_rcc_ex.o
 .debug_info    0x0000000000012ee9      0xee1 build/stm32h7xx_hal_gpio.o
 .debug_info    0x0000000000013dca     0x13f1 build/stm32h7xx_hal_pwr_ex.o
 .debug_info    0x00000000000151bb     0x1910 build/stm32h7xx_hal.o
 .debug_info    0x0000000000016acb     0x447b build/stm32h7xx_hal_i2c.o
 .debug_info    0x000000000001af46      0xfdc build/stm32h7xx_hal_i2c_ex.o
 .debug_info    0x000000000001bf22     0x42de build/stm32h7xx_hal_tim.o
 .debug_info    0x0000000000020200     0x20ee build/stm32h7xx_hal_tim_ex.o
 .debug_info    0x00000000000222ee     0x6865 build/stm32h7xx_hal_uart.o
 .debug_info    0x0000000000028b53     0x13a9 build/stm32h7xx_hal_uart_ex.o
 .debug_info    0x0000000000029efc     0x1e0d build/stm32h7xx_hal_spi.o
 .debug_info    0x000000000002bd09      0x59e build/fatfs.o
 .debug_info    0x000000000002c2a7      0xbbc build/bsp_driver_sd.o
 .debug_info    0x000000000002ce63      0x66e build/sd_diskio.o
 .debug_info    0x000000000002d4d1      0x22c build/fatfs_platform.o
 .debug_info    0x000000000002d6fd     0x1cee build/stm32h7xx_ll_sdmmc.o
 .debug_info    0x000000000002f3eb     0x28e0 build/stm32h7xx_hal_sd.o
 .debug_info    0x0000000000031ccb      0x466 build/ff_gen_drv.o
 .debug_info    0x0000000000032131       0x30 build/startup_stm32h750xx.o
 .debug_info    0x0000000000032161      0x806 /usr/lib/gcc/arm-none-eabi/12.2.0/../../../../arm-none-eabi/lib/thumb/v7e-m+dp/hard/libc_nano.a(lib_a-impure.o)
 .debug_info    0x0000000000032967      0x10b /usr/lib/gcc/arm-none-eabi/12.2.0/../../../../arm-none-eabi/lib/thumb/v7e-m+dp/hard/libc_nano.a(lib_a-init.o)
 .debug_info    0x0000000000032a72      0x121 /usr/lib/gcc/arm-none-eabi/12.2.0/../../../../arm-none-eabi/lib/thumb/v7e-m+dp/hard/libc_nano.a(lib_a-memcpy-stub.o)
 .debug_info    0x0000000000032b93       0xe0 /usr/lib/gcc/arm-none-eabi/12.2.0/../../../../arm-none-eabi/lib/thumb/v7e-m+dp/hard/libc_nano.a(lib_a-memset.o)
 .debug_info    0x0000000000032c73      0xad4 /usr/lib/gcc/arm-none-eabi/12.2.0/../../../../arm-none-eabi/lib/thumb/v7e-m+dp/hard/libm.a(lib_a-sf_pow.o)
 .debug_info    0x0000000000033747      0x32c /usr/lib/gcc/arm-none-eabi/12.2.0/../../../../arm-none-eabi/lib/thumb/v7e-m+dp/hard/libm.a(lib_a-math_errf.o)
 .debug_info    0x0000000000033a73      0x138 /usr/lib/gcc/arm-none-eabi/12.2.0/../../../../arm-none-eabi/lib/thumb/v7e-m+dp/hard/libm.a(lib_a-sf_exp2_data.o)
 .debug_info    0x0000000000033bab      0x10f /usr/lib/gcc/arm-none-eabi/12.2.0/../../../../arm-none-eabi/lib/thumb/v7e-m+dp/hard/libm.a(lib_a-sf_pow_log2_data.o)
 .debug_info    0x0000000000033cba       0x24 /usr/lib/gcc/arm-none-eabi/12.2.0/thumb/v7e-m+dp/hard/libgcc.a(_aeabi_uldivmod.o)
 .debug_info    0x0000000000033cde      0x6fd /usr/lib/gcc/arm-none-eabi/12.2.0/thumb/v7e-m+dp/hard/libgcc.a(_udivmoddi4.o)
 .debug_info    0x00000000000343db       0x39 /usr/lib/gcc/arm-none-eabi/12.2.0/thumb/v7e-m+dp/hard/libgcc.a(_dvmd_tls.o)
 .debug_info    0x0000000000034414      0x75b /usr/lib/gcc/arm-none-eabi/12.2.0/../../../../arm-none-eabi/lib/thumb/v7e-m+dp/hard/libc_nano.a(lib_a-errno.o)

.debug_abbrev   0x0000000000000000     0x5808
 .debug_abbrev  0x0000000000000000      0x286 build/main.o
 .debug_abbrev  0x0000000000000286      0x295 build/init.o
 .debug_abbrev  0x000000000000051b      0x2e5 build/baro.o
 .debug_abbrev  0x0000000000000800       0xc0 build/commands.o
 .debug_abbrev  0x00000000000008c0      0x37e build/flash.o
 .debug_abbrev  0x0000000000000c3e      0x1d7 build/ignition.o
 .debug_abbrev  0x0000000000000e15      0x275 build/imu.o
 .debug_abbrev  0x000000000000108a      0x176 build/led.o
 .debug_abbrev  0x0000000000001200      0x23e build/sensor.o
 .debug_abbrev  0x000000000000143e      0x1ae build/usb.o
 .debug_abbrev  0x00000000000015ec       0x80 build/stm32h7xx_it.o
 .debug_abbrev  0x000000000000166c      0x2b2 build/stm32h7xx_hal_msp.o
 .debug_abbrev  0x000000000000191e      0x12a build/system_stm32h7xx.o
 .debug_abbrev  0x0000000000001a48      0x3e6 build/stm32h7xx_hal_cortex.o
 .debug_abbrev  0x0000000000001e2e      0x29b build/stm32h7xx_hal_rcc.o
 .debug_abbrev  0x00000000000020c9      0x285 build/stm32h7xx_hal_rcc_ex.o
 .debug_abbrev  0x000000000000234e      0x253 build/stm32h7xx_hal_gpio.o
 .debug_abbrev  0x00000000000025a1      0x2ca build/stm32h7xx_hal_pwr_ex.o
 .debug_abbrev  0x000000000000286b      0x2b1 build/stm32h7xx_hal.o
 .debug_abbrev  0x0000000000002b1c      0x2dd build/stm32h7xx_hal_i2c.o
 .debug_abbrev  0x0000000000002df9      0x1c4 build/stm32h7xx_hal_i2c_ex.o
 .debug_abbrev  0x0000000000002fbd      0x2b6 build/stm32h7xx_hal_tim.o
 .debug_abbrev  0x0000000000003273      0x2b0 build/stm32h7xx_hal_tim_ex.o
 .debug_abbrev  0x0000000000003523      0x391 build/stm32h7xx_hal_uart.o
 .debug_abbrev  0x00000000000038b4      0x348 build/stm32h7xx_hal_uart_ex.o
 .debug_abbrev  0x0000000000003bfc      0x302 build/stm32h7xx_hal_spi.o
 .debug_abbrev  0x0000000000003efe      0x170 build/fatfs.o
 .debug_abbrev  0x000000000000406e      0x250 build/bsp_driver_sd.o
 .debug_abbrev  0x00000000000042be      0x1be build/sd_diskio.o
 .debug_abbrev  0x000000000000447c      0x11e build/fatfs_platform.o
 .debug_abbrev  0x000000000000459a      0x254 build/stm32h7xx_ll_sdmmc.o
 .debug_abbrev  0x00000000000047ee      0x2c1 build/stm32h7xx_hal_sd.o
 .debug_abbrev  0x0000000000004aaf      0x1c9 build/ff_gen_drv.o
 .debug_abbrev  0x0000000000004c78       0x1d build/startup_stm32h750xx.o
 .debug_abbrev  0x0000000000004c95      0x15a /usr/lib/gcc/arm-none-eabi/12.2.0/../../../../arm-none-eabi/lib/thumb/v7e-m+dp/hard/libc_nano.a(lib_a-impure.o)
 .debug_abbrev  0x0000000000004def       0xc9 /usr/lib/gcc/arm-none-eabi/12.2.0/../../../../arm-none-eabi/lib/thumb/v7e-m+dp/hard/libc_nano.a(lib_a-init.o)
 .debug_abbrev  0x0000000000004eb8       0xc1 /usr/lib/gcc/arm-none-eabi/12.2.0/../../../../arm-none-eabi/lib/thumb/v7e-m+dp/hard/libc_nano.a(lib_a-memcpy-stub.o)
 .debug_abbrev  0x0000000000004f79       0x9e /usr/lib/gcc/arm-none-eabi/12.2.0/../../../../arm-none-eabi/lib/thumb/v7e-m+dp/hard/libc_nano.a(lib_a-memset.o)
 .debug_abbrev  0x0000000000005017      0x275 /usr/lib/gcc/arm-none-eabi/12.2.0/../../../../arm-none-eabi/lib/thumb/v7e-m+dp/hard/libm.a(lib_a-sf_pow.o)
 .debug_abbrev  0x000000000000528c      0x125 /usr/lib/gcc/arm-none-eabi/12.2.0/../../../../arm-none-eabi/lib/thumb/v7e-m+dp/hard/libm.a(lib_a-math_errf.o)
 .debug_abbrev  0x00000000000053b1       0xa5 /usr/lib/gcc/arm-none-eabi/12.2.0/../../../../arm-none-eabi/lib/thumb/v7e-m+dp/hard/libm.a(lib_a-sf_exp2_data.o)
 .debug_abbrev  0x0000000000005456       0xb7 /usr/lib/gcc/arm-none-eabi/12.2.0/../../../../arm-none-eabi/lib/thumb/v7e-m+dp/hard/libm.a(lib_a-sf_pow_log2_data.o)
 .debug_abbrev  0x000000000000550d       0x14 /usr/lib/gcc/arm-none-eabi/12.2.0/thumb/v7e-m+dp/hard/libgcc.a(_aeabi_uldivmod.o)
 .debug_abbrev  0x0000000000005521      0x16a /usr/lib/gcc/arm-none-eabi/12.2.0/thumb/v7e-m+dp/hard/libgcc.a(_udivmoddi4.o)
 .debug_abbrev  0x000000000000568b       0x1f /usr/lib/gcc/arm-none-eabi/12.2.0/thumb/v7e-m+dp/hard/libgcc.a(_dvmd_tls.o)
 .debug_abbrev  0x00000000000056aa      0x15e /usr/lib/gcc/arm-none-eabi/12.2.0/../../../../arm-none-eabi/lib/thumb/v7e-m+dp/hard/libc_nano.a(lib_a-errno.o)

.debug_loc      0x0000000000000000    0x2317c
 .debug_loc     0x0000000000000000      0x13c build/main.o
 .debug_loc     0x000000000000013c      0x18b build/init.o
 .debug_loc     0x00000000000002c7      0x8fb build/baro.o
 .debug_loc     0x0000000000000bc2       0x38 build/commands.o
 .debug_loc     0x0000000000000bfa      0xa4c build/flash.o
 .debug_loc     0x0000000000001646      0x23f build/ignition.o
 .debug_loc     0x0000000000001885      0x5bb build/imu.o
 .debug_loc     0x0000000000001e40       0xa5 build/led.o
 .debug_loc     0x0000000000001ee5      0x7f2 build/sensor.o
 .debug_loc     0x00000000000026d7      0x189 build/usb.o
 .debug_loc     0x0000000000002860       0x20 build/stm32h7xx_it.o
 .debug_loc     0x0000000000002880      0x498 build/stm32h7xx_hal_msp.o
 .debug_loc     0x0000000000002d18      0x1f2 build/system_stm32h7xx.o
 .debug_loc     0x0000000000002f0a      0x7b9 build/stm32h7xx_hal_cortex.o
 .debug_loc     0x00000000000036c3      0xab5 build/stm32h7xx_hal_rcc.o
 .debug_loc     0x0000000000004178     0x1c6e build/stm32h7xx_hal_rcc_ex.o
 .debug_loc     0x0000000000005de6      0x482 build/stm32h7xx_hal_gpio.o
 .debug_loc     0x0000000000006268      0x65b build/stm32h7xx_hal_pwr_ex.o
 .debug_loc     0x00000000000068c3      0x533 build/stm32h7xx_hal.o
 .debug_loc     0x0000000000006df6     0x5325 build/stm32h7xx_hal_i2c.o
 .debug_loc     0x000000000000c11b      0x237 build/stm32h7xx_hal_i2c_ex.o
 .debug_loc     0x000000000000c352     0x5fe1 build/stm32h7xx_hal_tim.o
 .debug_loc     0x0000000000012333     0x2940 build/stm32h7xx_hal_tim_ex.o
 .debug_loc     0x0000000000014c73     0x6410 build/stm32h7xx_hal_uart.o
 .debug_loc     0x000000000001b083      0xdf9 build/stm32h7xx_hal_uart_ex.o
 .debug_loc     0x000000000001be7c     0x224c build/stm32h7xx_hal_spi.o
 .debug_loc     0x000000000001e0c8       0x20 build/fatfs.o
 .debug_loc     0x000000000001e0e8      0x66b build/bsp_driver_sd.o
 .debug_loc     0x000000000001e753      0x4d1 build/sd_diskio.o
 .debug_loc     0x000000000001ec24       0x51 build/fatfs_platform.o
 .debug_loc     0x000000000001ec75     0x193a build/stm32h7xx_ll_sdmmc.o
 .debug_loc     0x00000000000205af     0x288d build/stm32h7xx_hal_sd.o
 .debug_loc     0x0000000000022e3c      0x340 build/ff_gen_drv.o

.debug_aranges  0x0000000000000000     0x1cb0
 .debug_aranges
                0x0000000000000000       0x28 build/main.o
 .debug_aranges
                0x0000000000000028       0x60 build/init.o
 .debug_aranges
                0x0000000000000088       0x80 build/baro.o
 .debug_aranges
                0x0000000000000108       0x20 build/commands.o
 .debug_aranges
                0x0000000000000128       0x88 build/flash.o
 .debug_aranges
                0x00000000000001b0       0x50 build/ignition.o
 .debug_aranges
                0x0000000000000200       0x58 build/imu.o
 .debug_aranges
                0x0000000000000258       0x38 build/led.o
 .debug_aranges
                0x0000000000000290       0x48 build/sensor.o
 .debug_aranges
                0x00000000000002d8       0x28 build/usb.o
 .debug_aranges
                0x0000000000000300       0x60 build/stm32h7xx_it.o
 .debug_aranges
                0x0000000000000360       0x78 build/stm32h7xx_hal_msp.o
 .debug_aranges
                0x00000000000003d8       0x28 build/system_stm32h7xx.o
 .debug_aranges
                0x0000000000000400       0xe8 build/stm32h7xx_hal_cortex.o
 .debug_aranges
                0x00000000000004e8       0x88 build/stm32h7xx_hal_rcc.o
 .debug_aranges
                0x0000000000000570       0xf8 build/stm32h7xx_hal_rcc_ex.o
 .debug_aranges
                0x0000000000000668       0x58 build/stm32h7xx_hal_gpio.o
 .debug_aranges
                0x00000000000006c0      0x158 build/stm32h7xx_hal_pwr_ex.o
 .debug_aranges
                0x0000000000000818      0x198 build/stm32h7xx_hal.o
 .debug_aranges
                0x00000000000009b0      0x290 build/stm32h7xx_hal_i2c.o
 .debug_aranges
                0x0000000000000c40       0x48 build/stm32h7xx_hal_i2c_ex.o
 .debug_aranges
                0x0000000000000c88      0x3e0 build/stm32h7xx_hal_tim.o
 .debug_aranges
                0x0000000000001068      0x188 build/stm32h7xx_hal_tim_ex.o
 .debug_aranges
                0x00000000000011f0      0x248 build/stm32h7xx_hal_uart.o
 .debug_aranges
                0x0000000000001438       0xa0 build/stm32h7xx_hal_uart_ex.o
 .debug_aranges
                0x00000000000014d8      0x1a0 build/stm32h7xx_hal_spi.o
 .debug_aranges
                0x0000000000001678       0x28 build/fatfs.o
 .debug_aranges
                0x00000000000016a0       0x98 build/bsp_driver_sd.o
 .debug_aranges
                0x0000000000001738       0x48 build/sd_diskio.o
 .debug_aranges
                0x0000000000001780       0x20 build/fatfs_platform.o
 .debug_aranges
                0x00000000000017a0      0x1a0 build/stm32h7xx_ll_sdmmc.o
 .debug_aranges
                0x0000000000001940      0x170 build/stm32h7xx_hal_sd.o
 .debug_aranges
                0x0000000000001ab0       0x40 build/ff_gen_drv.o
 .debug_aranges
                0x0000000000001af0       0x28 build/startup_stm32h750xx.o
 .debug_aranges
                0x0000000000001b18       0x18 /usr/lib/gcc/arm-none-eabi/12.2.0/../../../../arm-none-eabi/lib/thumb/v7e-m+dp/hard/libc_nano.a(lib_a-impure.o)
 .debug_aranges
                0x0000000000001b30       0x20 /usr/lib/gcc/arm-none-eabi/12.2.0/../../../../arm-none-eabi/lib/thumb/v7e-m+dp/hard/libc_nano.a(lib_a-init.o)
 .debug_aranges
                0x0000000000001b50       0x20 /usr/lib/gcc/arm-none-eabi/12.2.0/../../../../arm-none-eabi/lib/thumb/v7e-m+dp/hard/libc_nano.a(lib_a-memcpy-stub.o)
 .debug_aranges
                0x0000000000001b70       0x20 /usr/lib/gcc/arm-none-eabi/12.2.0/../../../../arm-none-eabi/lib/thumb/v7e-m+dp/hard/libc_nano.a(lib_a-memset.o)
 .debug_aranges
                0x0000000000001b90       0x20 /usr/lib/gcc/arm-none-eabi/12.2.0/../../../../arm-none-eabi/lib/thumb/v7e-m+dp/hard/libm.a(lib_a-sf_pow.o)
 .debug_aranges
                0x0000000000001bb0       0x50 /usr/lib/gcc/arm-none-eabi/12.2.0/../../../../arm-none-eabi/lib/thumb/v7e-m+dp/hard/libm.a(lib_a-math_errf.o)
 .debug_aranges
                0x0000000000001c00       0x18 /usr/lib/gcc/arm-none-eabi/12.2.0/../../../../arm-none-eabi/lib/thumb/v7e-m+dp/hard/libm.a(lib_a-sf_exp2_data.o)
 .debug_aranges
                0x0000000000001c18       0x18 /usr/lib/gcc/arm-none-eabi/12.2.0/../../../../arm-none-eabi/lib/thumb/v7e-m+dp/hard/libm.a(lib_a-sf_pow_log2_data.o)
 .debug_aranges
                0x0000000000001c30       0x20 /usr/lib/gcc/arm-none-eabi/12.2.0/thumb/v7e-m+dp/hard/libgcc.a(_aeabi_uldivmod.o)
 .debug_aranges
                0x0000000000001c50       0x20 /usr/lib/gcc/arm-none-eabi/12.2.0/thumb/v7e-m+dp/hard/libgcc.a(_udivmoddi4.o)
 .debug_aranges
                0x0000000000001c70       0x20 /usr/lib/gcc/arm-none-eabi/12.2.0/thumb/v7e-m+dp/hard/libgcc.a(_dvmd_tls.o)
 .debug_aranges
                0x0000000000001c90       0x20 /usr/lib/gcc/arm-none-eabi/12.2.0/../../../../arm-none-eabi/lib/thumb/v7e-m+dp/hard/libc_nano.a(lib_a-errno.o)

.debug_ranges   0x0000000000000000     0x1a28
 .debug_ranges  0x0000000000000000       0x18 build/main.o
 .debug_ranges  0x0000000000000018       0x50 build/init.o
 .debug_ranges  0x0000000000000068       0x70 build/baro.o
 .debug_ranges  0x00000000000000d8       0x10 build/commands.o
 .debug_ranges  0x00000000000000e8       0xb0 build/flash.o
 .debug_ranges  0x0000000000000198       0x40 build/ignition.o
 .debug_ranges  0x00000000000001d8       0x48 build/imu.o
 .debug_ranges  0x0000000000000220       0x28 build/led.o
 .debug_ranges  0x0000000000000248       0x58 build/sensor.o
 .debug_ranges  0x00000000000002a0       0x18 build/usb.o
 .debug_ranges  0x00000000000002b8       0x50 build/stm32h7xx_it.o
 .debug_ranges  0x0000000000000308       0x68 build/stm32h7xx_hal_msp.o
 .debug_ranges  0x0000000000000370       0x18 build/system_stm32h7xx.o
 .debug_ranges  0x0000000000000388       0xd8 build/stm32h7xx_hal_cortex.o
 .debug_ranges  0x0000000000000460       0xe8 build/stm32h7xx_hal_rcc.o
 .debug_ranges  0x0000000000000548       0xe8 build/stm32h7xx_hal_rcc_ex.o
 .debug_ranges  0x0000000000000630       0x48 build/stm32h7xx_hal_gpio.o
 .debug_ranges  0x0000000000000678      0x1a8 build/stm32h7xx_hal_pwr_ex.o
 .debug_ranges  0x0000000000000820      0x188 build/stm32h7xx_hal.o
 .debug_ranges  0x00000000000009a8      0x280 build/stm32h7xx_hal_i2c.o
 .debug_ranges  0x0000000000000c28       0x38 build/stm32h7xx_hal_i2c_ex.o
 .debug_ranges  0x0000000000000c60      0x3d0 build/stm32h7xx_hal_tim.o
 .debug_ranges  0x0000000000001030      0x178 build/stm32h7xx_hal_tim_ex.o
 .debug_ranges  0x00000000000011a8      0x238 build/stm32h7xx_hal_uart.o
 .debug_ranges  0x00000000000013e0       0x90 build/stm32h7xx_hal_uart_ex.o
 .debug_ranges  0x0000000000001470      0x190 build/stm32h7xx_hal_spi.o
 .debug_ranges  0x0000000000001600       0x18 build/fatfs.o
 .debug_ranges  0x0000000000001618       0x88 build/bsp_driver_sd.o
 .debug_ranges  0x00000000000016a0       0x38 build/sd_diskio.o
 .debug_ranges  0x00000000000016d8       0x10 build/fatfs_platform.o
 .debug_ranges  0x00000000000016e8      0x190 build/stm32h7xx_ll_sdmmc.o
 .debug_ranges  0x0000000000001878      0x160 build/stm32h7xx_hal_sd.o
 .debug_ranges  0x00000000000019d8       0x30 build/ff_gen_drv.o
 .debug_ranges  0x0000000000001a08       0x20 build/startup_stm32h750xx.o

.debug_line     0x0000000000000000    0x244b9
 .debug_line    0x0000000000000000      0x513 build/main.o
 .debug_line    0x0000000000000513      0x96e build/init.o
 .debug_line    0x0000000000000e81      0x7bf build/baro.o
 .debug_line    0x0000000000001640      0x111 build/commands.o
 .debug_line    0x0000000000001751      0x9f8 build/flash.o
 .debug_line    0x0000000000002149      0x306 build/ignition.o
 .debug_line    0x000000000000244f      0x414 build/imu.o
 .debug_line    0x0000000000002863      0x1c4 build/led.o
 .debug_line    0x0000000000002a27      0x666 build/sensor.o
 .debug_line    0x000000000000308d      0x211 build/usb.o
 .debug_line    0x000000000000329e      0x190 build/stm32h7xx_it.o
 .debug_line    0x000000000000342e      0x688 build/stm32h7xx_hal_msp.o
 .debug_line    0x0000000000003ab6      0x3eb build/system_stm32h7xx.o
 .debug_line    0x0000000000003ea1      0x80b build/stm32h7xx_hal_cortex.o
 .debug_line    0x00000000000046ac     0x11a6 build/stm32h7xx_hal_rcc.o
 .debug_line    0x0000000000005852     0x1d2f build/stm32h7xx_hal_rcc_ex.o
 .debug_line    0x0000000000007581      0x696 build/stm32h7xx_hal_gpio.o
 .debug_line    0x0000000000007c17      0xa4f build/stm32h7xx_hal_pwr_ex.o
 .debug_line    0x0000000000008666      0x89a build/stm32h7xx_hal.o
 .debug_line    0x0000000000008f00     0x4d3f build/stm32h7xx_hal_i2c.o
 .debug_line    0x000000000000dc3f      0x4bc build/stm32h7xx_hal_i2c_ex.o
 .debug_line    0x000000000000e0fb     0x4d1b build/stm32h7xx_hal_tim.o
 .debug_line    0x0000000000012e16     0x1f5a build/stm32h7xx_hal_tim_ex.o
 .debug_line    0x0000000000014d70     0x65b2 build/stm32h7xx_hal_uart.o
 .debug_line    0x000000000001b322      0xcb3 build/stm32h7xx_hal_uart_ex.o
 .debug_line    0x000000000001bfd5     0x27f5 build/stm32h7xx_hal_spi.o
 .debug_line    0x000000000001e7ca      0x16c build/fatfs.o
 .debug_line    0x000000000001e936      0x3bf build/bsp_driver_sd.o
 .debug_line    0x000000000001ecf5      0x2f9 build/sd_diskio.o
 .debug_line    0x000000000001efee      0x16a build/fatfs_platform.o
 .debug_line    0x000000000001f158     0x117d build/stm32h7xx_ll_sdmmc.o
 .debug_line    0x00000000000202d5     0x28f5 build/stm32h7xx_hal_sd.o
 .debug_line    0x0000000000022bca      0x231 build/ff_gen_drv.o
 .debug_line    0x0000000000022dfb       0x76 build/startup_stm32h750xx.o
 .debug_line    0x0000000000022e71      0x10e /usr/lib/gcc/arm-none-eabi/12.2.0/../../../../arm-none-eabi/lib/thumb/v7e-m+dp/hard/libc_nano.a(lib_a-impure.o)
 .debug_line    0x0000000000022f7f      0x13b /usr/lib/gcc/arm-none-eabi/12.2.0/../../../../arm-none-eabi/lib/thumb/v7e-m+dp/hard/libc_nano.a(lib_a-init.o)
 .debug_line    0x00000000000230ba      0x147 /usr/lib/gcc/arm-none-eabi/12.2.0/../../../../arm-none-eabi/lib/thumb/v7e-m+dp/hard/libc_nano.a(lib_a-memcpy-stub.o)
 .debug_line    0x0000000000023201      0x129 /usr/lib/gcc/arm-none-eabi/12.2.0/../../../../arm-none-eabi/lib/thumb/v7e-m+dp/hard/libc_nano.a(lib_a-memset.o)
 .debug_line    0x000000000002332a      0x65b /usr/lib/gcc/arm-none-eabi/12.2.0/../../../../arm-none-eabi/lib/thumb/v7e-m+dp/hard/libm.a(lib_a-sf_pow.o)
 .debug_line    0x0000000000023985      0x244 /usr/lib/gcc/arm-none-eabi/12.2.0/../../../../arm-none-eabi/lib/thumb/v7e-m+dp/hard/libm.a(lib_a-math_errf.o)
 .debug_line    0x0000000000023bc9      0x142 /usr/lib/gcc/arm-none-eabi/12.2.0/../../../../arm-none-eabi/lib/thumb/v7e-m+dp/hard/libm.a(lib_a-sf_exp2_data.o)
 .debug_line    0x0000000000023d0b       0x85 /usr/lib/gcc/arm-none-eabi/12.2.0/../../../../arm-none-eabi/lib/thumb/v7e-m+dp/hard/libm.a(lib_a-sf_pow_log2_data.o)
 .debug_line    0x0000000000023d90       0x4e /usr/lib/gcc/arm-none-eabi/12.2.0/thumb/v7e-m+dp/hard/libgcc.a(_aeabi_uldivmod.o)
 .debug_line    0x0000000000023dde      0x561 /usr/lib/gcc/arm-none-eabi/12.2.0/thumb/v7e-m+dp/hard/libgcc.a(_udivmoddi4.o)
 .debug_line    0x000000000002433f       0x4a /usr/lib/gcc/arm-none-eabi/12.2.0/thumb/v7e-m+dp/hard/libgcc.a(_dvmd_tls.o)
 .debug_line    0x0000000000024389      0x130 /usr/lib/gcc/arm-none-eabi/12.2.0/../../../../arm-none-eabi/lib/thumb/v7e-m+dp/hard/libc_nano.a(lib_a-errno.o)

.debug_str      0x0000000000000000     0xa8bf
 .debug_str     0x0000000000000000     0x1a61 build/main.o
                                       0x1ccb (size before relaxing)
 .debug_str     0x0000000000001a61      0xaed build/init.o
                                       0x1d73 (size before relaxing)
 .debug_str     0x000000000000254e      0x2ff build/baro.o
                                        0xf58 (size before relaxing)
 .debug_str     0x000000000000284d       0x2a build/commands.o
                                        0x214 (size before relaxing)
 .debug_str     0x0000000000002877      0x228 build/flash.o
                                        0xde4 (size before relaxing)
 .debug_str     0x0000000000002a9f       0xe0 build/ignition.o
                                        0x43d (size before relaxing)
 .debug_str     0x0000000000002b7f      0x24e build/imu.o
                                        0xa42 (size before relaxing)
 .debug_str     0x0000000000002dcd       0x31 build/led.o
                                        0x2bc (size before relaxing)
 .debug_str     0x0000000000002dfe      0x30d build/sensor.o
                                        0x860 (size before relaxing)
 .debug_str     0x000000000000310b       0x6c build/usb.o
                                        0x815 (size before relaxing)
 .debug_str     0x0000000000003177       0xc4 build/stm32h7xx_it.o
                                        0x248 (size before relaxing)
 .debug_str     0x000000000000323b      0x11c build/stm32h7xx_hal_msp.o
                                       0x18d8 (size before relaxing)
 .debug_str     0x0000000000003357      0x351 build/system_stm32h7xx.o
                                        0x738 (size before relaxing)
 .debug_str     0x00000000000036a8      0xccf build/stm32h7xx_hal_cortex.o
                                       0x105d (size before relaxing)
 .debug_str     0x0000000000004377      0x1ef build/stm32h7xx_hal_rcc.o
                                        0xa20 (size before relaxing)
 .debug_str     0x0000000000004566      0x678 build/stm32h7xx_hal_rcc_ex.o
                                        0xf02 (size before relaxing)
 .debug_str     0x0000000000004bde       0xe5 build/stm32h7xx_hal_gpio.o
                                        0x6da (size before relaxing)
 .debug_str     0x0000000000004cc3      0x557 build/stm32h7xx_hal_pwr_ex.o
                                        0xa4f (size before relaxing)
 .debug_str     0x000000000000521a      0x5d1 build/stm32h7xx_hal.o
                                       0x14cf (size before relaxing)
 .debug_str     0x00000000000057eb      0x8db build/stm32h7xx_hal_i2c.o
                                       0x1150 (size before relaxing)
 .debug_str     0x00000000000060c6       0xc2 build/stm32h7xx_hal_i2c_ex.o
                                        0xb45 (size before relaxing)
 .debug_str     0x0000000000006188      0xe49 build/stm32h7xx_hal_tim.o
                                       0x185f (size before relaxing)
 .debug_str     0x0000000000006fd1      0x5f5 build/stm32h7xx_hal_tim_ex.o
                                       0x1197 (size before relaxing)
 .debug_str     0x00000000000075c6      0x89c build/stm32h7xx_hal_uart.o
                                       0x1491 (size before relaxing)
 .debug_str     0x0000000000007e62      0x232 build/stm32h7xx_hal_uart_ex.o
                                        0xb6b (size before relaxing)
 .debug_str     0x0000000000008094      0x4bf build/stm32h7xx_hal_spi.o
                                        0xdb7 (size before relaxing)
 .debug_str     0x0000000000008553      0x1c5 build/fatfs.o
                                        0x398 (size before relaxing)
 .debug_str     0x0000000000008718      0x27e build/bsp_driver_sd.o
                                        0x746 (size before relaxing)
 .debug_str     0x0000000000008996       0x73 build/sd_diskio.o
                                        0x3aa (size before relaxing)
 .debug_str     0x0000000000008a09       0x2b build/fatfs_platform.o
                                        0x274 (size before relaxing)
 .debug_str     0x0000000000008a34      0x512 build/stm32h7xx_ll_sdmmc.o
                                        0x885 (size before relaxing)
 .debug_str     0x0000000000008f46      0x6a2 build/stm32h7xx_hal_sd.o
                                       0x1001 (size before relaxing)
 .debug_str     0x00000000000095e8       0xc4 build/ff_gen_drv.o
                                        0x31e (size before relaxing)
 .debug_str     0x00000000000096ac       0x30 build/startup_stm32h750xx.o
                                         0x80 (size before relaxing)
 .debug_str     0x00000000000096dc      0x48d /usr/lib/gcc/arm-none-eabi/12.2.0/../../../../arm-none-eabi/lib/thumb/v7e-m+dp/hard/libc_nano.a(lib_a-impure.o)
                                        0x583 (size before relaxing)
 .debug_str     0x0000000000009b69      0x104 /usr/lib/gcc/arm-none-eabi/12.2.0/../../../../arm-none-eabi/lib/thumb/v7e-m+dp/hard/libc_nano.a(lib_a-init.o)
                                        0x233 (size before relaxing)
 .debug_str     0x0000000000009c6d       0xd0 /usr/lib/gcc/arm-none-eabi/12.2.0/../../../../arm-none-eabi/lib/thumb/v7e-m+dp/hard/libc_nano.a(lib_a-memcpy-stub.o)
                                        0x1fa (size before relaxing)
 .debug_str     0x0000000000009d3d       0xaa /usr/lib/gcc/arm-none-eabi/12.2.0/../../../../arm-none-eabi/lib/thumb/v7e-m+dp/hard/libc_nano.a(lib_a-memset.o)
                                        0x1d4 (size before relaxing)
 .debug_str     0x0000000000009de7      0x287 /usr/lib/gcc/arm-none-eabi/12.2.0/../../../../arm-none-eabi/lib/thumb/v7e-m+dp/hard/libm.a(lib_a-sf_pow.o)
                                        0x38f (size before relaxing)
 .debug_str     0x000000000000a06e       0x68 /usr/lib/gcc/arm-none-eabi/12.2.0/../../../../arm-none-eabi/lib/thumb/v7e-m+dp/hard/libm.a(lib_a-math_errf.o)
                                        0x267 (size before relaxing)
 .debug_str     0x000000000000a0d6       0x50 /usr/lib/gcc/arm-none-eabi/12.2.0/../../../../arm-none-eabi/lib/thumb/v7e-m+dp/hard/libm.a(lib_a-sf_exp2_data.o)
                                        0x246 (size before relaxing)
 .debug_str     0x000000000000a126       0x54 /usr/lib/gcc/arm-none-eabi/12.2.0/../../../../arm-none-eabi/lib/thumb/v7e-m+dp/hard/libm.a(lib_a-sf_pow_log2_data.o)
                                        0x21b (size before relaxing)
 .debug_str     0x000000000000a17a       0x92 /usr/lib/gcc/arm-none-eabi/12.2.0/thumb/v7e-m+dp/hard/libgcc.a(_aeabi_uldivmod.o)
                                         0x9e (size before relaxing)
 .debug_str     0x000000000000a20c      0x5aa /usr/lib/gcc/arm-none-eabi/12.2.0/thumb/v7e-m+dp/hard/libgcc.a(_udivmoddi4.o)
                                        0x6aa (size before relaxing)
 .debug_str     0x000000000000a7b6       0x62 /usr/lib/gcc/arm-none-eabi/12.2.0/thumb/v7e-m+dp/hard/libgcc.a(_dvmd_tls.o)
                                         0xbe (size before relaxing)
 .debug_str     0x000000000000a818       0xa7 /usr/lib/gcc/arm-none-eabi/12.2.0/../../../../arm-none-eabi/lib/thumb/v7e-m+dp/hard/libc_nano.a(lib_a-errno.o)
                                        0x52c (size before relaxing)

.comment        0x0000000000000000       0x3c
 .comment       0x0000000000000000       0x1e build/main.o
                                         0x1f (size before relaxing)
 .comment       0x000000000000001e       0x1f build/init.o
 .comment       0x000000000000001e       0x1f build/baro.o
 .comment       0x000000000000001e       0x1f build/commands.o
 .comment       0x000000000000001e       0x1f build/flash.o